  console.log
    [dotenv@17.2.2] injecting env (18) from .env -- tip: ≡ƒöÉ prevent building .env in docker: https://dotenvx.com/prebuild

      at _log (node_modules/dotenv/lib/main.js:139:11)

  console.log
    [dotenv@17.2.2] injecting env (18) from .env -- tip: ΓÜÖ∩╕Å  enable debug logging with { debug: true }

      at _log (node_modules/dotenv/lib/main.js:139:11)

  console.log
    [dotenv@17.2.2] injecting env (18) from .env -- tip: ≡ƒôí auto-backup env with Radar: https://dotenvx.com/radar

      at _log (node_modules/dotenv/lib/main.js:139:11)

  console.log
    [dotenv@17.2.2] injecting env (18) from .env -- tip: ΓÜÖ∩╕Å  load multiple .env files with { path: ['.env.local', '.env'] }

      at _log (node_modules/dotenv/lib/main.js:139:11)

  console.log
    [dotenv@17.2.2] injecting env (0) from .env -- tip: ≡ƒ¢á∩╕Å  run anywhere with `dotenvx run -- yourcommand`

      at _log (node_modules/dotenv/lib/main.js:139:11)

  console.log
    [dotenv@17.2.2] injecting env (0) from .env -- tip: ≡ƒôí observe env with Radar: https://dotenvx.com/radar

      at _log (node_modules/dotenv/lib/main.js:139:11)

  console.log
    [dotenv@17.2.2] injecting env (0) from .env -- tip: ≡ƒôí observe env with Radar: https://dotenvx.com/radar

      at _log (node_modules/dotenv/lib/main.js:139:11)

  console.log
    [dotenv@17.2.2] injecting env (0) from .env -- tip: ≡ƒöÉ encrypt with Dotenvx: https://dotenvx.com

      at _log (node_modules/dotenv/lib/main.js:139:11)

  console.log
    Γ£à Connected to MongoDB Atlas test database

      at log (tests/testUtils/dbHandler.js:26:11)

  console.log
    Γ£à Connected to MongoDB Atlas test database

      at log (tests/testUtils/dbHandler.js:26:11)

  console.log
    Γ£à Connected to MongoDB Atlas test database

      at log (tests/testUtils/dbHandler.js:26:11)

  console.log
    Γ£à Connected to MongoDB Atlas test database

      at log (tests/testUtils/dbHandler.js:26:11)

  console.error
    Admin password change error: DocumentNotFoundError: No document found for query "{ _id: new ObjectId('6915a493daf029d3c90f8e48') }" on model "Admin"
        at C:\Users\asus\Documents\EasyApp\Backend\node_modules\mongoose\lib\model.js:545:17
        at C:\Users\asus\Documents\EasyApp\Backend\node_modules\mongoose\lib\model.js:450:9
        at processTicksAndRejections (node:internal/process/task_queues:95:5) {
      result: {
        acknowledged: true,
        modifiedCount: 0,
        upsertedId: null,
        upsertedCount: 0,
        matchedCount: 0,
        '$where': { _id: new ObjectId('6915a493daf029d3c90f8e48') }
      },
      numAffected: 0,
      filter: { _id: new ObjectId('6915a493daf029d3c90f8e48') },
      query: { _id: new ObjectId('6915a493daf029d3c90f8e48') }
    }

    [0m [90m 37 |[39m   [90m// Only log if it's NOT an expected error[39m
     [90m 38 |[39m   [36mif[39m ([33m![39misExpectedError) {
    [31m[1m>[22m[39m[90m 39 |[39m     originalError[33m.[39mapply(console[33m,[39m args)[33m;[39m
     [90m    |[39m                   [31m[1m^[22m[39m
     [90m 40 |[39m   }
     [90m 41 |[39m }[33m;[39m
     [90m 42 |[39m[0m

      at console.apply (tests/setup.js:39:19)
      at error (routes/admin.js:221:13)

  console.error
    JWT verification failed: jwt malformed

    [0m [90m 37 |[39m   [90m// Only log if it's NOT an expected error[39m
     [90m 38 |[39m   [36mif[39m ([33m![39misExpectedError) {
    [31m[1m>[22m[39m[90m 39 |[39m     originalError[33m.[39mapply(console[33m,[39m args)[33m;[39m
     [90m    |[39m                   [31m[1m^[22m[39m
     [90m 40 |[39m   }
     [90m 41 |[39m }[33m;[39m
     [90m 42 |[39m[0m

      at console.apply (tests/setup.js:39:19)
      at error (routes/admin.js:250:17)
      at Layer.handle [as handle_request] (node_modules/express/lib/router/layer.js:95:5)
      at next (node_modules/express/lib/router/route.js:149:13)
      at Route.dispatch (node_modules/express/lib/router/route.js:119:3)
      at Layer.handle [as handle_request] (node_modules/express/lib/router/layer.js:95:5)
      at node_modules/express/lib/router/index.js:284:15
      at Function.process_params (node_modules/express/lib/router/index.js:346:12)
      at next (node_modules/express/lib/router/index.js:280:10)
      at next (routes/admin.js:78:3)
      at Layer.handle [as handle_request] (node_modules/express/lib/router/layer.js:95:5)
      at trim_prefix (node_modules/express/lib/router/index.js:328:13)
      at node_modules/express/lib/router/index.js:286:9
      at Function.process_params (node_modules/express/lib/router/index.js:346:12)
      at next (node_modules/express/lib/router/index.js:280:10)
      at node_modules/express-rate-limit/dist/index.cjs:807:7
      at node_modules/express-rate-limit/dist/index.cjs:691:5

  console.error
    JWT verification failed: jwt expired

    [0m [90m 37 |[39m   [90m// Only log if it's NOT an expected error[39m
     [90m 38 |[39m   [36mif[39m ([33m![39misExpectedError) {
    [31m[1m>[22m[39m[90m 39 |[39m     originalError[33m.[39mapply(console[33m,[39m args)[33m;[39m
     [90m    |[39m                   [31m[1m^[22m[39m
     [90m 40 |[39m   }
     [90m 41 |[39m }[33m;[39m
     [90m 42 |[39m[0m

      at console.apply (tests/setup.js:39:19)
      at error (routes/admin.js:250:17)
      at Layer.handle [as handle_request] (node_modules/express/lib/router/layer.js:95:5)
      at next (node_modules/express/lib/router/route.js:149:13)
      at Route.dispatch (node_modules/express/lib/router/route.js:119:3)
      at Layer.handle [as handle_request] (node_modules/express/lib/router/layer.js:95:5)
      at node_modules/express/lib/router/index.js:284:15
      at Function.process_params (node_modules/express/lib/router/index.js:346:12)
      at next (node_modules/express/lib/router/index.js:280:10)
      at next (routes/admin.js:78:3)
      at Layer.handle [as handle_request] (node_modules/express/lib/router/layer.js:95:5)
      at trim_prefix (node_modules/express/lib/router/index.js:328:13)
      at node_modules/express/lib/router/index.js:286:9
      at Function.process_params (node_modules/express/lib/router/index.js:346:12)
      at next (node_modules/express/lib/router/index.js:280:10)
      at node_modules/express-rate-limit/dist/index.cjs:807:7
      at node_modules/express-rate-limit/dist/index.cjs:691:5

  console.error
    JWT verification failed: jwt malformed

    [0m [90m 37 |[39m   [90m// Only log if it's NOT an expected error[39m
     [90m 38 |[39m   [36mif[39m ([33m![39misExpectedError) {
    [31m[1m>[22m[39m[90m 39 |[39m     originalError[33m.[39mapply(console[33m,[39m args)[33m;[39m
     [90m    |[39m                   [31m[1m^[22m[39m
     [90m 40 |[39m   }
     [90m 41 |[39m }[33m;[39m
     [90m 42 |[39m[0m

      at console.apply (tests/setup.js:39:19)
      at error (routes/admin.js:250:17)
      at Layer.handle [as handle_request] (node_modules/express/lib/router/layer.js:95:5)
      at next (node_modules/express/lib/router/route.js:149:13)
      at Route.dispatch (node_modules/express/lib/router/route.js:119:3)
      at Layer.handle [as handle_request] (node_modules/express/lib/router/layer.js:95:5)
      at node_modules/express/lib/router/index.js:284:15
      at Function.process_params (node_modules/express/lib/router/index.js:346:12)
      at next (node_modules/express/lib/router/index.js:280:10)
      at next (routes/admin.js:78:3)
      at Layer.handle [as handle_request] (node_modules/express/lib/router/layer.js:95:5)
      at trim_prefix (node_modules/express/lib/router/index.js:328:13)
      at node_modules/express/lib/router/index.js:286:9
      at Function.process_params (node_modules/express/lib/router/index.js:346:12)
      at next (node_modules/express/lib/router/index.js:280:10)
      at node_modules/express-rate-limit/dist/index.cjs:807:7
      at node_modules/express-rate-limit/dist/index.cjs:691:5

  console.error
    seller review response error DocumentNotFoundError: No document found for query "{ _id: new ObjectId('6915a4a1ffac9283ced64263') }" on model "Review"
        at C:\Users\asus\Documents\EasyApp\Backend\node_modules\mongoose\lib\model.js:545:17
        at C:\Users\asus\Documents\EasyApp\Backend\node_modules\mongoose\lib\model.js:450:9
        at processTicksAndRejections (node:internal/process/task_queues:95:5) {
      result: {
        acknowledged: true,
        modifiedCount: 0,
        upsertedId: null,
        upsertedCount: 0,
        matchedCount: 0,
        '$where': { _id: new ObjectId('6915a4a1ffac9283ced64263') }
      },
      numAffected: 0,
      filter: { _id: new ObjectId('6915a4a1ffac9283ced64263') },
      query: { _id: new ObjectId('6915a4a1ffac9283ced64263') }
    }

    [0m [90m 37 |[39m   [90m// Only log if it's NOT an expected error[39m
     [90m 38 |[39m   [36mif[39m ([33m![39misExpectedError) {
    [31m[1m>[22m[39m[90m 39 |[39m     originalError[33m.[39mapply(console[33m,[39m args)[33m;[39m
     [90m    |[39m                   [31m[1m^[22m[39m
     [90m 40 |[39m   }
     [90m 41 |[39m }[33m;[39m
     [90m 42 |[39m[0m

      at console.apply (tests/setup.js:39:19)
      at error (routes/seller.js:1608:13)

  console.error
    delete review response error TypeError: Cannot read properties of null (reading 'seller_id')
        at seller_id (C:\Users\asus\Documents\EasyApp\Backend\routes\seller.js:1631:34)
        at processTicksAndRejections (node:internal/process/task_queues:95:5)

    [0m [90m 37 |[39m   [90m// Only log if it's NOT an expected error[39m
     [90m 38 |[39m   [36mif[39m ([33m![39misExpectedError) {
    [31m[1m>[22m[39m[90m 39 |[39m     originalError[33m.[39mapply(console[33m,[39m args)[33m;[39m
     [90m    |[39m                   [31m[1m^[22m[39m
     [90m 40 |[39m   }
     [90m 41 |[39m }[33m;[39m
     [90m 42 |[39m[0m

      at console.apply (tests/setup.js:39:19)
      at error (routes/seller.js:1645:13)

  console.error
    Error creating product Error: Product validation failed: name: Product name cannot exceed 200 characters
        at ValidationError.inspect (C:\Users\asus\Documents\EasyApp\Backend\node_modules\mongoose\lib\error\validation.js:52:26)
        at formatValue (node:internal/util/inspect:805:19)
        at inspect (node:internal/util/inspect:364:10)
        at formatWithOptionsInternal (node:internal/util/inspect:2298:40)
        at format (node:internal/util/inspect:2155:10)
        at console.error (C:\Users\asus\Documents\EasyApp\node_modules\@jest\console\build\index.js:288:48)
        at console.apply (C:\Users\asus\Documents\EasyApp\Backend\tests\setup.js:39:19)
        at error (C:\Users\asus\Documents\EasyApp\Backend\routes\seller.js:93:13)
        at processTicksAndRejections (node:internal/process/task_queues:95:5) {
      errors: {
        name: ValidatorError: Product name cannot exceed 200 characters
            at validate (C:\Users\asus\Documents\EasyApp\Backend\node_modules\mongoose\lib\schemaType.js:1413:13)
            at SchemaString.SchemaType.doValidate (C:\Users\asus\Documents\EasyApp\Backend\node_modules\mongoose\lib\schemaType.js:1397:7)
            at C:\Users\asus\Documents\EasyApp\Backend\node_modules\mongoose\lib\document.js:3111:18
            at processTicksAndRejections (node:internal/process/task_queues:77:11) {
          properties: [Object],
          kind: 'maxlength',
          path: 'name',
          value: 'AAAAAAAAAAAAAAAAAAAAAAAAAAAAAA...',
          reason: undefined,
          [Symbol(mongoose#validatorError)]: true
        }
      },
      _message: 'Product validation failed'
    }

    [0m [90m 37 |[39m   [90m// Only log if it's NOT an expected error[39m
     [90m 38 |[39m   [36mif[39m ([33m![39misExpectedError) {
    [31m[1m>[22m[39m[90m 39 |[39m     originalError[33m.[39mapply(console[33m,[39m args)[33m;[39m
     [90m    |[39m                   [31m[1m^[22m[39m
     [90m 40 |[39m   }
     [90m 41 |[39m }[33m;[39m
     [90m 42 |[39m[0m

      at console.apply (tests/setup.js:39:19)
      at error (routes/seller.js:93:13)

  console.error
    Delivery agent signup error: Error: DeliveryAgent validation failed: email: Email is required, phone: Phone number is required
        at ValidationError.inspect (C:\Users\asus\Documents\EasyApp\Backend\node_modules\mongoose\lib\error\validation.js:52:26)
        at formatValue (node:internal/util/inspect:805:19)
        at inspect (node:internal/util/inspect:364:10)
        at formatWithOptionsInternal (node:internal/util/inspect:2298:40)
        at format (node:internal/util/inspect:2155:10)
        at console.error (C:\Users\asus\Documents\EasyApp\node_modules\@jest\console\build\index.js:288:48)
        at console.apply (C:\Users\asus\Documents\EasyApp\Backend\tests\setup.js:39:19)
        at error (C:\Users\asus\Documents\EasyApp\Backend\routes\auth.js:195:13)
        at processTicksAndRejections (node:internal/process/task_queues:95:5) {
      errors: {
        email: ValidatorError: Email is required
            at validate (C:\Users\asus\Documents\EasyApp\Backend\node_modules\mongoose\lib\schemaType.js:1413:13)
            at SchemaString.SchemaType.doValidate (C:\Users\asus\Documents\EasyApp\Backend\node_modules\mongoose\lib\schemaType.js:1397:7)
            at C:\Users\asus\Documents\EasyApp\Backend\node_modules\mongoose\lib\document.js:3111:18
            at processTicksAndRejections (node:internal/process/task_queues:77:11) {
          properties: [Object],
          kind: 'required',
          path: 'email',
          value: '',
          reason: undefined,
          [Symbol(mongoose#validatorError)]: true
        },
        phone: ValidatorError: Phone number is required
            at validate (C:\Users\asus\Documents\EasyApp\Backend\node_modules\mongoose\lib\schemaType.js:1413:13)
            at SchemaString.SchemaType.doValidate (C:\Users\asus\Documents\EasyApp\Backend\node_modules\mongoose\lib\schemaType.js:1397:7)
            at C:\Users\asus\Documents\EasyApp\Backend\node_modules\mongoose\lib\document.js:3111:18
            at processTicksAndRejections (node:internal/process/task_queues:77:11) {
          properties: [Object],
          kind: 'required',
          path: 'phone',
          value: undefined,
          reason: undefined,
          [Symbol(mongoose#validatorError)]: true
        }
      },
      _message: 'DeliveryAgent validation failed'
    }

    [0m [90m 37 |[39m   [90m// Only log if it's NOT an expected error[39m
     [90m 38 |[39m   [36mif[39m ([33m![39misExpectedError) {
    [31m[1m>[22m[39m[90m 39 |[39m     originalError[33m.[39mapply(console[33m,[39m args)[33m;[39m
     [90m    |[39m                   [31m[1m^[22m[39m
     [90m 40 |[39m   }
     [90m 41 |[39m }[33m;[39m
     [90m 42 |[39m[0m

      at console.apply (tests/setup.js:39:19)
      at error (routes/auth.js:195:13)

  console.log
    Γ£à Test database dropped

      at log (tests/testUtils/dbHandler.js:37:15)

  console.log
    Γ£à Test database connection closed

      at log (tests/testUtils/dbHandler.js:41:15)

npx : FAIL tests/reviews.test.js (42.289 s)
At line:1 char:1
+ npx jest --forceExit --maxWorkers=4 --no-coverage > test-output.txt 2 ...
+ ~~~~~~~~~~~~~~~~~~~~~~~~~~~~~~~~~~~~~~~~~~~~~~~~~~~~~~~~~~~~~~~~~~~~~
    + CategoryInfo          : NotSpecified: (FAIL tests/reviews.test.js (42.289 s):String) [], RemoteException
    + FullyQualifiedErrorId : NativeCommandError
 
  Reviews & Ratings API
    POST /api/reviews - Create Review
      ├ù should create review with valid data and verified purchase (3415 ms)
      ├ù should create review without verified purchase (no order) (1608 ms)
      ΓêÜ should create review without comment (rating only) (867 ms)
      ΓêÜ should reject review without product_id (703 ms)
      ΓêÜ should reject review without rating (734 ms)
      ΓêÜ should reject review for non-existent product (798 ms)
      ΓêÜ should reject duplicate review (same user, same product) (892 ms)
      ΓêÜ should reject review without authentication (679 ms)
      ΓêÜ should reject review with invalid rating (< 1) (806 ms)
      ΓêÜ should reject review with invalid rating (> 5) (811 ms)
      ├ù should accept review with multiple images (780 ms)
    GET /api/reviews/product/:productId - Get Product Reviews
      ├ù should retrieve all reviews for a product (884 ms)
      ΓêÜ should return rating statistics (836 ms)
      ΓêÜ should support pagination (931 ms)
      ΓêÜ should support sorting by creation date (924 ms)
      ΓêÜ should return empty array for product with no reviews (970 ms)
      ΓêÜ should handle invalid product ID format (860 ms)
    GET /api/reviews/user - Get User's Reviews
      ΓêÜ should retrieve all reviews by authenticated user (906 ms)
      ├ù should populate product details in user reviews (912 ms)
      ΓêÜ should support pagination for user reviews (958 ms)
      ΓêÜ should return empty array for user with no reviews (928 ms)
      ΓêÜ should reject request without authentication (784 ms)
    PUT /api/reviews/:reviewId - Update Review
      ΓêÜ should update review rating (788 ms)
      ΓêÜ should update review comment (898 ms)
      ΓêÜ should update review images (910 ms)
      ΓêÜ should update multiple fields simultaneously (885 ms)
      ΓêÜ should reject update for non-existent review (865 ms)
      ΓêÜ should reject update by non-owner (833 ms)
      ΓêÜ should update updated_at timestamp (853 ms)
      ΓêÜ should reject update without authentication (728 ms)
    DELETE /api/reviews/:reviewId - Delete Review
      ΓêÜ should delete own review (862 ms)
      ΓêÜ should reject delete for non-existent review (830 ms)
      ΓêÜ should reject delete by non-owner (871 ms)
      ΓêÜ should reject delete without authentication (755 ms)
    POST /api/reviews/:reviewId/helpful - Mark Review as Helpful
      ├ù should increment helpful count (829 ms)
      ΓêÜ should allow multiple helpful marks (no duplicate prevention) (928 ms)
      ΓêÜ should reject helpful mark for non-existent review (782 ms)
      ΓêÜ should reject helpful mark without authentication (807 ms)
    Database Error Handlers
      ΓêÜ should handle database error in GET user reviews (765 ms)
      ΓêÜ should handle database error in UPDATE review (767 ms)
      ΓêÜ should handle database error in DELETE review (734 ms)
      ΓêÜ should handle database error in mark helpful (744 ms)

  ΓùÅ Reviews & Ratings API ΓÇ║ POST /api/reviews - Create Review ΓÇ║ should create review with valid data and verified purchase

    expect(received).toBe(expected) // Object.is equality

    Expected: 201
    Received: 404

    [0m [90m 117 |[39m         })[33m;[39m
     [90m 118 |[39m
    [31m[1m>[22m[39m[90m 119 |[39m       expect(response[33m.[39mstatus)[33m.[39mtoBe([35m201[39m)[33m;[39m
     [90m     |[39m                               [31m[1m^[22m[39m
     [90m 120 |[39m       expect(response[33m.[39mbody[33m.[39msuccess)[33m.[39mtoBe([36mtrue[39m)[33m;[39m
     [90m 121 |[39m       expect(response[33m.[39mbody[33m.[39mreview)[33m.[39mtoBeDefined()[33m;[39m
     [90m 122 |[39m       expect(response[33m.[39mbody[33m.[39mreview[33m.[39mrating)[33m.[39mtoBe([35m5[39m)[33m;[39m[0m

      at Object.toBe (tests/reviews.test.js:119:31)

  ΓùÅ Reviews & Ratings API ΓÇ║ POST /api/reviews - Create Review ΓÇ║ should create review without verified purchase (no order)

    expect(received).toBe(expected) // Object.is equality

    Expected: 201
    Received: 404

    [0m [90m 138 |[39m         })[33m;[39m
     [90m 139 |[39m
    [31m[1m>[22m[39m[90m 140 |[39m       expect(response[33m.[39mstatus)[33m.[39mtoBe([35m201[39m)[33m;[39m
     [90m     |[39m                               [31m[1m^[22m[39m
     [90m 141 |[39m       expect(response[33m.[39mbody[33m.[39msuccess)[33m.[39mtoBe([36mtrue[39m)[33m;[39m
     [90m 142 |[39m       expect(response[33m.[39mbody[33m.[39mreview[33m.[39mverified_purchase)[33m.[39mtoBe([36mfalse[39m)[33m;[39m
     [90m 143 |[39m     })[33m;[39m[0m

      at Object.toBe (tests/reviews.test.js:140:31)

  ΓùÅ Reviews & Ratings API ΓÇ║ POST /api/reviews - Create Review ΓÇ║ should accept review with multiple images

    expect(received).toBe(expected) // Object.is equality

    Expected: 201
    Received: 404

    [0m [90m 282 |[39m         })[33m;[39m
     [90m 283 |[39m
    [31m[1m>[22m[39m[90m 284 |[39m       expect(response[33m.[39mstatus)[33m.[39mtoBe([35m201[39m)[33m;[39m
     [90m     |[39m                               [31m[1m^[22m[39m
     [90m 285 |[39m       expect(response[33m.[39mbody[33m.[39msuccess)[33m.[39mtoBe([36mtrue[39m)[33m;[39m
     [90m 286 |[39m       expect(response[33m.[39mbody[33m.[39mreview[33m.[39mimages)[33m.[39mtoHaveLength([35m3[39m)[33m;[39m
     [90m 287 |[39m     })[33m;[39m[0m

      at Object.toBe (tests/reviews.test.js:284:31)

  ΓùÅ Reviews & Ratings API ΓÇ║ GET /api/reviews/product/:productId - Get Product Reviews ΓÇ║ should retrieve all reviews for a product

    expect(received).toHaveLength(expected)

    Expected length: 3
    Received length: 0
    Received array:  []

    [0m [90m 326 |[39m       expect(response[33m.[39mstatus)[33m.[39mtoBe([35m200[39m)[33m;[39m
     [90m 327 |[39m       expect(response[33m.[39mbody[33m.[39msuccess)[33m.[39mtoBe([36mtrue[39m)[33m;[39m
    [31m[1m>[22m[39m[90m 328 |[39m       expect(response[33m.[39mbody[33m.[39mreviews)[33m.[39mtoHaveLength([35m3[39m)[33m;[39m
     [90m     |[39m                                     [31m[1m^[22m[39m
     [90m 329 |[39m       expect(response[33m.[39mbody[33m.[39mpagination[33m.[39mtotal)[33m.[39mtoBe([35m3[39m)[33m;[39m
     [90m 330 |[39m     })[33m;[39m
     [90m 331 |[39m[0m

      at Object.toHaveLength (tests/reviews.test.js:328:37)

  ΓùÅ Reviews & Ratings API ΓÇ║ GET /api/reviews/user - Get User's Reviews ΓÇ║ should populate product details in user reviews

    TypeError: Cannot read properties of null (reading 'name')

    [0m [90m 453 |[39m       expect(response[33m.[39mstatus)[33m.[39mtoBe([35m200[39m)[33m;[39m
     [90m 454 |[39m       expect(response[33m.[39mbody[33m.[39mreviews[[35m0[39m][33m.[39mproduct_id)[33m.[39mtoBeDefined()[33m;[39m
    [31m[1m>[22m[39m[90m 455 |[39m       
expect(response[33m.[39mbody[33m.[39mreviews[[35m0[39m][33m.[39mproduct_id[33m.[39mname)[33m.[39mtoBeDefined()[33m;[39m
     [90m     |[39m                                                  [31m[1m^[22m[39m
     [90m 456 |[39m       expect(response[33m.[39mbody[33m.[39mreviews[[35m0[39m][33m.[39mproduct_id[33m.[39mprice)[33m.[39mtoBeDefined()[33m;[39m
     [90m 457 |[39m     })[33m;[39m
     [90m 458 |[39m[0m

      at Object.name (tests/reviews.test.js:455:50)

  ΓùÅ Reviews & Ratings API ΓÇ║ POST /api/reviews/:reviewId/helpful - Mark Review as Helpful ΓÇ║ should increment helpful count

    TypeError: Cannot read properties of null (reading 'helpful_count')

    [0m [90m 772 |[39m       [90m// Verify in database[39m
     [90m 773 |[39m       [36mconst[39m updated [33m=[39m [36mawait[39m [33mReview[39m[33m.[39mfindById(testReview[33m.[39m_id)[33m;[39m
    [31m[1m>[22m[39m[90m 774 |[39m       expect(updated[33m.[39mhelpful_count)[33m.[39mtoBe([35m1[39m)[33m;[39m
     [90m     |[39m                      [31m[1m^[22m[39m
     [90m 775 |[39m     })[33m;[39m
     [90m 776 |[39m
     [90m 777 |[39m     test([32m"should allow multiple helpful marks (no duplicate prevention)"[39m[33m,[39m [36masync[39m () [33m=>[39m {[0m

      at Object.helpful_count (tests/reviews.test.js:774:22)

  console.log
    [dotenv@17.2.2] injecting env (18) from .env -- tip: ΓÜÖ∩╕Å  enable debug logging with { debug: true }

      at _log (node_modules/dotenv/lib/main.js:139:11)

  console.log
    [dotenv@17.2.2] injecting env (0) from .env -- tip: ΓÜÖ∩╕Å  specify custom .env file path with { path: '/custom/path/.env' }

      at _log (node_modules/dotenv/lib/main.js:139:11)

  console.log
    Γ£à Connected to MongoDB Atlas test database

      at log (tests/testUtils/dbHandler.js:26:11)

  console.warn
    ΓÜá∩╕Å Failed to revoke refresh tokens: There is no user record corresponding to the provided identifier.

    [0m [90m 52 |[39m   [90m// Only log if it's NOT an expected warning[39m
     [90m 53 |[39m   [36mif[39m ([33m![39misExpectedWarn) {
    [31m[1m>[22m[39m[90m 54 |[39m     originalWarn[33m.[39mapply(console[33m,[39m args)[33m;[39m
     [90m    |[39m                  [31m[1m^[22m[39m
     [90m 55 |[39m   }
     [90m 56 |[39m }[33m;[39m
     [90m 57 |[39m[0m

      at console.apply [as warn] (tests/setup.js:54:18)
      at warn (routes/auth.js:384:17)

  console.warn
    ΓÜá∩╕Å Failed to revoke refresh tokens: There is no user record corresponding to the provided identifier.

    [0m [90m 52 |[39m   [90m// Only log if it's NOT an expected warning[39m
     [90m 53 |[39m   [36mif[39m ([33m![39misExpectedWarn) {
    [31m[1m>[22m[39m[90m 54 |[39m     originalWarn[33m.[39mapply(console[33m,[39m args)[33m;[39m
     [90m    |[39m                  [31m[1m^[22m[39m
     [90m 55 |[39m   }
     [90m 56 |[39m }[33m;[39m
     [90m 57 |[39m[0m

      at console.apply [as warn] (tests/setup.js:54:18)
      at warn (routes/auth.js:384:17)

  console.warn
    ΓÜá∩╕Å Failed to revoke refresh tokens: There is no user record corresponding to the provided identifier.

    [0m [90m 52 |[39m   [90m// Only log if it's NOT an expected warning[39m
     [90m 53 |[39m   [36mif[39m ([33m![39misExpectedWarn) {
    [31m[1m>[22m[39m[90m 54 |[39m     originalWarn[33m.[39mapply(console[33m,[39m args)[33m;[39m
     [90m    |[39m                  [31m[1m^[22m[39m
     [90m 55 |[39m   }
     [90m 56 |[39m }[33m;[39m
     [90m 57 |[39m[0m

      at console.apply [as warn] (tests/setup.js:54:18)
      at warn (routes/auth.js:384:17)

  console.log
    Γ£à Test database dropped

      at log (tests/testUtils/dbHandler.js:37:15)

  console.log
    Γ£à Test database connection closed

      at log (tests/testUtils/dbHandler.js:41:15)

FAIL tests/auth.test.js (54.346 s)
  Authentication - Integration Tests
    POST /api/admin/login - Admin Login
      ├ù should login successfully with valid credentials (3879 ms)
      ΓêÜ should fail with invalid email (1068 ms)
      ΓêÜ should fail with invalid password (808 ms)
      ΓêÜ should fail with missing credentials (704 ms)
    POST /api/auth/login/seller - Seller Login
      ΓêÜ should login successfully with valid credentials (890 ms)
      ├ù should fail with invalid email (746 ms)
      ├ù should fail with invalid password (673 ms)
    POST /api/auth/signup/seller - Seller Registration
      ΓêÜ should register new seller successfully (663 ms)
      ├ù should fail with duplicate email (729 ms)
      ΓêÜ should fail with missing required fields (694 ms)
      ΓêÜ should fail with invalid email format (615 ms)
    POST /api/auth/signup/client - Client Registration
      ΓêÜ should register new client successfully (723 ms)
      ΓêÜ should fail with duplicate firebase_uid (711 ms)
      ΓêÜ should fail with missing required fields (578 ms)
      ΓêÜ should create client with optional name (758 ms)
      ΓêÜ should validate phone number format (661 ms)
      ΓêÜ should handle duplicate firebase_uid detection (642 ms)
    POST /api/auth/forgot-password - Password Reset Request
      ├ù should generate reset token for valid seller email (763 ms)
      ΓêÜ should generate reset token for valid admin email (804 ms)
      ΓêÜ should not reveal if email does not exist (security) (716 ms)
      ΓêÜ should fail with missing email field (582 ms)
      ΓêÜ should fail with missing userType field (631 ms)
      ΓêÜ should reject password reset for client userType (587 ms)
    POST /api/auth/reset-password - Password Reset Execution
      ├ù should reset password with valid token (774 ms)
      ΓêÜ should fail with invalid token (811 ms)
      ├ù should fail with expired token (687 ms)
      ΓêÜ should fail with weak password (less than 6 characters) (720 ms)
      ├ù should fail with missing resetToken (776 ms)
      ├ù should fail with missing newPassword (773 ms)
      ΓêÜ should fail with token having wrong purpose (780 ms)
    POST /api/auth/signup/delivery-agent - Delivery Agent Registration
      ΓêÜ should register new delivery agent successfully (662 ms)
      ΓêÜ should fail with duplicate email (764 ms)
      ΓêÜ should fail with missing required fields (727 ms)
      ΓêÜ should normalize email to lowercase (658 ms)
    GET /api/auth/user/:firebase_uid - User Lookup
      ΓêÜ should retrieve client by firebase_uid (805 ms)
      ΓêÜ should retrieve seller by firebase_uid (770 ms)
      ΓêÜ should retrieve admin by firebase_uid (799 ms)
      ΓêÜ should return 404 for non-existent firebase_uid (802 ms)
    GET /api/auth/seller-id/:firebase_uid - Seller ID Lookup
      ΓêÜ should return seller_id for valid firebase_uid (648 ms)
      ΓêÜ should return 404 for non-seller firebase_uid (691 ms)
    GET /api/auth/role-by-email - Role Lookup by Email
      ΓêÜ should return admin role for admin email (768 ms)
      ├ù should return seller role for seller email (745 ms)
      ΓêÜ should return 404 for non-existent email (756 ms)
      ΓêÜ should fail with invalid email format (629 ms)
      ΓêÜ should be case-insensitive for email lookup (730 ms)
    POST /api/auth/map-by-email - Map Firebase UID to Email
      ΓêÜ should map firebase_uid to existing seller by email (762 ms)
      ΓêÜ should map firebase_uid to existing admin by email (750 ms)
      ΓêÜ should return 404 for non-existent email (775 ms)
      ΓêÜ should fail with missing email (622 ms)
      ΓêÜ should fail with missing firebase_uid (578 ms)
      ΓêÜ should be case-insensitive for email mapping (689 ms)
    POST /api/auth/logout - Session Termination
      ΓêÜ should logout with firebase_uid in body (1435 ms)
      ΓêÜ should logout with both firebase_uid and internal_id (1191 ms)
      ΓêÜ should fail logout with missing firebase_uid (752 ms)
      ΓêÜ should clear device tokens on logout (1096 ms)
    GET /api/auth/whoami - Identity Inspection
      ΓêÜ should identify admin by firebase_uid (730 ms)
      ΓêÜ should identify seller by email (726 ms)
      ΓêÜ should identify delivery agent by firebase_uid (649 ms)
      ΓêÜ should identify client by firebase_uid (724 ms)
      ΓêÜ should handle non-existent user lookup (722 ms)
      ΓêÜ should fail with missing parameters (607 ms)
      ΓêÜ should handle email lookup (case-insensitive) (826 ms)
      ΓêÜ should prioritize admin role when multiple matches exist (886 ms)

  ΓùÅ Authentication - Integration Tests ΓÇ║ POST /api/admin/login - Admin Login ΓÇ║ should login successfully with valid credentials

    expected 200 "OK", got 401 "Unauthorized"

    [0m [90m 48 |[39m           password[33m:[39m [32m"admin123"[39m[33m,[39m
     [90m 49 |[39m         })
    [31m[1m>[22m[39m[90m 50 |[39m         [33m.[39mexpect([35m200[39m)[33m;[39m
     [90m    |[39m          [31m[1m^[22m[39m
     [90m 51 |[39m
     [90m 52 |[39m       expect(response[33m.[39mbody)[33m.[39mtoHaveProperty([32m"token"[39m)[33m;[39m
     [90m 53 |[39m       expect(response[33m.[39mbody)[33m.[39mtoHaveProperty([32m"admin"[39m)[33m;[39m[0m

      at Object.expect (tests/auth.test.js:50:10)
      ----
      at Test._assertStatus (../node_modules/supertest/lib/test.js:309:14)
      at ../node_modules/supertest/lib/test.js:365:13
      at Test._assertFunction (../node_modules/supertest/lib/test.js:342:13)
      at Test.assert (../node_modules/supertest/lib/test.js:195:23)
      at localAssert (../node_modules/supertest/lib/test.js:138:14)
      at Server.<anonymous> (../node_modules/supertest/lib/test.js:152:11)

  ΓùÅ Authentication - Integration Tests ΓÇ║ POST /api/auth/login/seller - Seller Login ΓÇ║ should fail with invalid email

    MongoServerError: E11000 duplicate key error collection: grocery_db_test.sellers index: email_1 dup key: { email: "seller@test.com" }

      at InsertOneOperation.execute (node_modules/mongoose/node_modules/mongodb/src/operations/insert.ts:88:13)
      at tryOperation (node_modules/mongoose/node_modules/mongodb/src/operations/execute_operation.ts:283:14)
      at executeOperation (node_modules/mongoose/node_modules/mongodb/src/operations/execute_operation.ts:115:12)
      at Collection.insertOne (node_modules/mongoose/node_modules/mongodb/src/collection.ts:286:12)

  ΓùÅ Authentication - Integration Tests ΓÇ║ POST /api/auth/login/seller - Seller Login ΓÇ║ should fail with invalid password

    MongoServerError: E11000 duplicate key error collection: grocery_db_test.sellers index: email_1 dup key: { email: "seller@test.com" }

      at InsertOneOperation.execute (node_modules/mongoose/node_modules/mongodb/src/operations/insert.ts:88:13)
      at tryOperation (node_modules/mongoose/node_modules/mongodb/src/operations/execute_operation.ts:283:14)
      at executeOperation (node_modules/mongoose/node_modules/mongodb/src/operations/execute_operation.ts:115:12)
      at Collection.insertOne (node_modules/mongoose/node_modules/mongodb/src/collection.ts:286:12)

  ΓùÅ Authentication - Integration Tests ΓÇ║ POST /api/auth/signup/seller - Seller Registration ΓÇ║ should fail with duplicate email

    MongoServerError: E11000 duplicate key error collection: grocery_db_test.sellers index: email_1 dup key: { email: "seller@test.com" }

      at InsertOneOperation.execute (node_modules/mongoose/node_modules/mongodb/src/operations/insert.ts:88:13)
      at tryOperation (node_modules/mongoose/node_modules/mongodb/src/operations/execute_operation.ts:283:14)
      at executeOperation (node_modules/mongoose/node_modules/mongodb/src/operations/execute_operation.ts:115:12)
      at Collection.insertOne (node_modules/mongoose/node_modules/mongodb/src/collection.ts:286:12)

  ΓùÅ Authentication - Integration Tests ΓÇ║ POST /api/auth/forgot-password - Password Reset Request ΓÇ║ should generate reset token for valid seller email

    MongoServerError: E11000 duplicate key error collection: grocery_db_test.sellers index: email_1 dup key: { email: "seller@test.com" }

      at InsertOneOperation.execute (node_modules/mongoose/node_modules/mongodb/src/operations/insert.ts:88:13)
      at tryOperation (node_modules/mongoose/node_modules/mongodb/src/operations/execute_operation.ts:283:14)
      at executeOperation (node_modules/mongoose/node_modules/mongodb/src/operations/execute_operation.ts:115:12)
      at Collection.insertOne (node_modules/mongoose/node_modules/mongodb/src/collection.ts:286:12)

  ΓùÅ Authentication - Integration Tests ΓÇ║ POST /api/auth/reset-password - Password Reset Execution ΓÇ║ should reset password with valid token

    MongoServerError: E11000 duplicate key error collection: grocery_db_test.sellers index: email_1 dup key: { email: "seller@test.com" }

      at InsertOneOperation.execute (node_modules/mongoose/node_modules/mongodb/src/operations/insert.ts:88:13)
      at tryOperation (node_modules/mongoose/node_modules/mongodb/src/operations/execute_operation.ts:283:14)
      at executeOperation (node_modules/mongoose/node_modules/mongodb/src/operations/execute_operation.ts:115:12)
      at Collection.insertOne (node_modules/mongoose/node_modules/mongodb/src/collection.ts:286:12)

  ΓùÅ Authentication - Integration Tests ΓÇ║ POST /api/auth/reset-password - Password Reset Execution ΓÇ║ should fail with expired token

    MongoServerError: E11000 duplicate key error collection: grocery_db_test.sellers index: email_1 dup key: { email: "seller@test.com" }

      at InsertOneOperation.execute (node_modules/mongoose/node_modules/mongodb/src/operations/insert.ts:88:13)
      at tryOperation (node_modules/mongoose/node_modules/mongodb/src/operations/execute_operation.ts:283:14)
      at executeOperation (node_modules/mongoose/node_modules/mongodb/src/operations/execute_operation.ts:115:12)
      at Collection.insertOne (node_modules/mongoose/node_modules/mongodb/src/collection.ts:286:12)

  ΓùÅ Authentication - Integration Tests ΓÇ║ POST /api/auth/reset-password - Password Reset Execution ΓÇ║ should fail with missing resetToken

    MongoServerError: E11000 duplicate key error collection: grocery_db_test.sellers index: email_1 dup key: { email: "seller@test.com" }

      at InsertOneOperation.execute (node_modules/mongoose/node_modules/mongodb/src/operations/insert.ts:88:13)
      at tryOperation (node_modules/mongoose/node_modules/mongodb/src/operations/execute_operation.ts:283:14)
      at executeOperation (node_modules/mongoose/node_modules/mongodb/src/operations/execute_operation.ts:115:12)
      at Collection.insertOne (node_modules/mongoose/node_modules/mongodb/src/collection.ts:286:12)

  ΓùÅ Authentication - Integration Tests ΓÇ║ POST /api/auth/reset-password - Password Reset Execution ΓÇ║ should fail with missing newPassword

    MongoServerError: E11000 duplicate key error collection: grocery_db_test.sellers index: email_1 dup key: { email: "seller@test.com" }

      at InsertOneOperation.execute (node_modules/mongoose/node_modules/mongodb/src/operations/insert.ts:88:13)
      at tryOperation (node_modules/mongoose/node_modules/mongodb/src/operations/execute_operation.ts:283:14)
      at executeOperation (node_modules/mongoose/node_modules/mongodb/src/operations/execute_operation.ts:115:12)
      at Collection.insertOne (node_modules/mongoose/node_modules/mongodb/src/collection.ts:286:12)

  ΓùÅ Authentication - Integration Tests ΓÇ║ GET /api/auth/role-by-email - Role Lookup by Email ΓÇ║ should return seller role for seller email

    expected 200 "OK", got 404 "Not Found"

    [0m [90m 825 |[39m         [33m.[39m[36mget[39m([32m"/api/auth/role-by-email"[39m)
     [90m 826 |[39m         [33m.[39mquery({ email[33m:[39m [32m"role.seller@test.com"[39m })
    [31m[1m>[22m[39m[90m 827 |[39m         [33m.[39mexpect([35m200[39m)[33m;[39m
     [90m     |[39m          [31m[1m^[22m[39m
     [90m 828 |[39m
     [90m 829 |[39m       expect(response[33m.[39mbody[33m.[39mrole)[33m.[39mtoBe([32m"seller"[39m)[33m;[39m
     [90m 830 |[39m     })[33m;[39m[0m

      at Object.expect (tests/auth.test.js:827:10)
      ----
      at Test._assertStatus (../node_modules/supertest/lib/test.js:309:14)
      at ../node_modules/supertest/lib/test.js:365:13
      at Test._assertFunction (../node_modules/supertest/lib/test.js:342:13)
      at Test.assert (../node_modules/supertest/lib/test.js:195:23)
      at localAssert (../node_modules/supertest/lib/test.js:138:14)
      at Server.<anonymous> (../node_modules/supertest/lib/test.js:152:11)

  console.log
    [dotenv@17.2.2] injecting env (18) from .env -- tip: ≡ƒôí version env with Radar: https://dotenvx.com/radar

      at _log (node_modules/dotenv/lib/main.js:139:11)

  console.log
    [dotenv@17.2.2] injecting env (0) from .env -- tip: ≡ƒöÉ prevent building .env in docker: https://dotenvx.com/prebuild

      at _log (node_modules/dotenv/lib/main.js:139:11)

  console.log
    Γ£à Connected to MongoDB Atlas test database

      at log (tests/testUtils/dbHandler.js:26:11)

  console.error
    Address validation failed: {
      hasAddressData: false,
      hasFullAddress: undefined,
      fullAddressValue: undefined,
      delivery_address_id: undefined,
      delivery_address: undefined
    }

    [0m [90m 37 |[39m   [90m// Only log if it's NOT an expected error[39m
     [90m 38 |[39m   [36mif[39m ([33m![39misExpectedError) {
    [31m[1m>[22m[39m[90m 39 |[39m     originalError[33m.[39mapply(console[33m,[39m args)[33m;[39m
     [90m    |[39m                   [31m[1m^[22m[39m
     [90m 40 |[39m   }
     [90m 41 |[39m }[33m;[39m
     [90m 42 |[39m[0m

      at console.apply (tests/setup.js:39:19)
      at error (controllers/ordersController.js:710:15)

  console.log
    [ADMIN] Coupon created: lowercase by test.admin@example.com

      at log (routes/admin.js:2489:13)

  console.log
    [ADMIN] Coupon created: DUPLICATE by test.admin@example.com

      at log (routes/admin.js:2489:13)

  console.log
    [ADMIN] Coupon created: DUPLICATE by test.admin@example.com

      at log (routes/admin.js:2489:13)

  console.error
    Update stock error: CastError: Cast to ObjectId failed for value "invalid-id" (type string) at path "_id" for model "Product"
        at SchemaObjectId.cast (C:\Users\asus\Documents\EasyApp\Backend\node_modules\mongoose\lib\schema\objectId.js:251:11)
        at SchemaObjectId.SchemaType.applySetters (C:\Users\asus\Documents\EasyApp\Backend\node_modules\mongoose\lib\schemaType.js:1258:12)
        at SchemaObjectId.SchemaType.castForQuery (C:\Users\asus\Documents\EasyApp\Backend\node_modules\mongoose\lib\schemaType.js:1694:17)
        at cast (C:\Users\asus\Documents\EasyApp\Backend\node_modules\mongoose\lib\cast.js:390:32)
        at model.Query.Query.cast (C:\Users\asus\Documents\EasyApp\Backend\node_modules\mongoose\lib\query.js:5060:12)
        at model.Query.Query._castConditions (C:\Users\asus\Documents\EasyApp\Backend\node_modules\mongoose\lib\query.js:2374:10)
        at model.Query._findOne (C:\Users\asus\Documents\EasyApp\Backend\node_modules\mongoose\lib\query.js:2697:8)
        at model.Query.exec (C:\Users\asus\Documents\EasyApp\Backend\node_modules\mongoose\lib\query.js:4627:80)
        at processTicksAndRejections (node:internal/process/task_queues:95:5)
        at C:\Users\asus\Documents\EasyApp\Backend\routes\seller.js:1911:21 {
      stringValue: '"invalid-id"',
      messageFormat: undefined,
      kind: 'ObjectId',
      value: 'invalid-id',
      path: '_id',
      reason: BSONError: input must be a 24 character hex string, 12 byte Uint8Array, or an integer
          at new ObjectId (C:\Users\asus\Documents\EasyApp\Backend\node_modules\bson\src\objectid.ts:120:15)
          at castObjectId (C:\Users\asus\Documents\EasyApp\Backend\node_modules\mongoose\lib\cast\objectid.js:25:12)
          at SchemaObjectId.cast (C:\Users\asus\Documents\EasyApp\Backend\node_modules\mongoose\lib\schema\objectId.js:249:12)
          at SchemaObjectId.SchemaType.applySetters (C:\Users\asus\Documents\EasyApp\Backend\node_modules\mongoose\lib\schemaType.js:1258:12)
          at SchemaObjectId.SchemaType.castForQuery (C:\Users\asus\Documents\EasyApp\Backend\node_modules\mongoose\lib\schemaType.js:1694:17)
          at cast (C:\Users\asus\Documents\EasyApp\Backend\node_modules\mongoose\lib\cast.js:390:32)
          at model.Query.Query.cast (C:\Users\asus\Documents\EasyApp\Backend\node_modules\mongoose\lib\query.js:5060:12)
          at model.Query.Query._castConditions (C:\Users\asus\Documents\EasyApp\Backend\node_modules\mongoose\lib\query.js:2374:10)
          at model.Query._findOne (C:\Users\asus\Documents\EasyApp\Backend\node_modules\mongoose\lib\query.js:2697:8)
          at model.Query.exec (C:\Users\asus\Documents\EasyApp\Backend\node_modules\mongoose\lib\query.js:4627:80)
          at processTicksAndRejections (node:internal/process/task_queues:95:5)
          at C:\Users\asus\Documents\EasyApp\Backend\routes\seller.js:1911:21,
      valueType: 'string'
    }

    [0m [90m 37 |[39m   [90m// Only log if it's NOT an expected error[39m
     [90m 38 |[39m   [36mif[39m ([33m![39misExpectedError) {
    [31m[1m>[22m[39m[90m 39 |[39m     originalError[33m.[39mapply(console[33m,[39m args)[33m;[39m
     [90m    |[39m                   [31m[1m^[22m[39m
     [90m 40 |[39m   }
     [90m 41 |[39m }[33m;[39m
     [90m 42 |[39m[0m

      at console.apply (tests/setup.js:39:19)
      at error (routes/seller.js:1936:13)

  console.log
    [ADMIN] Coupon created: UPDATE_ME by test.admin@example.com

      at log (routes/admin.js:2489:13)

  console.log
    [ADMIN] Coupon created: UPDATE_ME by test.admin@example.com

      at log (routes/admin.js:2489:13)

  console.log
    [ADMIN] Coupon created: UPDATE_ME by test.admin@example.com

      at log (routes/admin.js:2489:13)

  console.log
    [ADMIN] Coupon created: DELETE_ME by test.admin@example.com

      at log (routes/admin.js:2489:13)

  console.log
    [ADMIN] Coupon deleted: DELETE_ME by test.admin@example.com

      at log (routes/admin.js:2606:13)

  console.log
    [ADMIN] Coupon created: DELETE_ME by test.admin@example.com

      at log (routes/admin.js:2489:13)

  console.log
    [ADMIN] Coupon created: STATS_TEST by test.admin@example.com

      at log (routes/admin.js:2489:13)

  console.log
    [ADMIN] Coupon created: STATS_TEST by test.admin@example.com

      at log (routes/admin.js:2489:13)

  console.log
    [ADMIN] Coupon created: STATS_TEST by test.admin@example.com

      at log (routes/admin.js:2489:13)

  console.log
    [METRICS] Starting metrics fetch...

      at log (routes/admin.js:2162:13)

  console.log
    [METRICS] Fetched: 1 orders, 0 products, 0 clients, 0 sellers, 0 agents

      at log (routes/admin.js:2195:13)

  console.log
    [METRICS] Computed: 0 pure clients, 0 restaurants, 0 sellers

      at log (routes/admin.js:2247:13)

  console.log
    Γ£à Test database dropped

      at log (tests/testUtils/dbHandler.js:37:15)

  console.log
    Γ£à Test database connection closed

      at log (tests/testUtils/dbHandler.js:41:15)

FAIL tests/orders.test.js (34.298 s)
  Orders Controller - Unit Tests
    POST /api/orders - Create Order
      ├ù should create order successfully with valid data (1881 ms)
      ΓêÜ should fail when product does not exist (1107 ms)
      ΓêÜ should fail when product is not available (878 ms)
      ├ù should fail when stock is insufficient (655 ms)
      ├ù should apply valid coupon correctly (653 ms)
      ΓêÜ should fail when coupon is invalid (970 ms)
      ├ù should fail when coupon usage limit reached (740 ms)
      ΓêÜ should fail when user already used coupon (max uses per user) (945 ms)
      ├ù should fail without authentication (801 ms)
      ├ù should fail when items array is empty (793 ms)
      ΓêÜ should handle invalid payment method (926 ms)
      ├ù should split multi-seller orders by category (928 ms)
      ΓêÜ should handle large quantity orders (1294 ms)
      ΓêÜ should default to quantity 1 when quantity is zero (1110 ms)
      ├ù should allow guest orders with client_id in body (813 ms)
      ΓêÜ should fail when coupon minimum subtotal not met (857 ms)
      ├ù should fail when coupon is expired (644 ms)
      ΓêÜ should fail when coupon is inactive (806 ms)
      ΓêÜ should validate stock for all products (843 ms)
      ├ù should allow orders for products with null stock (837 ms)
      ΓêÜ should fail when delivery address is missing (824 ms)
      ΓêÜ should handle delivery address without coordinates (783 ms)
      ├ù should handle order notes with special characters (805 ms)
      ΓêÜ should handle negative quantity values (729 ms)
      ΓêÜ should handle duplicate product IDs in order (1121 ms)
      ΓêÜ should handle very long delivery addresses (734 ms)
      ├ù should accept 'qty' as alternative to 'quantity' (642 ms)
      ├ù should handle coupon with zero discount (653 ms)
    GET /api/orders/:id - Get Order Status
      ├ù should retrieve order status successfully (734 ms)
      ΓêÜ should fail to retrieve non-existent order (698 ms)
      ΓêÜ should fail to retrieve order without authentication (807 ms)
      ΓêÜ should handle invalid order ID format (697 ms)
    GET /api/orders/history - Get Order History
      ΓêÜ should retrieve order history successfully (869 ms)
      ΓêÜ should support pagination in order history (866 ms)
      ΓêÜ should filter orders by status (852 ms)
      ΓêÜ should return empty array for user with no orders (917 ms)
      ΓêÜ should fail to get history without authentication (873 ms)

  ΓùÅ Orders Controller - Unit Tests ΓÇ║ POST /api/orders - Create Order ΓÇ║ should create order successfully with valid data

    MongoServerError: E11000 duplicate key error collection: grocery_db_test.sellers index: email_1 dup key: { email: "seller@test.com" }

      at InsertOneOperation.execute (node_modules/mongoose/node_modules/mongodb/src/operations/insert.ts:88:13)
      at tryOperation (node_modules/mongoose/node_modules/mongodb/src/operations/execute_operation.ts:283:14)
      at executeOperation (node_modules/mongoose/node_modules/mongodb/src/operations/execute_operation.ts:115:12)
      at Collection.insertOne (node_modules/mongoose/node_modules/mongodb/src/collection.ts:286:12)

  ΓùÅ Orders Controller - Unit Tests ΓÇ║ POST /api/orders - Create Order ΓÇ║ should fail when stock is insufficient

    MongoServerError: E11000 duplicate key error collection: grocery_db_test.sellers index: email_1 dup key: { email: "seller@test.com" }

      at InsertOneOperation.execute (node_modules/mongoose/node_modules/mongodb/src/operations/insert.ts:88:13)
      at tryOperation (node_modules/mongoose/node_modules/mongodb/src/operations/execute_operation.ts:283:14)
      at executeOperation (node_modules/mongoose/node_modules/mongodb/src/operations/execute_operation.ts:115:12)
      at Collection.insertOne (node_modules/mongoose/node_modules/mongodb/src/collection.ts:286:12)

  ΓùÅ Orders Controller - Unit Tests ΓÇ║ POST /api/orders - Create Order ΓÇ║ should apply valid coupon correctly

    MongoServerError: E11000 duplicate key error collection: grocery_db_test.sellers index: email_1 dup key: { email: "seller@test.com" }

      at InsertOneOperation.execute (node_modules/mongoose/node_modules/mongodb/src/operations/insert.ts:88:13)
      at tryOperation (node_modules/mongoose/node_modules/mongodb/src/operations/execute_operation.ts:283:14)
      at executeOperation (node_modules/mongoose/node_modules/mongodb/src/operations/execute_operation.ts:115:12)
      at Collection.insertOne (node_modules/mongoose/node_modules/mongodb/src/collection.ts:286:12)

  ΓùÅ Orders Controller - Unit Tests ΓÇ║ POST /api/orders - Create Order ΓÇ║ should fail when coupon usage limit reached

    MongoServerError: E11000 duplicate key error collection: grocery_db_test.sellers index: email_1 dup key: { email: "seller@test.com" }

      at InsertOneOperation.execute (node_modules/mongoose/node_modules/mongodb/src/operations/insert.ts:88:13)
      at tryOperation (node_modules/mongoose/node_modules/mongodb/src/operations/execute_operation.ts:283:14)
      at executeOperation (node_modules/mongoose/node_modules/mongodb/src/operations/execute_operation.ts:115:12)
      at Collection.insertOne (node_modules/mongoose/node_modules/mongodb/src/collection.ts:286:12)

  ΓùÅ Orders Controller - Unit Tests ΓÇ║ POST /api/orders - Create Order ΓÇ║ should fail without authentication

    MongoServerError: E11000 duplicate key error collection: grocery_db_test.sellers index: email_1 dup key: { email: "seller@test.com" }

      at InsertOneOperation.execute (node_modules/mongoose/node_modules/mongodb/src/operations/insert.ts:88:13)
      at tryOperation (node_modules/mongoose/node_modules/mongodb/src/operations/execute_operation.ts:283:14)
      at executeOperation (node_modules/mongoose/node_modules/mongodb/src/operations/execute_operation.ts:115:12)
      at Collection.insertOne (node_modules/mongoose/node_modules/mongodb/src/collection.ts:286:12)

  ΓùÅ Orders Controller - Unit Tests ΓÇ║ POST /api/orders - Create Order ΓÇ║ should fail when items array is empty

    MongoServerError: E11000 duplicate key error collection: grocery_db_test.sellers index: email_1 dup key: { email: "seller@test.com" }

      at InsertOneOperation.execute (node_modules/mongoose/node_modules/mongodb/src/operations/insert.ts:88:13)
      at tryOperation (node_modules/mongoose/node_modules/mongodb/src/operations/execute_operation.ts:283:14)
      at executeOperation (node_modules/mongoose/node_modules/mongodb/src/operations/execute_operation.ts:115:12)
      at Collection.insertOne (node_modules/mongoose/node_modules/mongodb/src/collection.ts:286:12)

  ΓùÅ Orders Controller - Unit Tests ΓÇ║ POST /api/orders - Create Order ΓÇ║ should split multi-seller orders by category

    expected 201 "Created", got 400 "Bad Request"

    [0m [90m 480 |[39m         [33m.[39m[36mset[39m([32m"Authorization"[39m[33m,[39m [32m`Bearer ${clientToken}`[39m)
     [90m 481 |[39m         [33m.[39msend(orderData)
    [31m[1m>[22m[39m[90m 482 |[39m         [33m.[39mexpect([35m201[39m)[33m;[39m
     [90m     |[39m          [31m[1m^[22m[39m
     [90m 483 |[39m
     [90m 484 |[39m       expect(response[33m.[39mbody[33m.[39mgrouped_orders)[33m.[39mtoHaveLength([35m2[39m)[33m;[39m
     [90m 485 |[39m       expect([0m

      at Object.expect (tests/orders.test.js:482:10)
      ----
      at Test._assertStatus (../node_modules/supertest/lib/test.js:309:14)
      at ../node_modules/supertest/lib/test.js:365:13
      at Test._assertFunction (../node_modules/supertest/lib/test.js:342:13)
      at Test.assert (../node_modules/supertest/lib/test.js:195:23)
      at localAssert (../node_modules/supertest/lib/test.js:138:14)
      at Server.<anonymous> (../node_modules/supertest/lib/test.js:152:11)

  ΓùÅ Orders Controller - Unit Tests ΓÇ║ POST /api/orders - Create Order ΓÇ║ should allow guest orders with client_id in body

    MongoServerError: E11000 duplicate key error collection: grocery_db_test.sellers index: email_1 dup key: { email: "seller@test.com" }

      at InsertOneOperation.execute (node_modules/mongoose/node_modules/mongodb/src/operations/insert.ts:88:13)
      at tryOperation (node_modules/mongoose/node_modules/mongodb/src/operations/execute_operation.ts:283:14)
      at executeOperation (node_modules/mongoose/node_modules/mongodb/src/operations/execute_operation.ts:115:12)
      at Collection.insertOne (node_modules/mongoose/node_modules/mongodb/src/collection.ts:286:12)

  ΓùÅ Orders Controller - Unit Tests ΓÇ║ POST /api/orders - Create Order ΓÇ║ should fail when coupon is expired

    MongoServerError: E11000 duplicate key error collection: grocery_db_test.sellers index: email_1 dup key: { email: "seller@test.com" }

      at InsertOneOperation.execute (node_modules/mongoose/node_modules/mongodb/src/operations/insert.ts:88:13)
      at tryOperation (node_modules/mongoose/node_modules/mongodb/src/operations/execute_operation.ts:283:14)
      at executeOperation (node_modules/mongoose/node_modules/mongodb/src/operations/execute_operation.ts:115:12)
      at Collection.insertOne (node_modules/mongoose/node_modules/mongodb/src/collection.ts:286:12)

  ΓùÅ Orders Controller - Unit Tests ΓÇ║ POST /api/orders - Create Order ΓÇ║ should allow orders for products with null stock

    expected 201 "Created", got 400 "Bad Request"

    [0m [90m 788 |[39m         [33m.[39m[36mset[39m([32m"Authorization"[39m[33m,[39m [32m`Bearer ${clientToken}`[39m)
     [90m 789 |[39m         [33m.[39msend(orderData)
    [31m[1m>[22m[39m[90m 790 |[39m         [33m.[39mexpect([35m201[39m)[33m;[39m
     [90m     |[39m          [31m[1m^[22m[39m
     [90m 791 |[39m
     [90m 792 |[39m       expect(response[33m.[39mbody)[33m.[39mtoHaveProperty([32m"order_id"[39m)[33m;[39m
     [90m 793 |[39m     })[33m;[39m[0m

      at Object.expect (tests/orders.test.js:790:10)
      ----
      at Test._assertStatus (../node_modules/supertest/lib/test.js:309:14)
      at ../node_modules/supertest/lib/test.js:365:13
      at Test._assertFunction (../node_modules/supertest/lib/test.js:342:13)
      at Test.assert (../node_modules/supertest/lib/test.js:195:23)
      at localAssert (../node_modules/supertest/lib/test.js:138:14)
      at Server.<anonymous> (../node_modules/supertest/lib/test.js:152:11)

  ΓùÅ Orders Controller - Unit Tests ΓÇ║ POST /api/orders - Create Order ΓÇ║ should handle order notes with special characters

    expected 201 "Created", got 400 "Bad Request"

    [0m [90m 867 |[39m         [33m.[39m[36mset[39m([32m"Authorization"[39m[33m,[39m [32m`Bearer ${clientToken}`[39m)
     [90m 868 |[39m         [33m.[39msend(orderData)
    [31m[1m>[22m[39m[90m 869 |[39m         [33m.[39mexpect([35m201[39m)[33m;[39m
     [90m     |[39m          [31m[1m^[22m[39m
     [90m 870 |[39m
     [90m 871 |[39m       expect(response[33m.[39mbody)[33m.[39mtoHaveProperty([32m"order_id"[39m)[33m;[39m
     [90m 872 |[39m     })[33m;[39m[0m

      at Object.expect (tests/orders.test.js:869:10)
      ----
      at Test._assertStatus (../node_modules/supertest/lib/test.js:309:14)
      at ../node_modules/supertest/lib/test.js:365:13
      at Test._assertFunction (../node_modules/supertest/lib/test.js:342:13)
      at Test.assert (../node_modules/supertest/lib/test.js:195:23)
      at localAssert (../node_modules/supertest/lib/test.js:138:14)
      at Server.<anonymous> (../node_modules/supertest/lib/test.js:152:11)

  ΓùÅ Orders Controller - Unit Tests ΓÇ║ POST /api/orders - Create Order ΓÇ║ should accept 'qty' as alternative to 'quantity'

    MongoServerError: E11000 duplicate key error collection: grocery_db_test.sellers index: email_1 dup key: { email: "seller@test.com" }

      at InsertOneOperation.execute (node_modules/mongoose/node_modules/mongodb/src/operations/insert.ts:88:13)
      at tryOperation (node_modules/mongoose/node_modules/mongodb/src/operations/execute_operation.ts:283:14)
      at executeOperation (node_modules/mongoose/node_modules/mongodb/src/operations/execute_operation.ts:115:12)
      at Collection.insertOne (node_modules/mongoose/node_modules/mongodb/src/collection.ts:286:12)

  ΓùÅ Orders Controller - Unit Tests ΓÇ║ POST /api/orders - Create Order ΓÇ║ should handle coupon with zero discount

    MongoServerError: E11000 duplicate key error collection: grocery_db_test.sellers index: email_1 dup key: { email: "seller@test.com" }

      at InsertOneOperation.execute (node_modules/mongoose/node_modules/mongodb/src/operations/insert.ts:88:13)
      at tryOperation (node_modules/mongoose/node_modules/mongodb/src/operations/execute_operation.ts:283:14)
      at executeOperation (node_modules/mongoose/node_modules/mongodb/src/operations/execute_operation.ts:115:12)
      at Collection.insertOne (node_modules/mongoose/node_modules/mongodb/src/collection.ts:286:12)

  ΓùÅ Orders Controller - Unit Tests ΓÇ║ GET /api/orders/:id - Get Order Status ΓÇ║ should retrieve order status successfully

    expected 200 "OK", got 404 "Not Found"

    [0m [90m 1060 |[39m         [33m.[39m[36mget[39m([32m`/api/orders/${mockOrder._id}/status`[39m)
     [90m 1061 |[39m         [33m.[39m[36mset[39m([32m"Authorization"[39m[33m,[39m [32m`Bearer ${clientToken}`[39m)
    [31m[1m>[22m[39m[90m 1062 |[39m         [33m.[39mexpect([35m200[39m)[33m;[39m
     [90m      |[39m          [31m[1m^[22m[39m
     [90m 1063 |[39m
     [90m 1064 |[39m       expect(response[33m.[39mbody)[33m.[39mtoHaveProperty([32m"order_id"[39m)[33m;[39m
     [90m 1065 |[39m       expect(response[33m.[39mbody)[33m.[39mtoHaveProperty([32m"status"[39m)[33m;[39m[0m

      at Object.expect (tests/orders.test.js:1062:10)
      ----
      at Test._assertStatus (../node_modules/supertest/lib/test.js:309:14)
      at ../node_modules/supertest/lib/test.js:365:13
      at Test._assertFunction (../node_modules/supertest/lib/test.js:342:13)
      at Test.assert (../node_modules/supertest/lib/test.js:195:23)
      at localAssert (../node_modules/supertest/lib/test.js:138:14)
      at Server.<anonymous> (../node_modules/supertest/lib/test.js:152:11)

  console.log
    [dotenv@17.2.2] injecting env (18) from .env -- tip: ≡ƒôí auto-backup env with Radar: https://dotenvx.com/radar

      at _log (node_modules/dotenv/lib/main.js:139:11)

  console.log
    [dotenv@17.2.2] injecting env (0) from .env -- tip: ΓÜÖ∩╕Å  load multiple .env files with { path: ['.env.local', '.env'] }

      at _log (node_modules/dotenv/lib/main.js:139:11)

  console.log
    Γ£à Connected to MongoDB Atlas test database

      at log (tests/testUtils/dbHandler.js:26:11)

  console.log
    Γ£à Test database dropped

      at log (tests/testUtils/dbHandler.js:37:15)

  console.log
    Γ£à Test database connection closed

      at log (tests/testUtils/dbHandler.js:41:15)

FAIL tests/admin_extensions.test.js (28.875 s)
  PATCH /api/admin/roles/:id - Update Admin Role
    ├ù should update moderator role to superadmin (2447 ms)
    ├ù should update superadmin role to moderator (when multiple superadmins exist) (1073 ms)
    ΓêÜ should reject demotion of last remaining superadmin (961 ms)
    ΓêÜ should reject invalid role value (851 ms)
    ├ù should reject invalid admin ID (730 ms)
    ΓêÜ should return 404 for non-existent admin (888 ms)
  DELETE /api/admin/roles/:id - Delete Admin
    ΓêÜ should delete moderator successfully (955 ms)
    ΓêÜ should reject deletion of last remaining superadmin (964 ms)
    ├ù should allow deletion of superadmin when multiple exist (981 ms)
    ├ù should reject invalid admin ID (663 ms)
    ΓêÜ should return 404 for non-existent admin (862 ms)
  GET /api/admin/payouts/summary - Payout Summary
    ├ù should return payout summary with aggregated earnings (1076 ms)
    ├ù should filter payout summary by date range (886 ms)
    ΓêÜ should return empty rows array when no payouts exist (1647 ms)
  GET /api/admin/payouts/logs - Payout Logs
    ΓêÜ should return payout logs with pagination (1584 ms)
    ΓêÜ should support pagination with page and limit (1481 ms)
    ├ù should filter payout logs by seller_id (914 ms)
  DELETE /api/admin/sellers/:id - Cascade Delete
    ├ù should cascade delete seller with all related data (1317 ms)
    ├ù should return cascade summary with counts (1367 ms)
    ΓêÜ should support full delete with Firebase user deletion (2080 ms)
    ΓêÜ should return 404 for non-existent seller (1259 ms)
  DELETE /api/admin/delivery-agents/:id - Cascade Delete
    ├ù should cascade delete agent and unassign from orders (773 ms)
    ├ù should return 404 for non-existent agent (924 ms)

  ΓùÅ PATCH /api/admin/roles/:id - Update Admin Role ΓÇ║ should update moderator role to superadmin

    expected 200 "OK", got 404 "Not Found"

    [0m [90m 118 |[39m       [33m.[39m[36mset[39m([32m"Authorization"[39m[33m,[39m [32m`Bearer ${adminToken}`[39m)
     [90m 119 |[39m       [33m.[39msend({ role[33m:[39m [32m"superadmin"[39m })
    [31m[1m>[22m[39m[90m 120 |[39m       [33m.[39mexpect([35m200[39m)[33m;[39m
     [90m     |[39m        [31m[1m^[22m[39m
     [90m 121 |[39m
     [90m 122 |[39m     expect(response[33m.[39mbody[33m.[39mid)[33m.[39mtoBe(moderatorId[33m.[39mtoString())[33m;[39m
     [90m 123 |[39m     expect(response[33m.[39mbody[33m.[39memail)[33m.[39mtoBe([32m"moderator@example.com"[39m)[33m;[39m[0m

      at Object.expect (tests/admin_extensions.test.js:120:8)
      ----
      at Test._assertStatus (../node_modules/supertest/lib/test.js:309:14)
      at ../node_modules/supertest/lib/test.js:365:13
      at Test._assertFunction (../node_modules/supertest/lib/test.js:342:13)
      at Test.assert (../node_modules/supertest/lib/test.js:195:23)
      at localAssert (../node_modules/supertest/lib/test.js:138:14)
      at Server.<anonymous> (../node_modules/supertest/lib/test.js:152:11)

  ΓùÅ PATCH /api/admin/roles/:id - Update Admin Role ΓÇ║ should update superadmin role to moderator (when multiple superadmins exist)

    expected 200 "OK", got 404 "Not Found"

    [0m [90m 142 |[39m       [33m.[39m[36mset[39m([32m"Authorization"[39m[33m,[39m [32m`Bearer ${adminToken}`[39m)
     [90m 143 |[39m       [33m.[39msend({ role[33m:[39m [32m"moderator"[39m })
    [31m[1m>[22m[39m[90m 144 |[39m       [33m.[39mexpect([35m200[39m)[33m;[39m
     [90m     |[39m        [31m[1m^[22m[39m
     [90m 145 |[39m
     [90m 146 |[39m     expect(response[33m.[39mbody[33m.[39mrole)[33m.[39mtoBe([32m"moderator"[39m)[33m;[39m
     [90m 147 |[39m[0m

      at Object.expect (tests/admin_extensions.test.js:144:8)
      ----
      at Test._assertStatus (../node_modules/supertest/lib/test.js:309:14)
      at ../node_modules/supertest/lib/test.js:365:13
      at Test._assertFunction (../node_modules/supertest/lib/test.js:342:13)
      at Test.assert (../node_modules/supertest/lib/test.js:195:23)
      at localAssert (../node_modules/supertest/lib/test.js:138:14)
      at Server.<anonymous> (../node_modules/supertest/lib/test.js:152:11)

  ΓùÅ PATCH /api/admin/roles/:id - Update Admin Role ΓÇ║ should reject invalid admin ID

    MongoServerError: E11000 duplicate key error collection: grocery_db_test.admins index: email_1 dup key: { email: "test.admin@example.com" }

      at InsertOneOperation.execute (node_modules/mongoose/node_modules/mongodb/src/operations/insert.ts:88:13)
      at tryOperation (node_modules/mongoose/node_modules/mongodb/src/operations/execute_operation.ts:283:14)
      at executeOperation (node_modules/mongoose/node_modules/mongodb/src/operations/execute_operation.ts:115:12)
      at Collection.insertOne (node_modules/mongoose/node_modules/mongodb/src/collection.ts:286:12)

  ΓùÅ DELETE /api/admin/roles/:id - Delete Admin ΓÇ║ should allow deletion of superadmin when multiple exist

    expected 204 "No Content", got 404 "Not Found"

    [0m [90m 235 |[39m       [33m.[39m[36mdelete[39m([32m`/api/admin/roles/${testAdminId}`[39m)
     [90m 236 |[39m       [33m.[39m[36mset[39m([32m"Authorization"[39m[33m,[39m [32m`Bearer ${adminToken}`[39m)
    [31m[1m>[22m[39m[90m 237 |[39m       [33m.[39mexpect([35m204[39m)[33m;[39m
     [90m     |[39m        [31m[1m^[22m[39m
     [90m 238 |[39m
     [90m 239 |[39m     [90m// Verify database deletion[39m
     [90m 240 |[39m     [36mconst[39m deleted [33m=[39m [36mawait[39m [33mAdmin[39m[33m.[39mfindById(testAdminId)[33m;[39m[0m

      at Object.expect (tests/admin_extensions.test.js:237:8)
      ----
      at Test._assertStatus (../node_modules/supertest/lib/test.js:309:14)
      at ../node_modules/supertest/lib/test.js:365:13
      at Test._assertFunction (../node_modules/supertest/lib/test.js:342:13)
      at Test.assert (../node_modules/supertest/lib/test.js:195:23)
      at localAssert (../node_modules/supertest/lib/test.js:138:14)
      at Server.<anonymous> (../node_modules/supertest/lib/test.js:152:11)

  ΓùÅ DELETE /api/admin/roles/:id - Delete Admin ΓÇ║ should reject invalid admin ID

    MongoServerError: E11000 duplicate key error collection: grocery_db_test.admins index: email_1 dup key: { email: "test.admin@example.com" }

      at InsertOneOperation.execute (node_modules/mongoose/node_modules/mongodb/src/operations/insert.ts:88:13)
      at tryOperation (node_modules/mongoose/node_modules/mongodb/src/operations/execute_operation.ts:283:14)
      at executeOperation (node_modules/mongoose/node_modules/mongodb/src/operations/execute_operation.ts:115:12)
      at Collection.insertOne (node_modules/mongoose/node_modules/mongodb/src/collection.ts:286:12)

  ΓùÅ GET /api/admin/payouts/summary - Payout Summary ΓÇ║ should return payout summary with aggregated earnings

    expect(received).toBeGreaterThan(expected)

    Expected: > 0
    Received:   0

    [0m [90m 363 |[39m     expect(response[33m.[39mbody[33m.[39mrows)[33m.[39mtoBeDefined()[33m;[39m
     [90m 364 |[39m     expect([33mArray[39m[33m.[39misArray(response[33m.[39mbody[33m.[39mrows))[33m.[39mtoBe([36mtrue[39m)[33m;[39m
    [31m[1m>[22m[39m[90m 365 |[39m     expect(response[33m.[39mbody[33m.[39mrows[33m.[39mlength)[33m.[39mtoBeGreaterThan([35m0[39m)[33m;[39m
     [90m     |[39m                                       [31m[1m^[22m[39m
     [90m 366 |[39m
     [90m 367 |[39m     [90m// Check aggregated data structure[39m
     [90m 368 |[39m     [36mconst[39m sellerRow [33m=[39m response[33m.[39mbody[33m.[39mrows[[35m0[39m][33m;[39m[0m

      at Object.toBeGreaterThan (tests/admin_extensions.test.js:365:39)

  ΓùÅ GET /api/admin/payouts/summary - Payout Summary ΓÇ║ should filter payout summary by date range

    MongoServerError: E11000 duplicate key error collection: grocery_db_test.sellers index: email_1 dup key: { email: "seller@test.com" }

      at InsertOneOperation.execute (node_modules/mongoose/node_modules/mongodb/src/operations/insert.ts:88:13)
      at tryOperation (node_modules/mongoose/node_modules/mongodb/src/operations/execute_operation.ts:283:14)
      at executeOperation (node_modules/mongoose/node_modules/mongodb/src/operations/execute_operation.ts:115:12)
      at Collection.insertOne (node_modules/mongoose/node_modules/mongodb/src/collection.ts:286:12)

  ΓùÅ GET /api/admin/payouts/logs - Payout Logs ΓÇ║ should filter payout logs by seller_id

    MongoServerError: E11000 duplicate key error collection: grocery_db_test.sellers index: email_1 dup key: { email: "seller@test.com" }

      at InsertOneOperation.execute (node_modules/mongoose/node_modules/mongodb/src/operations/insert.ts:88:13)
      at tryOperation (node_modules/mongoose/node_modules/mongodb/src/operations/execute_operation.ts:283:14)
      at executeOperation (node_modules/mongoose/node_modules/mongodb/src/operations/execute_operation.ts:115:12)
      at Collection.insertOne (node_modules/mongoose/node_modules/mongodb/src/collection.ts:286:12)

  ΓùÅ DELETE /api/admin/sellers/:id - Cascade Delete ΓÇ║ should cascade delete seller with all related data

    expect(received).toBeGreaterThan(expected)

    Expected: > 0
    Received:   0

    [0m [90m 563 |[39m     expect(response[33m.[39mbody[33m.[39mmessage)[33m.[39mtoMatch([35m/seller deleted/i[39m)[33m;[39m
     [90m 564 |[39m     expect(response[33m.[39mbody[33m.[39mcascade)[33m.[39mtoBeDefined()[33m;[39m
    [31m[1m>[22m[39m[90m 565 |[39m     
expect(response[33m.[39mbody[33m.[39mcascade[33m.[39mproductsDeleted)[33m.[39mtoBeGreaterThan([35m0[39m)[33m;[39m
     [90m     |[39m                                                   [31m[1m^[22m[39m
     [90m 566 |[39m     expect(response[33m.[39mbody[33m.[39mcascade[33m.[39mordersDeleted)[33m.[39mtoBeGreaterThan([35m0[39m)[33m;[39m
     [90m 567 |[39m     expect(response[33m.[39mbody[33m.[39mcascade[33m.[39mearningsDeleted)[33m.[39mtoBeGreaterThan([35m0[39m)[33m;[39m
     [90m 568 |[39m     expect(response[33m.[39mbody[33m.[39mcascade[33m.[39mdeviceTokensDeleted)[33m.[39mtoBeGreaterThan([35m0[39m)[33m;[39m[0m

      at Object.toBeGreaterThan (tests/admin_extensions.test.js:565:51)

  ΓùÅ DELETE /api/admin/sellers/:id - Cascade Delete ΓÇ║ should return cascade summary with counts

    expect(received).toBe(expected) // Object.is equality

    Expected: 1
    Received: 0

    [0m [90m 585 |[39m       [33m.[39mexpect([35m200[39m)[33m;[39m
     [90m 586 |[39m
    [31m[1m>[22m[39m[90m 587 |[39m     expect(response[33m.[39mbody[33m.[39mcascade[33m.[39mproductsDeleted)[33m.[39mtoBe([35m1[39m)[33m;[39m
     [90m     |[39m                                                   [31m[1m^[22m[39m
     [90m 588 |[39m     expect(response[33m.[39mbody[33m.[39mcascade[33m.[39mordersDeleted)[33m.[39mtoBe([35m1[39m)[33m;[39m
     [90m 589 |[39m     expect(response[33m.[39mbody[33m.[39mcascade[33m.[39mearningsDeleted)[33m.[39mtoBe([35m1[39m)[33m;[39m
     [90m 590 |[39m     expect(response[33m.[39mbody[33m.[39mcascade[33m.[39mdeviceTokensDeleted)[33m.[39mtoBe([35m1[39m)[33m;[39m[0m

      at Object.toBe (tests/admin_extensions.test.js:587:51)

  ΓùÅ DELETE /api/admin/delivery-agents/:id - Cascade Delete ΓÇ║ should cascade delete agent and unassign from orders

    MongoServerError: E11000 duplicate key error collection: grocery_db_test.admins index: email_1 dup key: { email: "test.admin@example.com" }

      at InsertOneOperation.execute (node_modules/mongoose/node_modules/mongodb/src/operations/insert.ts:88:13)
      at tryOperation (node_modules/mongoose/node_modules/mongodb/src/operations/execute_operation.ts:283:14)
      at executeOperation (node_modules/mongoose/node_modules/mongodb/src/operations/execute_operation.ts:115:12)
      at Collection.insertOne (node_modules/mongoose/node_modules/mongodb/src/collection.ts:286:12)

  ΓùÅ DELETE /api/admin/delivery-agents/:id - Cascade Delete ΓÇ║ should return 404 for non-existent agent

    MongoServerError: E11000 duplicate key error collection: grocery_db_test.sellers index: email_1 dup key: { email: "seller@test.com" }

      at InsertOneOperation.execute (node_modules/mongoose/node_modules/mongodb/src/operations/insert.ts:88:13)
      at tryOperation (node_modules/mongoose/node_modules/mongodb/src/operations/execute_operation.ts:283:14)
      at executeOperation (node_modules/mongoose/node_modules/mongodb/src/operations/execute_operation.ts:115:12)
      at Collection.insertOne (node_modules/mongoose/node_modules/mongodb/src/collection.ts:286:12)

  console.log
    [dotenv@17.2.2] injecting env (18) from .env -- tip: ΓÜÖ∩╕Å  override existing env vars with { override: true }

      at _log (node_modules/dotenv/lib/main.js:139:11)

  console.log
    [dotenv@17.2.2] injecting env (0) from .env -- tip: ≡ƒôí version env with Radar: https://dotenvx.com/radar

      at _log (node_modules/dotenv/lib/main.js:139:11)

  console.log
    Γ£à Connected to MongoDB Atlas test database

      at log (tests/testUtils/dbHandler.js:26:11)

  console.log
    Γ£à Test database dropped

      at log (tests/testUtils/dbHandler.js:37:15)

  console.log
    Γ£à Test database connection closed

      at log (tests/testUtils/dbHandler.js:41:15)

FAIL tests/seller.test.js (90.374 s)
  Seller - Integration Tests
    POST /api/seller/products - Create Product
      ΓêÜ should create product successfully (3010 ms)
      ΓêÜ should fail without seller authentication (353 ms)
      ΓêÜ should fail with missing required fields (728 ms)
      ΓêÜ restaurant products should have high default stock (823 ms)
    GET /api/seller/products - List Seller Products
      ├ù should return seller's products only (538 ms)
    PUT /api/seller/products/:id - Update Product
      ΓêÜ should update product successfully (379 ms)
      ΓêÜ should not update product of another seller (466 ms)
    PATCH /api/seller/products/:id - Partial Update
      ΓêÜ should update single field (369 ms)
    DELETE /api/seller/products/:id - Delete Product
      ΓêÜ should soft delete (deactivate) product by default (509 ms)
      ├ù should permanently delete product with permanent=true (258 ms)
    POST /api/seller/toggle-open - Toggle Availability
      ΓêÜ should toggle seller open status (434 ms)
      ΓêÜ should require boolean value (329 ms)
    GET /api/seller/orders - List Seller Orders
      ΓêÜ should return orders containing seller's products (433 ms)
      ΓêÜ should paginate seller orders (433 ms)
    POST /api/seller/orders/accept - Accept Order
      ├ù should accept order successfully (766 ms)
      ΓêÜ should fail with invalid order ID (510 ms)
    GET /api/seller/analytics - Seller Analytics
      ΓêÜ should return seller analytics (439 ms)
      ΓêÜ should filter analytics by date range (446 ms)
    GET /api/seller/inventory - Inventory Management
      ΓêÜ should return low stock products (416 ms)
      ΓêÜ should return inventory stats (446 ms)
    GET /api/seller/orders/pending - List Pending Orders
      ΓêÜ should list only pending orders (466 ms)
      ΓêÜ should exclude non-pending orders (536 ms)
    GET /api/seller/orders/:id - Get Single Order
      ΓêÜ should retrieve single order by ID (501 ms)
      ΓêÜ should return 404 for non-existent order (542 ms)
      ΓêÜ should return 400 for invalid order ID format (403 ms)
    POST /api/seller/orders/reject - Reject Order
      ├ù should reject order with reason (550 ms)
      ΓêÜ should fail rejection without order ID (397 ms)
      ΓêÜ should fail rejection with invalid order ID (496 ms)
    POST /api/seller/check-delivery-availability - Delivery Availability Check
      ΓêÜ should check delivery availability with valid coordinates (380 ms)
      ΓêÜ should fail without store location (343 ms)
      ΓêÜ should fail without longitude (321 ms)
      ΓêÜ should handle invalid coordinate types (440 ms)
    POST /api/seller/:sellerId/feedback - Submit Feedback
      ΓêÜ should submit feedback successfully (378 ms)
      ΓêÜ should fail without message (337 ms)
      ΓêÜ should fail with invalid seller ID (329 ms)
      ΓêÜ should accept feedback without type (defaults to other) (408 ms)
    GET /api/seller/:sellerId/feedback - Get Seller Feedback
      ΓêÜ should retrieve seller feedback (391 ms)
      ΓêÜ should return empty rows for seller without feedback (572 ms)
    GET /api/seller/:sellerId/earnings/summary - Earnings Summary
      ΓêÜ should return earnings summary (395 ms)
      ΓêÜ should filter earnings by date range (393 ms)
      ΓêÜ should handle invalid seller ID (439 ms)
    GET /api/seller/:sellerId/earnings/logs - Earnings Logs
      ├ù should return earnings logs with pagination (235 ms)
      ΓêÜ should filter logs by date range (364 ms)
    GET /api/seller/products/reviews - Product Reviews
      ΓêÜ should retrieve reviews for seller products (461 ms)
      ΓêÜ should support pagination for reviews (431 ms)
      ├ù should filter reviews by product ID (315 ms)
    POST /api/seller/reviews/:reviewId/respond - Respond to Review
      ├ù should respond to review successfully (524 ms)
      ΓêÜ should fail without message (479 ms)
      ΓêÜ should fail with non-existent review ID (423 ms)
    DELETE /api/seller/reviews/:reviewId/respond - Delete Review Response
      ├ù should delete review response successfully (539 ms)
      ├ù should fail with non-existent review ID (239 ms)
    Edge Cases & Error Handling
      ΓêÜ should handle missing seller authentication across endpoints (326 ms)
      ΓêÜ should handle invalid MongoDB ObjectIds gracefully (318 ms)
      ΓêÜ should prevent seller from updating another seller's product (471 ms)
      ΓêÜ should handle non-existent seller ID in toggle-open (343 ms)
      ΓêÜ should handle server errors gracefully in product creation (413 ms)
      ΓêÜ should handle DELETE with non-existent product (361 ms)
      ΓêÜ should handle PATCH with invalid product ID (319 ms)
      ΓêÜ should handle order rejection with too short reason (430 ms)
      ΓêÜ should handle order rejection without seller items (624 ms)
      ΓêÜ should handle order rejection with no items (456 ms)
      ΓêÜ should handle order reject with non-existent order (349 ms)
      ΓêÜ should handle feedback with very short message (393 ms)
      ΓêÜ should handle review response with empty message (397 ms)
      ΓêÜ should handle review response with message > 500 chars (390 ms)
      ΓêÜ should handle review response for another seller's product (642 ms)
      ├ù should handle delete review response for another seller's product (608 ms)
    GET /api/seller/stream - SSE Order Updates
      ΓêÜ should handle missing seller authentication (322 ms)
      Γùï skipped should establish SSE connection with correct headers
    GET /api/seller/analytics/export - Export Analytics CSV
      ΓêÜ should export analytics as CSV with default period (month) (358 ms)
      ΓêÜ should export analytics with specific period (week) (423 ms)
      ΓêÜ should export analytics with period=today (370 ms)
      ΓêÜ should export analytics with period=year (361 ms)
      ΓêÜ should export analytics with period=all (354 ms)
    GET /api/seller/analytics/stream - Real-time Analytics SSE
      ΓêÜ should reject analytics stream without authentication (336 ms)
      Γùï skipped should establish analytics SSE connection with correct headers
    GET /api/seller/inventory - Extended Inventory Tests
      ΓêÜ should filter low stock products only (474 ms)
      ΓêÜ should use custom threshold for low stock (353 ms)
      ΓêÜ should calculate inventory stats correctly (347 ms)
    PUT /api/seller/inventory/:productId/stock - Update Stock
      ΓêÜ should update product stock (516 ms)
      ΓêÜ should reject invalid stock value (negative) (361 ms)
      ΓêÜ should reject invalid stock value (non-numeric) (360 ms)
      ΓêÜ should handle non-existent product (404) (356 ms)
      ΓêÜ should prevent updating stock for another seller's product (505 ms)
    GET /api/seller/analytics - Extended Period Tests
      ΓêÜ should handle period=today (396 ms)
      ΓêÜ should handle period=year (399 ms)
      ΓêÜ should handle period=all (399 ms)
      ΓêÜ should handle invalid period with fallback to month (370 ms)
    POST /api/seller/orders/accept - Delivery Assignment Edge Cases
      Γùï skipped should accept order without delivery agent when none available
      Γùï skipped should handle order acceptance with multiple seller items
      Γùï skipped should handle order acceptance without delivery address
    POST /api/seller/check-delivery-availability - Edge Cases
      ΓêÜ should handle extreme coordinate values (318 ms)
      ΓêÜ should handle same location for store and delivery (324 ms)
      ΓêÜ should handle missing delivery location latitude (340 ms)
      ΓêÜ should handle delivery location with invalid types (322 ms)
    Product Management - Additional Tests
      ΓêÜ should create restaurant product with high default stock (524 ms)
      ΓêÜ should handle product creation with all optional fields (475 ms)
      ΓêÜ should handle product update with empty fields (545 ms)
    POST /api/seller/inventory/bulk-update - Bulk Stock Updates
      ΓêÜ should bulk update multiple product stocks (484 ms)
      ΓêÜ should handle partial bulk update failures (605 ms)
      ├ù should reject bulk update with invalid stock values (250 ms)
      ΓêÜ should handle empty bulk update array (404 ms)
    GET /api/seller/analytics - Advanced Analytics Aggregations
      ΓêÜ should calculate revenue trends over time (366 ms)
      ├ù should calculate category-wise sales breakdown (246 ms)
      ΓêÜ should calculate top products by revenue (353 ms)
      ΓêÜ should handle analytics with custom date range (360 ms)
      ΓêÜ should calculate average order value (361 ms)
      ΓêÜ should handle analytics for seller with no orders (495 ms)
    Order Status Management - Extended
      ΓêÜ should handle order ready for pickup notification (358 ms)
      ├ù should handle order cancellation by seller (255 ms)
    Product Management - Advanced Features
      ΓêÜ should handle product image updates (459 ms)
      ΓêÜ should handle product category change (406 ms)
      ΓêÜ should handle product price updates (492 ms)
      ΓêÜ should handle product with very long description (388 ms)
      ΓêÜ should handle product with special characters in name (405 ms)
      ΓêÜ should handle bulk product deactivation (566 ms)
    Seller Profile Management
      ΓêÜ should retrieve seller profile (360 ms)
      ΓêÜ should update seller business name (369 ms)
      ΓêÜ should update seller location coordinates (362 ms)
      ΓêÜ should update seller operating hours (467 ms)
    Error Handling - Additional Edge Cases
      ΓêÜ should handle concurrent product updates (407 ms)
      ΓêÜ should handle malformed MongoDB ObjectId (336 ms)
      ΓêÜ should handle request with missing content-type header (333 ms)
      ΓêÜ should handle very large request payload (324 ms)
    Delivery Agent Assignment & Availability
      ΓêÜ should check delivery availability with nearby agents (563 ms)
      ├ù should calculate nearest agent correctly (517 ms)
      ├ù should warn when no agents available (all at capacity) (784 ms)
      ├ù should handle agent with no location data (748 ms)
      ΓêÜ should calculate estimated wait time based on agent load (497 ms)
      ├ù should filter out offline agents from availability (252 ms)
    Complex Analytics Period Calculations
      ΓêÜ should calculate analytics for "today" period (482 ms)
      ΓêÜ should calculate analytics for "week" period (474 ms)
      ΓêÜ should calculate analytics for "month" period (474 ms)
      ΓêÜ should calculate analytics for "year" period (489 ms)
      ΓêÜ should calculate analytics for "all" period (beginning of time) (494 ms)
      ΓêÜ should default to month period for invalid period (506 ms)
    Inventory Management Advanced
      ├ù should check low stock products (247 ms)
      ΓêÜ should get inventory alerts (324 ms)
      ΓêÜ should bulk update stock levels (368 ms)
      ΓêÜ should get inventory summary statistics (364 ms)
    Distance Calculation Helper
      ΓêÜ should calculate distance between two coordinates correctly (364 ms)
    SSE Streaming Endpoints
      ΓêÜ should handle SSE connection errors gracefully (line 385) (323 ms)
      Γùï skipped should connect to seller SSE stream with proper headers (lines 375-385)
      Γùï skipped should connect to analytics SSE stream (lines 1734-1835)
    Inventory Advanced Operations
      ΓêÜ should get inventory with stats (lines 1889-1937) (598 ms)
      ΓêÜ should filter low stock products (lines 1889-1937) (567 ms)
      ├ù should update product stock via PUT /inventory/:productId/stock (lines 1900-1937) (250 ms)
      ΓêÜ should reject negative stock values (lines 1900-1937) (558 ms)
      ├ù should handle product not found for stock update (lines 1900-1937) (246 ms)
      ΓêÜ should handle invalid stock type (lines 1900-1937) (563 ms)
      ΓêÜ should handle stock update errors (lines 1947-2007) (614 ms)
    CSV Upload & Export Operations
      ΓêÜ should upload products via CSV (lines 2021-2111) (574 ms)
      ├ù should reject CSV upload with empty array (lines 2021-2111) (271 ms)
      ΓêÜ should handle CSV upload validation errors (lines 2021-2111) (539 ms)
      ΓêÜ should export analytics as CSV (lines 1661-1719) (504 ms)
      ΓêÜ should export analytics for different periods (lines 1661-1719) (616 ms)
    Error Handling & Edge Cases
      ├ù should handle toggle-open errors (lines 50-51) (248 ms)
      ΓêÜ should handle product listing errors (lines 114-115) (464 ms)
      ΓêÜ should handle product creation errors (lines 135-136) (484 ms)
      ΓêÜ should handle product update errors (lines 168-169) (471 ms)
      ├ù should handle product deletion errors (lines 179-180) (244 ms)
      ΓêÜ should handle order listing errors (lines 248-249) (477 ms)
      ΓêÜ should handle pending orders errors (lines 303-304) (430 ms)
      ΓêÜ should handle order acceptance errors (lines 328, 337) (458 ms)
      ΓêÜ should handle order rejection errors (lines 368-369) (443 ms)
      ΓêÜ should handle delivery check errors (lines 402, 409, 418) (522 ms)
      ΓêÜ should handle feedback submission errors (lines 445-446) (440 ms)
      ΓêÜ should handle feedback retrieval errors (lines 472-480) (429 ms)
      ΓêÜ should handle earnings summary errors (lines 541-544, 553, 559) (437 ms)
      ΓêÜ should handle earnings logs errors (lines 585, 599-600) (445 ms)
      ΓêÜ should handle review retrieval errors (lines 662, 672-673) (459 ms)
      ΓêÜ should handle review response errors (lines 845-846, 855, 870-871) (445 ms)
      ΓêÜ should handle analytics errors (lines 890-892, 983-984, 993, 1002-1004, 1016-1017) (505 ms)
      ΓêÜ should handle profile update errors (lines 1421-1422, 1453) (439 ms)
      ΓêÜ should handle low availability mode (lines 497-531) (495 ms)
      ΓêÜ should handle agent without location fallback (lines 497-531) (612 ms)
    Review Statistics & Aggregation
      ΓêÜ should calculate review statistics with rating distribution (lines 1520-1546) (852 ms)
      ΓêÜ should handle reviews with seller response (lines 1608-1609) (755 ms)
      ΓêÜ should handle review deletion (lines 1645-1646) (610 ms)
    Advanced Delivery Agent Logic
      ΓêÜ should handle multiple agents at max capacity (lines 754, 764-770) (582 ms)
      ΓêÜ should sort agents by distance correctly (lines 780-787) (643 ms)
      ├ù should log distance information (lines 817-818) (334 ms)
    Review Statistics & Seller Response (lines 1520-1546, 1608-1609, 1645-1646)
      ΓêÜ should calculate review statistics with rating distribution (lines 1520-1546) (883 ms)
      ΓêÜ should handle reviews with seller response (lines 1608-1609) (556 ms)
      ΓêÜ should handle review deletion (lines 1645-1646) (635 ms)
    Analytics CSV Export (lines 1685, 1700-1709, 1718-1719)
      ΓêÜ should export analytics as CSV with proper formatting (lines 1685, 1700-1709) (632 ms)
      ΓêÜ should handle CSV export with 'all' period (lines 1685) (562 ms)
      ΓêÜ should handle CSV export error gracefully (lines 1718-1719) (667 ms)
    Analytics SSE Streaming (lines 1734-1835)
      Γùï skipped should setup SSE connection with proper headers (lines 1734-1750)
      Γùï skipped should handle SSE cleanup on connection close (lines 1815-1830)
    Inventory Error Handling (lines 1889-1890)
      ΓêÜ should handle inventory fetch errors gracefully (lines 1889-1890) (384 ms)
    Bulk Update Error Handling (lines 1993, 2006-2007)
      ├ù should handle individual product update failures (lines 1993) (354 ms)
      ΓêÜ should handle bulk update server errors (lines 2006-2007) (419 ms)
    CSV Upload Operations (lines 2061-2069, 2096, 2110-2111)
      ΓêÜ should handle CSV upload with product updates (lines 2061-2069) (466 ms)
      ΓêÜ should handle CSV upload with validation errors (lines 2096) (360 ms)
      ΓêÜ should handle CSV upload server errors (lines 2110-2111) (313 ms)
      ΓêÜ should handle CSV upload with mixed results (lines 2061-2111) (507 ms)

  ΓùÅ Seller - Integration Tests ΓÇ║ GET /api/seller/products - List Seller Products ΓÇ║ should return seller's products only

    expect(received).toBe(expected) // Object.is equality

    Expected: 1
    Received: 0

    [0m [90m 162 |[39m       expect(res[33m.[39mstatus)[33m.[39mtoBe([35m200[39m)[33m;[39m
     [90m 163 |[39m       expect([33mArray[39m[33m.[39misArray(res[33m.[39mbody))[33m.[39mtoBe([36mtrue[39m)[33m;[39m
    [31m[1m>[22m[39m[90m 164 |[39m       expect(res[33m.[39mbody[33m.[39mlength)[33m.[39mtoBe([35m1[39m)[33m;[39m
     [90m     |[39m                               [31m[1m^[22m[39m
     [90m 165 |[39m       expect(res[33m.[39mbody[[35m0[39m][33m.[39mname)[33m.[39mtoBe([32m"Test Product"[39m)[33m;[39m
     [90m 166 |[39m     })[33m;[39m
     [90m 167 |[39m   })[33m;[39m[0m

      at Object.toBe (tests/seller.test.js:164:31)

  ΓùÅ Seller - Integration Tests ΓÇ║ DELETE /api/seller/products/:id - Delete Product ΓÇ║ should permanently delete product with permanent=true

    MongoServerError: E11000 duplicate key error collection: grocery_db_test.sellers index: email_1 dup key: { email: "seller@test.com" }

      at InsertOneOperation.execute (node_modules/mongoose/node_modules/mongodb/src/operations/insert.ts:88:13)
      at tryOperation (node_modules/mongoose/node_modules/mongodb/src/operations/execute_operation.ts:283:14)
      at executeOperation (node_modules/mongoose/node_modules/mongodb/src/operations/execute_operation.ts:115:12)
      at Collection.insertOne (node_modules/mongoose/node_modules/mongodb/src/collection.ts:286:12)

  ΓùÅ Seller - Integration Tests ΓÇ║ POST /api/seller/orders/accept - Accept Order ΓÇ║ should accept order successfully

    TypeError: Cannot read properties of null (reading 'delivery')

    [0m [90m 378 |[39m       [36mconst[39m updatedOrder [33m=[39m [36mawait[39m [33mOrder[39m[33m.[39mfindById(testOrder[33m.[39m_id)[33m;[39m
     [90m 379 |[39m       [90m// API sets delivery_status to "pending" when seller accepts (waiting for agent assignment)[39m
    [31m[1m>[22m[39m[90m 380 |[39m       expect(updatedOrder[33m.[39mdelivery[33m.[39mdelivery_status)[33m.[39mtoBe([32m"pending"[39m)[33m;[39m
     [90m     |[39m                           [31m[1m^[22m[39m
     [90m 381 |[39m     })[33m;[39m
     [90m 382 |[39m
     [90m 383 |[39m     test([32m"should fail with invalid order ID"[39m[33m,[39m [36masync[39m () [33m=>[39m {[0m

      at Object.delivery (tests/seller.test.js:380:27)

  ΓùÅ Seller - Integration Tests ΓÇ║ POST /api/seller/orders/reject - Reject Order ΓÇ║ should reject order with reason

    expect(received).toBe(expected) // Object.is equality

    Expected: 200
    Received: 403

    [0m [90m 714 |[39m         [33m.[39m[36mset[39m([32m"x-seller-id"[39m[33m,[39m testSeller[33m.[39m_id[33m.[39mtoString())[33m;[39m
     [90m 715 |[39m
    [31m[1m>[22m[39m[90m 716 |[39m       expect(res[33m.[39mstatus)[33m.[39mtoBe([35m200[39m)[33m;[39m
     [90m     |[39m                          [31m[1m^[22m[39m
     [90m 717 |[39m       expect(res[33m.[39mbody[33m.[39msuccess [33m||[39m res[33m.[39mbody[33m.[39mmessage)[33m.[39mtoBeDefined()[33m;[39m
     [90m 718 |[39m
     [90m 719 |[39m       [36mconst[39m updatedOrder [33m=[39m [36mawait[39m [33mOrder[39m[33m.[39mfindById(rejectTestOrder[33m.[39m_id)[33m;[39m[0m

      at Object.toBe (tests/seller.test.js:716:26)

  ΓùÅ Seller - Integration Tests ΓÇ║ GET /api/seller/:sellerId/earnings/logs - Earnings Logs ΓÇ║ should return earnings logs with pagination

    MongoServerError: E11000 duplicate key error collection: grocery_db_test.sellers index: email_1 dup key: { email: "seller@test.com" }

      at InsertOneOperation.execute (node_modules/mongoose/node_modules/mongodb/src/operations/insert.ts:88:13)
      at tryOperation (node_modules/mongoose/node_modules/mongodb/src/operations/execute_operation.ts:283:14)
      at executeOperation (node_modules/mongoose/node_modules/mongodb/src/operations/execute_operation.ts:115:12)
      at Collection.insertOne (node_modules/mongoose/node_modules/mongodb/src/collection.ts:286:12)

  ΓùÅ Seller - Integration Tests ΓÇ║ GET /api/seller/products/reviews - Product Reviews ΓÇ║ should filter reviews by product ID

    MongoServerError: E11000 duplicate key error collection: grocery_db_test.sellers index: email_1 dup key: { email: "seller@test.com" }

      at InsertOneOperation.execute (node_modules/mongoose/node_modules/mongodb/src/operations/insert.ts:88:13)
      at tryOperation (node_modules/mongoose/node_modules/mongodb/src/operations/execute_operation.ts:283:14)
      at executeOperation (node_modules/mongoose/node_modules/mongodb/src/operations/execute_operation.ts:115:12)
      at Collection.insertOne (node_modules/mongoose/node_modules/mongodb/src/collection.ts:286:12)

  ΓùÅ Seller - Integration Tests ΓÇ║ POST /api/seller/reviews/:reviewId/respond - Respond to Review ΓÇ║ should respond to review successfully

    expect(received).toBe(expected) // Object.is equality

    Expected: 200
    Received: 500

    [0m [90m 1007 |[39m         [33m.[39m[36mset[39m([32m"x-seller-id"[39m[33m,[39m testSeller[33m.[39m_id[33m.[39mtoString())[33m;[39m
     [90m 1008 |[39m
    [31m[1m>[22m[39m[90m 1009 |[39m       expect(res[33m.[39mstatus)[33m.[39mtoBe([35m200[39m)[33m;[39m
     [90m      |[39m                          [31m[1m^[22m[39m
     [90m 1010 |[39m       expect(res[33m.[39mbody[33m.[39msuccess)[33m.[39mtoBe([36mtrue[39m)[33m;[39m
     [90m 1011 |[39m       expect(res[33m.[39mbody[33m.[39mreview)[33m.[39mtoBeDefined()[33m;[39m
     [90m 1012 |[39m     })[33m;[39m[0m

      at Object.toBe (tests/seller.test.js:1009:26)

  ΓùÅ Seller - Integration Tests ΓÇ║ DELETE /api/seller/reviews/:reviewId/respond - Delete Review Response ΓÇ║ should delete review response successfully

    expect(received).toBe(expected) // Object.is equality

    Expected: 200
    Received: 500

    [0m [90m 1061 |[39m         [33m.[39m[36mset[39m([32m"x-seller-id"[39m[33m,[39m testSeller[33m.[39m_id[33m.[39mtoString())[33m;[39m
     [90m 1062 |[39m
    [31m[1m>[22m[39m[90m 1063 |[39m       expect(res[33m.[39mstatus)[33m.[39mtoBe([35m200[39m)[33m;[39m
     [90m      |[39m                          [31m[1m^[22m[39m
     [90m 1064 |[39m       expect(res[33m.[39mbody[33m.[39msuccess)[33m.[39mtoBe([36mtrue[39m)[33m;[39m
     [90m 1065 |[39m     })[33m;[39m
     [90m 1066 |[39m[0m

      at Object.toBe (tests/seller.test.js:1063:26)

  ΓùÅ Seller - Integration Tests ΓÇ║ DELETE /api/seller/reviews/:reviewId/respond - Delete Review Response ΓÇ║ should fail with non-existent review ID

    MongoServerError: E11000 duplicate key error collection: grocery_db_test.sellers index: email_1 dup key: { email: "seller@test.com" }

      at InsertOneOperation.execute (node_modules/mongoose/node_modules/mongodb/src/operations/insert.ts:88:13)
      at tryOperation (node_modules/mongoose/node_modules/mongodb/src/operations/execute_operation.ts:283:14)
      at executeOperation (node_modules/mongoose/node_modules/mongodb/src/operations/execute_operation.ts:115:12)
      at Collection.insertOne (node_modules/mongoose/node_modules/mongodb/src/collection.ts:286:12)

  ΓùÅ Seller - Integration Tests ΓÇ║ Edge Cases & Error Handling ΓÇ║ should handle delete review response for another seller's product

    expect(received).toBe(expected) // Object.is equality

    Expected: 403
    Received: 404

    [0m [90m 1471 |[39m         [33m.[39m[36mset[39m([32m"x-seller-id"[39m[33m,[39m testSeller[33m.[39m_id[33m.[39mtoString())[33m;[39m
     [90m 1472 |[39m
    [31m[1m>[22m[39m[90m 1473 |[39m       expect(res[33m.[39mstatus)[33m.[39mtoBe([35m403[39m)[33m;[39m
     [90m      |[39m                          [31m[1m^[22m[39m
     [90m 1474 |[39m     })[33m;[39m
     [90m 1475 |[39m   })[33m;[39m
     [90m 1476 |[39m[0m

      at Object.toBe (tests/seller.test.js:1473:26)

  ΓùÅ Seller - Integration Tests ΓÇ║ POST /api/seller/inventory/bulk-update - Bulk Stock Updates ΓÇ║ should reject bulk update with invalid stock values

    MongoServerError: E11000 duplicate key error collection: grocery_db_test.sellers index: email_1 dup key: { email: "seller@test.com" }

      at InsertOneOperation.execute (node_modules/mongoose/node_modules/mongodb/src/operations/insert.ts:88:13)
      at tryOperation (node_modules/mongoose/node_modules/mongodb/src/operations/execute_operation.ts:283:14)
      at executeOperation (node_modules/mongoose/node_modules/mongodb/src/operations/execute_operation.ts:115:12)
      at Collection.insertOne (node_modules/mongoose/node_modules/mongodb/src/collection.ts:286:12)

  ΓùÅ Seller - Integration Tests ΓÇ║ GET /api/seller/analytics - Advanced Analytics Aggregations ΓÇ║ should calculate category-wise sales breakdown

    MongoServerError: E11000 duplicate key error collection: grocery_db_test.sellers index: email_1 dup key: { email: "seller@test.com" }

      at InsertOneOperation.execute (node_modules/mongoose/node_modules/mongodb/src/operations/insert.ts:88:13)
      at tryOperation (node_modules/mongoose/node_modules/mongodb/src/operations/execute_operation.ts:283:14)
      at executeOperation (node_modules/mongoose/node_modules/mongodb/src/operations/execute_operation.ts:115:12)
      at Collection.insertOne (node_modules/mongoose/node_modules/mongodb/src/collection.ts:286:12)

  ΓùÅ Seller - Integration Tests ΓÇ║ Order Status Management - Extended ΓÇ║ should handle order cancellation by seller

    MongoServerError: E11000 duplicate key error collection: grocery_db_test.sellers index: email_1 dup key: { email: "seller@test.com" }

      at InsertOneOperation.execute (node_modules/mongoose/node_modules/mongodb/src/operations/insert.ts:88:13)
      at tryOperation (node_modules/mongoose/node_modules/mongodb/src/operations/execute_operation.ts:283:14)
      at executeOperation (node_modules/mongoose/node_modules/mongodb/src/operations/execute_operation.ts:115:12)
      at Collection.insertOne (node_modules/mongoose/node_modules/mongodb/src/collection.ts:286:12)

  ΓùÅ Seller - Integration Tests ΓÇ║ Delivery Agent Assignment & Availability ΓÇ║ should calculate nearest agent correctly

    TypeError: Cannot read properties of null (reading 'name')

    [0m [90m 2581 |[39m       expect(res[33m.[39mstatus)[33m.[39mtoBe([35m200[39m)[33m;[39m
     [90m 2582 |[39m       expect(res[33m.[39mbody[33m.[39mnearestAgent)[33m.[39mtoBeDefined()[33m;[39m
    [31m[1m>[22m[39m[90m 2583 |[39m       expect(res[33m.[39mbody[33m.[39mnearestAgent[33m.[39mname)[33m.[39mtoBe([32m"Agent Near Store"[39m)[33m;[39m
     [90m      |[39m                                    [31m[1m^[22m[39m
     [90m 2584 |[39m       expect(res[33m.[39mbody[33m.[39mnearestAgent[33m.[39mdistance)[33m.[39mtoBeLessThan([35m5[39m)[33m;[39m [90m// Should be < 
5km[39m
     [90m 2585 |[39m       expect(res[33m.[39mbody[33m.[39mnearestAgent[33m.[39mactiveDeliveries)[33m.[39mtoBe([35m1[39m)[33m;[39m
     [90m 2586 |[39m       expect(res[33m.[39mbody[33m.[39mnearestAgent[33m.[39mavailableCapacity)[33m.[39mtoBe([35m2[39m)[33m;[39m [90m// 3 max - 1 
active[39m[0m

      at Object.name (tests/seller.test.js:2583:36)

  ΓùÅ Seller - Integration Tests ΓÇ║ Delivery Agent Assignment & Availability ΓÇ║ should warn when no agents available (all at capacity)

    expect(received).toBe(expected) // Object.is equality

    Expected: 1
    Received: 0

    [0m [90m 2667 |[39m
     [90m 2668 |[39m       expect(res[33m.[39mstatus)[33m.[39mtoBe([35m200[39m)[33m;[39m
    [31m[1m>[22m[39m[90m 2669 |[39m       expect(res[33m.[39mbody[33m.[39mavailability[33m.[39mavailableAgents)[33m.[39mtoBe([35m1[39m)[33m;[39m 
[90m// Only agent2 has capacity[39m
     [90m      |[39m                                                     [31m[1m^[22m[39m
     [90m 2670 |[39m       expect(res[33m.[39mbody[33m.[39mavailability[33m.[39mnearbyAvailableAgents)[33m.[39mtoBe([35m0[39m)[33m;[39m [90m// Agent2 is 
far[39m
     [90m 2671 |[39m       expect(res[33m.[39mbody[33m.[39mrecommendation)[33m.[39mtoBe([32m"caution"[39m)[33m;[39m
     [90m 2672 |[39m       expect(res[33m.[39mbody[33m.[39mmessage)[33m.[39mtoContain([32m"away"[39m)[33m;[39m[0m

      at Object.toBe (tests/seller.test.js:2669:53)

  ΓùÅ Seller - Integration Tests ΓÇ║ Delivery Agent Assignment & Availability ΓÇ║ should handle agent with no location data

    expect(received).toBe(expected) // Object.is equality

    Expected: 4
    Received: 1

    [0m [90m 2698 |[39m
     [90m 2699 |[39m       expect(res[33m.[39mstatus)[33m.[39mtoBe([35m200[39m)[33m;[39m
    [31m[1m>[22m[39m[90m 2700 |[39m       expect(res[33m.[39mbody[33m.[39mavailability[33m.[39mtotalAgents)[33m.[39mtoBe([35m4[39m)[33m;[39m
     [90m      |[39m                                                 [31m[1m^[22m[39m
     [90m 2701 |[39m       [90m// Agent without location should still be counted but won't have distance[39m
     [90m 2702 |[39m     })[33m;[39m
     [90m 2703 |[39m[0m

      at Object.toBe (tests/seller.test.js:2700:49)

  ΓùÅ Seller - Integration Tests ΓÇ║ Delivery Agent Assignment & Availability ΓÇ║ should filter out offline agents from availability

    MongoServerError: E11000 duplicate key error collection: grocery_db_test.sellers index: email_1 dup key: { email: "seller@test.com" }

      at InsertOneOperation.execute (node_modules/mongoose/node_modules/mongodb/src/operations/insert.ts:88:13)
      at tryOperation (node_modules/mongoose/node_modules/mongodb/src/operations/execute_operation.ts:283:14)
      at executeOperation (node_modules/mongoose/node_modules/mongodb/src/operations/execute_operation.ts:115:12)
      at Collection.insertOne (node_modules/mongoose/node_modules/mongodb/src/collection.ts:286:12)

  ΓùÅ Seller - Integration Tests ΓÇ║ Inventory Management Advanced ΓÇ║ should check low stock products

    MongoServerError: E11000 duplicate key error collection: grocery_db_test.sellers index: email_1 dup key: { email: "seller@test.com" }

      at InsertOneOperation.execute (node_modules/mongoose/node_modules/mongodb/src/operations/insert.ts:88:13)
      at tryOperation (node_modules/mongoose/node_modules/mongodb/src/operations/execute_operation.ts:283:14)
      at executeOperation (node_modules/mongoose/node_modules/mongodb/src/operations/execute_operation.ts:115:12)
      at Collection.insertOne (node_modules/mongoose/node_modules/mongodb/src/collection.ts:286:12)

  ΓùÅ Seller - Integration Tests ΓÇ║ Inventory Advanced Operations ΓÇ║ should update product stock via PUT /inventory/:productId/stock (lines 1900-1937)

    MongoServerError: E11000 duplicate key error collection: grocery_db_test.sellers index: email_1 dup key: { email: "seller@test.com" }

      at InsertOneOperation.execute (node_modules/mongoose/node_modules/mongodb/src/operations/insert.ts:88:13)
      at tryOperation (node_modules/mongoose/node_modules/mongodb/src/operations/execute_operation.ts:283:14)
      at executeOperation (node_modules/mongoose/node_modules/mongodb/src/operations/execute_operation.ts:115:12)
      at Collection.insertOne (node_modules/mongoose/node_modules/mongodb/src/collection.ts:286:12)

  ΓùÅ Seller - Integration Tests ΓÇ║ Inventory Advanced Operations ΓÇ║ should handle product not found for stock update (lines 1900-1937)

    MongoServerError: E11000 duplicate key error collection: grocery_db_test.sellers index: email_1 dup key: { email: "seller@test.com" }

      at InsertOneOperation.execute (node_modules/mongoose/node_modules/mongodb/src/operations/insert.ts:88:13)
      at tryOperation (node_modules/mongoose/node_modules/mongodb/src/operations/execute_operation.ts:283:14)
      at executeOperation (node_modules/mongoose/node_modules/mongodb/src/operations/execute_operation.ts:115:12)
      at Collection.insertOne (node_modules/mongoose/node_modules/mongodb/src/collection.ts:286:12)

  ΓùÅ Seller - Integration Tests ΓÇ║ CSV Upload & Export Operations ΓÇ║ should reject CSV upload with empty array (lines 2021-2111)

    MongoServerError: E11000 duplicate key error collection: grocery_db_test.sellers index: email_1 dup key: { email: "seller@test.com" }

      at InsertOneOperation.execute (node_modules/mongoose/node_modules/mongodb/src/operations/insert.ts:88:13)
      at tryOperation (node_modules/mongoose/node_modules/mongodb/src/operations/execute_operation.ts:283:14)
      at executeOperation (node_modules/mongoose/node_modules/mongodb/src/operations/execute_operation.ts:115:12)
      at Collection.insertOne (node_modules/mongoose/node_modules/mongodb/src/collection.ts:286:12)

  ΓùÅ Seller - Integration Tests ΓÇ║ Error Handling & Edge Cases ΓÇ║ should handle toggle-open errors (lines 50-51)

    MongoServerError: E11000 duplicate key error collection: grocery_db_test.sellers index: email_1 dup key: { email: "seller@test.com" }

      at InsertOneOperation.execute (node_modules/mongoose/node_modules/mongodb/src/operations/insert.ts:88:13)
      at tryOperation (node_modules/mongoose/node_modules/mongodb/src/operations/execute_operation.ts:283:14)
      at executeOperation (node_modules/mongoose/node_modules/mongodb/src/operations/execute_operation.ts:115:12)
      at Collection.insertOne (node_modules/mongoose/node_modules/mongodb/src/collection.ts:286:12)

  ΓùÅ Seller - Integration Tests ΓÇ║ Error Handling & Edge Cases ΓÇ║ should handle product deletion errors (lines 179-180)

    MongoServerError: E11000 duplicate key error collection: grocery_db_test.sellers index: email_1 dup key: { email: "seller@test.com" }

      at InsertOneOperation.execute (node_modules/mongoose/node_modules/mongodb/src/operations/insert.ts:88:13)
      at tryOperation (node_modules/mongoose/node_modules/mongodb/src/operations/execute_operation.ts:283:14)
      at executeOperation (node_modules/mongoose/node_modules/mongodb/src/operations/execute_operation.ts:115:12)
      at Collection.insertOne (node_modules/mongoose/node_modules/mongodb/src/collection.ts:286:12)

  ΓùÅ Seller - Integration Tests ΓÇ║ Advanced Delivery Agent Logic ΓÇ║ should log distance information (lines 817-818)

    MongoServerError: Cannot create collection grocery_db_test.clients - database is in the process of being dropped.

      at InsertOneOperation.execute (node_modules/mongoose/node_modules/mongodb/src/operations/insert.ts:88:13)
      at tryOperation (node_modules/mongoose/node_modules/mongodb/src/operations/execute_operation.ts:283:14)
      at executeOperation (node_modules/mongoose/node_modules/mongodb/src/operations/execute_operation.ts:115:12)
      at Collection.insertOne (node_modules/mongoose/node_modules/mongodb/src/collection.ts:286:12)

  ΓùÅ Seller - Integration Tests ΓÇ║ Bulk Update Error Handling (lines 1993, 2006-2007) ΓÇ║ should handle individual product update failures (lines 1993)

    MongoServerError: E11000 duplicate key error collection: grocery_db_test.sellers index: email_1 dup key: { email: "seller@test.com" }

      at InsertOneOperation.execute (node_modules/mongoose/node_modules/mongodb/src/operations/insert.ts:88:13)
      at tryOperation (node_modules/mongoose/node_modules/mongodb/src/operations/execute_operation.ts:283:14)
      at executeOperation (node_modules/mongoose/node_modules/mongodb/src/operations/execute_operation.ts:115:12)
      at Collection.insertOne (node_modules/mongoose/node_modules/mongodb/src/collection.ts:286:12)

  console.log
    [dotenv@17.2.2] injecting env (18) from .env -- tip: ≡ƒöÉ prevent committing .env to code: https://dotenvx.com/precommit

      at _log (node_modules/dotenv/lib/main.js:139:11)

  console.log
    [dotenv@17.2.2] injecting env (0) from .env -- tip: ≡ƒôí observe env with Radar: https://dotenvx.com/radar

      at _log (node_modules/dotenv/lib/main.js:139:11)

  console.error
    updateDelivery error: DocumentNotFoundError: No document found for query "{ _id: new ObjectId('6915a4e23569526d9f2af59c') }" on model "Order"
        at C:\Users\asus\Documents\EasyApp\Backend\node_modules\mongoose\lib\model.js:545:17
        at C:\Users\asus\Documents\EasyApp\Backend\node_modules\mongoose\lib\model.js:450:9
        at processTicksAndRejections (node:internal/process/task_queues:95:5) {
      result: {
        acknowledged: true,
        modifiedCount: 0,
        upsertedId: null,
        upsertedCount: 0,
        matchedCount: 0,
        '$where': { _id: new ObjectId('6915a4e23569526d9f2af59c') }
      },
      numAffected: 0,
      filter: { _id: new ObjectId('6915a4e23569526d9f2af59c') },
      query: { _id: new ObjectId('6915a4e23569526d9f2af59c') }
    }

    [0m [90m 37 |[39m   [90m// Only log if it's NOT an expected error[39m
     [90m 38 |[39m   [36mif[39m ([33m![39misExpectedError) {
    [31m[1m>[22m[39m[90m 39 |[39m     originalError[33m.[39mapply(console[33m,[39m args)[33m;[39m
     [90m    |[39m                   [31m[1m^[22m[39m
     [90m 40 |[39m   }
     [90m 41 |[39m }[33m;[39m
     [90m 42 |[39m[0m

      at console.apply (tests/setup.js:39:19)
      at error (controllers/ordersController.js:1328:13)

  console.log
    Γ£à Connected to MongoDB Atlas test database

      at log (tests/testUtils/dbHandler.js:26:11)

  console.log
    Order 6915a4ed3569526d9f2af6df cancelled - SSE and push notifications sent to customer, seller, and admin

      at log (routes/orders.js:244:15)

  console.log
    Γ£à Test database dropped

      at log (tests/testUtils/dbHandler.js:37:15)

  console.log
    Γ£à Test database connection closed

      at log (tests/testUtils/dbHandler.js:41:15)

FAIL tests/restaurants.test.js (31.25 s)
  GET /api/restaurants - List Restaurants
    ΓêÜ should retrieve all approved restaurants (2417 ms)
    ├ù should include product samples for each restaurant (907 ms)
    ├ù should calculate average rating from products (881 ms)
    ΓêÜ should support search by business name (958 ms)
    ├ù should support search by cuisine (987 ms)
    ├ù should support search by description (1170 ms)
    ├ù should support search by product name (1326 ms)
    ΓêÜ should return empty array for non-matching search (1228 ms)
    ΓêÜ should support pagination with page and limit (940 ms)
    ΓêÜ should handle page 2 of paginated results (1025 ms)
    ΓêÜ should use default pagination values when not specified (838 ms)
    ΓêÜ should only include approved sellers (861 ms)
    ΓêÜ should include sellers with restaurant products even if business_type is not restaurant (1087 ms)
    ├ù should only include active products in samples (1235 ms)
    ΓêÜ should limit product samples to 5 per restaurant (1402 ms)
    ΓêÜ should return null rating when no products exist (960 ms)
    ΓêÜ should handle special characters in search query (992 ms)
    ΓêÜ should escape regex special characters in search (1010 ms)
    ΓêÜ should handle empty search query (962 ms)
    ΓêÜ should handle whitespace-only search query (838 ms)
    ΓêÜ should include is_open status (891 ms)
    ΓêÜ should default is_open to true when not specified (982 ms)
    ΓêÜ should include optional fields (logo, banner, address) (948 ms)
    ΓêÜ should handle restaurants with no cuisine (923 ms)
    ├ù should handle case-insensitive search (1238 ms)
  Edge Cases and Additional Coverage
    ΓêÜ should handle restaurants with multiple product categories (982 ms)
    ΓêÜ should handle maximum pagination limit (1065 ms)

  ΓùÅ GET /api/restaurants - List Restaurants ΓÇ║ should include product samples for each restaurant

    expect(received).toHaveLength(expected)

    Expected length: 2
    Received length: 0
    Received array:  []

    [0m [90m 161 |[39m     )[33m;[39m
     [90m 162 |[39m
    [31m[1m>[22m[39m[90m 163 |[39m     expect(pizzaRestaurant[33m.[39mproducts)[33m.[39mtoHaveLength([35m2[39m)[33m;[39m
     [90m     |[39m                                      [31m[1m^[22m[39m
     [90m 164 |[39m     expect(pizzaRestaurant[33m.[39mproducts[[35m0[39m][33m.[39mname)[33m.[39mtoBeDefined()[33m;[39m
     [90m 165 |[39m     expect(pizzaRestaurant[33m.[39mproducts[[35m0[39m][33m.[39mprice)[33m.[39mtoBeDefined()[33m;[39m
     [90m 166 |[39m     expect(pizzaRestaurant[33m.[39mproducts[[35m0[39m][33m.[39mcategory)[33m.[39mtoBe([32m"Restaurants"[39m)[33m;[39m[0m

      at Object.toHaveLength (tests/restaurants.test.js:163:38)

  ΓùÅ GET /api/restaurants - List Restaurants ΓÇ║ should calculate average rating from products

    expect(received).toBeGreaterThan(expected)

    Expected: > 0
    Received:   0

    [0m [90m 176 |[39m
     [90m 177 |[39m     expect(pizzaRestaurant)[33m.[39mtoBeDefined()[33m;[39m
    [31m[1m>[22m[39m[90m 178 |[39m     expect(pizzaRestaurant[33m.[39mproducts[33m.[39mlength)[33m.[39mtoBeGreaterThan([35m0[39m)[33m;[39m
     [90m     |[39m                                             [31m[1m^[22m[39m
     [90m 179 |[39m
     [90m 180 |[39m     [90m// Rating can be null if no products have ratings, or a number[39m
     [90m 181 |[39m     [90m// The code maps ratings: Number(p.rating) || 0, which would convert null/undefined to 0[39m[0m

      at Object.toBeGreaterThan (tests/restaurants.test.js:178:45)

  ΓùÅ GET /api/restaurants - List Restaurants ΓÇ║ should support search by cuisine

    expect(received).toHaveLength(expected)

    Expected length: 1
    Received length: 0
    Received array:  []

    [0m [90m 201 |[39m
     [90m 202 |[39m     expect(response[33m.[39mstatus)[33m.[39mtoBe([35m200[39m)[33m;[39m
    [31m[1m>[22m[39m[90m 203 |[39m     expect(response[33m.[39mbody[33m.[39mdata)[33m.[39mtoHaveLength([35m1[39m)[33m;[39m
     [90m     |[39m                                [31m[1m^[22m[39m
     [90m 204 |[39m     expect(response[33m.[39mbody[33m.[39mdata[[35m0[39m][33m.[39mcuisine)[33m.[39mtoBe([32m"Italian"[39m)[33m;[39m
     [90m 205 |[39m   })[33m;[39m
     [90m 206 |[39m[0m

      at Object.toHaveLength (tests/restaurants.test.js:203:32)

  ΓùÅ GET /api/restaurants - List Restaurants ΓÇ║ should support search by description

    expect(received).toBeGreaterThan(expected)

    Expected: > 0
    Received:   0

    [0m [90m 209 |[39m
     [90m 210 |[39m     expect(response[33m.[39mstatus)[33m.[39mtoBe([35m200[39m)[33m;[39m
    [31m[1m>[22m[39m[90m 211 |[39m     expect(response[33m.[39mbody[33m.[39mdata[33m.[39mlength)[33m.[39mtoBeGreaterThan([35m0[39m)[33m;[39m
     [90m     |[39m                                       [31m[1m^[22m[39m
     [90m 212 |[39m     [36mconst[39m burgerRestaurant [33m=[39m response[33m.[39mbody[33m.[39mdata[33m.[39mfind(
     [90m 213 |[39m       (r) [33m=>[39m r[33m.[39mname [33m===[39m [32m"Burger House"[39m
     [90m 214 |[39m     )[33m;[39m[0m

      at Object.toBeGreaterThan (tests/restaurants.test.js:211:39)

  ΓùÅ GET /api/restaurants - List Restaurants ΓÇ║ should support search by product name

    expect(received).toBeGreaterThan(expected)

    Expected: > 0
    Received:   0

    [0m [90m 220 |[39m
     [90m 221 |[39m     expect(response[33m.[39mstatus)[33m.[39mtoBe([35m200[39m)[33m;[39m
    [31m[1m>[22m[39m[90m 222 |[39m     expect(response[33m.[39mbody[33m.[39mdata[33m.[39mlength)[33m.[39mtoBeGreaterThan([35m0[39m)[33m;[39m
     [90m     |[39m                                       [31m[1m^[22m[39m
     [90m 223 |[39m     [36mconst[39m pizzaRestaurant [33m=[39m response[33m.[39mbody[33m.[39mdata[33m.[39mfind(
     [90m 224 |[39m       (r) [33m=>[39m r[33m.[39mname [33m===[39m [32m"Pizza Palace"[39m
     [90m 225 |[39m     )[33m;[39m[0m

      at Object.toBeGreaterThan (tests/restaurants.test.js:222:39)

  ΓùÅ GET /api/restaurants - List Restaurants ΓÇ║ should only include active products in samples

    expect(received).toHaveLength(expected)

    Expected length: 2
    Received length: 0
    Received array:  []

    [0m [90m 334 |[39m
     [90m 335 |[39m     [90m// Should only have 2 active products[39m
    [31m[1m>[22m[39m[90m 336 |[39m     expect(pizzaRestaurant[33m.[39mproducts)[33m.[39mtoHaveLength([35m2[39m)[33m;[39m
     [90m     |[39m                                      [31m[1m^[22m[39m
     [90m 337 |[39m     [36mconst[39m inactiveProduct [33m=[39m pizzaRestaurant[33m.[39mproducts[33m.[39mfind(
     [90m 338 |[39m       (p) [33m=>[39m p[33m.[39mname [33m===[39m [32m"Inactive Pizza"[39m
     [90m 339 |[39m     )[33m;[39m[0m

      at Object.toHaveLength (tests/restaurants.test.js:336:38)

  ΓùÅ GET /api/restaurants - List Restaurants ΓÇ║ should handle case-insensitive search

    expect(received).toBe(expected) // Object.is equality

    Expected: 1
    Received: 0

    [0m [90m 493 |[39m     expect(response2[33m.[39mstatus)[33m.[39mtoBe([35m200[39m)[33m;[39m
     [90m 494 |[39m     expect(response3[33m.[39mstatus)[33m.[39mtoBe([35m200[39m)[33m;[39m
    [31m[1m>[22m[39m[90m 495 |[39m     
expect(response1[33m.[39mbody[33m.[39mdata[33m.[39mlength)[33m.[39mtoBe(response2[33m.[39mbody[33m.[39mdata[33m.[39mlength)[33m;[39m
     [90m     |[39m                                        [31m[1m^[22m[39m
     [90m 496 |[39m     
expect(response2[33m.[39mbody[33m.[39mdata[33m.[39mlength)[33m.[39mtoBe(response3[33m.[39mbody[33m.[39mdata[33m.[39mlength)[33m;[39m
     [90m 497 |[39m   })[33m;[39m
     [90m 498 |[39m })[33m;[39m[0m

      at Object.toBe (tests/restaurants.test.js:495:40)

  console.log
    [dotenv@17.2.2] injecting env (18) from .env -- tip: ≡ƒöÉ encrypt with Dotenvx: https://dotenvx.com

      at _log (node_modules/dotenv/lib/main.js:139:11)

  console.log
    Γ£à Connected to MongoDB Atlas test database

      at Object.log [as connectTestDB] (tests/testUtils/dbHandler.js:26:11)

  console.warn
    seller per-item tokens fetch failed Cast to ObjectId failed for value "{ name: 'Apple' }" (type Object) at path "_id" for model "Product"

    [0m [90m 52 |[39m   [90m// Only log if it's NOT an expected warning[39m
     [90m 53 |[39m   [36mif[39m ([33m![39misExpectedWarn) {
    [31m[1m>[22m[39m[90m 54 |[39m     originalWarn[33m.[39mapply(console[33m,[39m args)[33m;[39m
     [90m    |[39m                  [31m[1m^[22m[39m
     [90m 55 |[39m   }
     [90m 56 |[39m }[33m;[39m
     [90m 57 |[39m[0m

      at console.apply [as warn] (tests/setup.js:54:18)
      at warn (services/push.js:170:15)
      at Object.<anonymous> (tests/services/push.test.js:55:22)

  console.log
    Γ£à Test database dropped

      at log (tests/testUtils/dbHandler.js:37:15)

  console.log
    Γ£à Test database connection closed

      at log (tests/testUtils/dbHandler.js:41:15)

FAIL tests/orders_edge_cases.test.js (28.078 s)
  Orders Controller - Edge Cases & Advanced Features
    PATCH /api/orders/:id/delivery - Status Transitions
      ├ù should transition to 'dispatched' and set delivery_start_time (2556 ms)
      ├ù should calculate delivery charge on dispatch for grocery (30) (862 ms)
      ├ù should calculate delivery charge on dispatch for food (40) (679 ms)
      ├ù should waive delivery charge when subtotal exceeds threshold (723 ms)
      ├ù should not recalculate delivery charge if already set (1223 ms)
      ├ù should transition to 'delivered' and set delivery_end_time (959 ms)
      ├ù should increment agent completed_orders on delivery (2041 ms)
      ├ù should create EarningLog entries on delivery (seller + agent) (1199 ms)
      ΓêÜ should reject invalid delivery status (849 ms)
      ├ù should update delivery status independently without ETA (1388 ms)
    GET /api/orders/:id/admin-detail - Admin Analytics
      ├ù should return admin detail with earnings breakdown (785 ms)
      ΓêÜ should calculate agent earnings when agent assigned (1215 ms)
      ΓêÜ should return 404 for non-existent order (914 ms)
      ├ù should prefer EarningLog values when available (post-delivery) (929 ms)
    POST /api/orders/:orderId/cancel - Order Cancellation
      ├ù should cancel order successfully with reason (771 ms)
      ΓêÜ should set agent to null properly when order created without agent (1341 ms)
      ΓêÜ should reject cancellation without cancelled_by (906 ms)
      ├ù should reject cancellation of already delivered order (733 ms)
      ├ù should reject cancellation of already cancelled order (739 ms)
      ├ù should provide default cancellation reason if not specified (969 ms)
    POST /api/orders/:id/verify - Payment Verification
      ├ù should verify payment and update status to 'paid' (1359 ms)
      ΓêÜ should reject verification with invalid status (842 ms)
      ├ù should mark payment as failed when status is 'failed' (1959 ms)

  ΓùÅ Orders Controller - Edge Cases & Advanced Features ΓÇ║ PATCH /api/orders/:id/delivery - Status Transitions ΓÇ║ should transition to 'dispatched' and set 
delivery_start_time

    expect(received).toBe(expected) // Object.is equality

    Expected: 200
    Received: 404

    [0m [90m  98 |[39m         [33m.[39msend({ status[33m:[39m [32m"dispatched"[39m })[33m;[39m
     [90m  99 |[39m
    [31m[1m>[22m[39m[90m 100 |[39m       expect(response[33m.[39mstatus)[33m.[39mtoBe([35m200[39m)[33m;[39m
     [90m     |[39m                               [31m[1m^[22m[39m
     [90m 101 |[39m       expect(response[33m.[39mbody[33m.[39mdelivery[33m.[39mdelivery_status)[33m.[39mtoBe([32m"dispatched"[39m)[33m;[39m
     [90m 102 |[39m       expect(response[33m.[39mbody[33m.[39mdelivery[33m.[39mdelivery_start_time)[33m.[39mtoBeDefined()[33m;[39m
     [90m 103 |[39m[0m

      at Object.toBe (tests/orders_edge_cases.test.js:100:31)

  ΓùÅ Orders Controller - Edge Cases & Advanced Features ΓÇ║ PATCH /api/orders/:id/delivery - Status Transitions ΓÇ║ should calculate delivery charge on dispatch for 
grocery (30)

    MongoServerError: E11000 duplicate key error collection: grocery_db_test.sellers index: email_1 dup key: { email: "seller@test.com" }

      at InsertOneOperation.execute (node_modules/mongoose/node_modules/mongodb/src/operations/insert.ts:88:13)
      at tryOperation (node_modules/mongoose/node_modules/mongodb/src/operations/execute_operation.ts:283:14)
      at executeOperation (node_modules/mongoose/node_modules/mongodb/src/operations/execute_operation.ts:115:12)
      at Collection.insertOne (node_modules/mongoose/node_modules/mongodb/src/collection.ts:286:12)

  ΓùÅ Orders Controller - Edge Cases & Advanced Features ΓÇ║ PATCH /api/orders/:id/delivery - Status Transitions ΓÇ║ should calculate delivery charge on dispatch for 
food (40)

    MongoServerError: E11000 duplicate key error collection: grocery_db_test.sellers index: email_1 dup key: { email: "seller@test.com" }

      at InsertOneOperation.execute (node_modules/mongoose/node_modules/mongodb/src/operations/insert.ts:88:13)
      at tryOperation (node_modules/mongoose/node_modules/mongodb/src/operations/execute_operation.ts:283:14)
      at executeOperation (node_modules/mongoose/node_modules/mongodb/src/operations/execute_operation.ts:115:12)
      at Collection.insertOne (node_modules/mongoose/node_modules/mongodb/src/collection.ts:286:12)

  ΓùÅ Orders Controller - Edge Cases & Advanced Features ΓÇ║ PATCH /api/orders/:id/delivery - Status Transitions ΓÇ║ should waive delivery charge when subtotal exceeds 
threshold

    MongoServerError: Cannot create collection grocery_db_test.sellers - database is in the process of being dropped.

      at InsertOneOperation.execute (node_modules/mongoose/node_modules/mongodb/src/operations/insert.ts:88:13)
      at tryOperation (node_modules/mongoose/node_modules/mongodb/src/operations/execute_operation.ts:283:14)
      at executeOperation (node_modules/mongoose/node_modules/mongodb/src/operations/execute_operation.ts:115:12)
      at Collection.insertOne (node_modules/mongoose/node_modules/mongodb/src/collection.ts:286:12)

  ΓùÅ Orders Controller - Edge Cases & Advanced Features ΓÇ║ PATCH /api/orders/:id/delivery - Status Transitions ΓÇ║ should not recalculate delivery charge if already 
set

    TypeError: Cannot read properties of null (reading 'delivery')

    [0m [90m 194 |[39m
     [90m 195 |[39m       expect(response[33m.[39mstatus)[33m.[39mtoBe([35m200[39m)[33m;[39m
    [31m[1m>[22m[39m[90m 196 |[39m       expect(response[33m.[39mbody[33m.[39mdelivery[33m.[39mdelivery_charge)[33m.[39mtoBe([35m25[39m)[33m;[39m 
[90m// preserved[39m
     [90m     |[39m                            [31m[1m^[22m[39m
     [90m 197 |[39m     })[33m;[39m
     [90m 198 |[39m
     [90m 199 |[39m     test([32m"should transition to 'delivered' and set delivery_end_time"[39m[33m,[39m [36masync[39m () [33m=>[39m {[0m

      at Object.delivery (tests/orders_edge_cases.test.js:196:28)

  ΓùÅ Orders Controller - Edge Cases & Advanced Features ΓÇ║ PATCH /api/orders/:id/delivery - Status Transitions ΓÇ║ should transition to 'delivered' and set 
delivery_end_time

    expect(received).toBe(expected) // Object.is equality

    Expected: 200
    Received: 400

    [0m [90m 202 |[39m         [33m.[39msend({ status[33m:[39m [32m"delivered"[39m })[33m;[39m
     [90m 203 |[39m
    [31m[1m>[22m[39m[90m 204 |[39m       expect(response[33m.[39mstatus)[33m.[39mtoBe([35m200[39m)[33m;[39m
     [90m     |[39m                               [31m[1m^[22m[39m
     [90m 205 |[39m       expect(response[33m.[39mbody[33m.[39mdelivery[33m.[39mdelivery_status)[33m.[39mtoBe([32m"delivered"[39m)[33m;[39m
     [90m 206 |[39m       expect(response[33m.[39mbody[33m.[39mdelivery[33m.[39mdelivery_end_time)[33m.[39mtoBeDefined()[33m;[39m
     [90m 207 |[39m[0m

      at Object.toBe (tests/orders_edge_cases.test.js:204:31)

  ΓùÅ Orders Controller - Edge Cases & Advanced Features ΓÇ║ PATCH /api/orders/:id/delivery - Status Transitions ΓÇ║ should increment agent completed_orders on delivery

    TypeError: Cannot read properties of null (reading 'completed_orders')

    [0m [90m 228 |[39m       [90m// Verify agent updated[39m
     [90m 229 |[39m       [36mconst[39m updatedAgent [33m=[39m [36mawait[39m [33mDeliveryAgent[39m[33m.[39mfindById(agent[33m.[39m_id)[33m;[39m
    [31m[1m>[22m[39m[90m 230 |[39m       expect(updatedAgent[33m.[39mcompleted_orders)[33m.[39mtoBe([35m6[39m)[33m;[39m
     [90m     |[39m                           [31m[1m^[22m[39m
     [90m 231 |[39m       expect(updatedAgent[33m.[39mavailable)[33m.[39mtoBe([36mtrue[39m)[33m;[39m
     [90m 232 |[39m     })[33m;[39m
     [90m 233 |[39m[0m

      at Object.completed_orders (tests/orders_edge_cases.test.js:230:27)

  ΓùÅ Orders Controller - Edge Cases & Advanced Features ΓÇ║ PATCH /api/orders/:id/delivery - Status Transitions ΓÇ║ should create EarningLog entries on delivery 
(seller + agent)

    expect(received).toBe(expected) // Object.is equality

    Expected: 200
    Received: 404

    [0m [90m 242 |[39m         [33m.[39msend({ status[33m:[39m [32m"delivered"[39m })[33m;[39m
     [90m 243 |[39m
    [31m[1m>[22m[39m[90m 244 |[39m       expect(response[33m.[39mstatus)[33m.[39mtoBe([35m200[39m)[33m;[39m
     [90m     |[39m                               [31m[1m^[22m[39m
     [90m 245 |[39m
     [90m 246 |[39m       [90m// Verify seller earning log[39m
     [90m 247 |[39m       [36mconst[39m sellerLog [33m=[39m [36mawait[39m [33mEarningLog[39m[33m.[39mfindOne({[0m

      at Object.toBe (tests/orders_edge_cases.test.js:244:31)

  ΓùÅ Orders Controller - Edge Cases & Advanced Features ΓÇ║ PATCH /api/orders/:id/delivery - Status Transitions ΓÇ║ should update delivery status independently without 
ETA

    TypeError: Cannot read properties of null (reading 'delivery')

    [0m [90m 282 |[39m
     [90m 283 |[39m       [36mconst[39m updated [33m=[39m [36mawait[39m [33mOrder[39m[33m.[39mfindById(mockOrder[33m.[39m_id)[33m;[39m
    [31m[1m>[22m[39m[90m 284 |[39m       expect(updated[33m.[39mdelivery[33m.[39mdelivery_status)[33m.[39mtoBe([32m"dispatched"[39m)[33m;[39m
     [90m     |[39m                      [31m[1m^[22m[39m
     [90m 285 |[39m       expect(updated[33m.[39mdelivery[33m.[39mdelivery_start_time)[33m.[39mtoBeDefined()[33m;[39m
     [90m 286 |[39m     })[33m;[39m
     [90m 287 |[39m   })[33m;[39m[0m

      at Object.delivery (tests/orders_edge_cases.test.js:284:22)

  ΓùÅ Orders Controller - Edge Cases & Advanced Features ΓÇ║ GET /api/orders/:id/admin-detail - Admin Analytics ΓÇ║ should return admin detail with earnings breakdown

    MongoServerError: E11000 duplicate key error collection: grocery_db_test.clients index: phone_1 dup key: { phone: "+1234567890" }

      at InsertOneOperation.execute (node_modules/mongoose/node_modules/mongodb/src/operations/insert.ts:88:13)
      at tryOperation (node_modules/mongoose/node_modules/mongodb/src/operations/execute_operation.ts:283:14)
      at executeOperation (node_modules/mongoose/node_modules/mongodb/src/operations/execute_operation.ts:115:12)
      at Collection.insertOne (node_modules/mongoose/node_modules/mongodb/src/collection.ts:286:12)

  ΓùÅ Orders Controller - Edge Cases & Advanced Features ΓÇ║ GET /api/orders/:id/admin-detail - Admin Analytics ΓÇ║ should prefer EarningLog values when available 
(post-delivery)

    expect(received).toBe(expected) // Object.is equality

    Expected: 200
    Received: 404

    [0m [90m 377 |[39m       )[33m;[39m
     [90m 378 |[39m
    [31m[1m>[22m[39m[90m 379 |[39m       expect(response[33m.[39mstatus)[33m.[39mtoBe([35m200[39m)[33m;[39m
     [90m     |[39m                               [31m[1m^[22m[39m
     [90m 380 |[39m       
expect(response[33m.[39mbody[33m.[39mearnings_sellers[[35m0[39m][33m.[39mplatform_commission)[33m.[39mtoBe([35m15[39m)[33m;[39m [90m// From log, not 
computed[39m
     [90m 381 |[39m       expect(response[33m.[39mbody[33m.[39mearnings_sellers[[35m0[39m][33m.[39mnet_earning)[33m.[39mtoBe([35m85[39m)[33m;[39m
     [90m 382 |[39m     })[33m;[39m[0m

      at Object.toBe (tests/orders_edge_cases.test.js:379:31)

  ΓùÅ Orders Controller - Edge Cases & Advanced Features ΓÇ║ POST /api/orders/:orderId/cancel - Order Cancellation ΓÇ║ should cancel order successfully with reason

    MongoServerError: E11000 duplicate key error collection: grocery_db_test.clients index: phone_1 dup key: { phone: "+1234567890" }

      at InsertOneOperation.execute (node_modules/mongoose/node_modules/mongodb/src/operations/insert.ts:88:13)
      at tryOperation (node_modules/mongoose/node_modules/mongodb/src/operations/execute_operation.ts:283:14)
      at executeOperation (node_modules/mongoose/node_modules/mongodb/src/operations/execute_operation.ts:115:12)
      at Collection.insertOne (node_modules/mongoose/node_modules/mongodb/src/collection.ts:286:12)

  ΓùÅ Orders Controller - Edge Cases & Advanced Features ΓÇ║ POST /api/orders/:orderId/cancel - Order Cancellation ΓÇ║ should reject cancellation of already delivered 
order

    MongoServerError: E11000 duplicate key error collection: grocery_db_test.clients index: phone_1 dup key: { phone: "+1234567890" }

      at InsertOneOperation.execute (node_modules/mongoose/node_modules/mongodb/src/operations/insert.ts:88:13)
      at tryOperation (node_modules/mongoose/node_modules/mongodb/src/operations/execute_operation.ts:283:14)
      at executeOperation (node_modules/mongoose/node_modules/mongodb/src/operations/execute_operation.ts:115:12)
      at Collection.insertOne (node_modules/mongoose/node_modules/mongodb/src/collection.ts:286:12)

  ΓùÅ Orders Controller - Edge Cases & Advanced Features ΓÇ║ POST /api/orders/:orderId/cancel - Order Cancellation ΓÇ║ should reject cancellation of already cancelled 
order

    MongoServerError: E11000 duplicate key error collection: grocery_db_test.clients index: phone_1 dup key: { phone: "+1234567890" }

      at InsertOneOperation.execute (node_modules/mongoose/node_modules/mongodb/src/operations/insert.ts:88:13)
      at tryOperation (node_modules/mongoose/node_modules/mongodb/src/operations/execute_operation.ts:283:14)
      at executeOperation (node_modules/mongoose/node_modules/mongodb/src/operations/execute_operation.ts:115:12)
      at Collection.insertOne (node_modules/mongoose/node_modules/mongodb/src/collection.ts:286:12)

  ΓùÅ Orders Controller - Edge Cases & Advanced Features ΓÇ║ POST /api/orders/:orderId/cancel - Order Cancellation ΓÇ║ should provide default cancellation reason if not 
specified

    expect(received).toBe(expected) // Object.is equality

    Expected: 200
    Received: 404

    [0m [90m 511 |[39m         [33m.[39msend({ cancelled_by[33m:[39m mockClient[33m.[39mfirebase_uid })[33m;[39m
     [90m 512 |[39m
    [31m[1m>[22m[39m[90m 513 |[39m       expect(response[33m.[39mstatus)[33m.[39mtoBe([35m200[39m)[33m;[39m
     [90m     |[39m                               [31m[1m^[22m[39m
     [90m 514 |[39m       expect(response[33m.[39mbody[33m.[39morder[33m.[39mcancellation_reason)[33m.[39mtoBe(
     [90m 515 |[39m         [32m"No reason provided"[39m
     [90m 516 |[39m       )[33m;[39m[0m

      at Object.toBe (tests/orders_edge_cases.test.js:513:31)

  ΓùÅ Orders Controller - Edge Cases & Advanced Features ΓÇ║ POST /api/orders/:id/verify - Payment Verification ΓÇ║ should verify payment and update status to 'paid'

    TypeError: Cannot read properties of null (reading 'payment')

    [0m [90m 561 |[39m
     [90m 562 |[39m       expect(response[33m.[39mstatus)[33m.[39mtoBe([35m200[39m)[33m;[39m
    [31m[1m>[22m[39m[90m 563 |[39m       expect(response[33m.[39mbody[33m.[39mpayment[33m.[39mstatus)[33m.[39mtoBe([32m"paid"[39m)[33m;[39m
     [90m     |[39m                            [31m[1m^[22m[39m
     [90m 564 |[39m       expect(response[33m.[39mbody[33m.[39mpayment[33m.[39mverified[33m.[39mby)[33m.[39mtoBe([32m"admin123"[39m)[33m;[39m
     [90m 565 |[39m       expect(response[33m.[39mbody[33m.[39mpayment[33m.[39mverified[33m.[39mnote)[33m.[39mtoBe([32m"Payment confirmed"[39m)[33m;[39m
     [90m 566 |[39m     })[33m;[39m[0m

      at Object.payment (tests/orders_edge_cases.test.js:563:28)

  ΓùÅ Orders Controller - Edge Cases & Advanced Features ΓÇ║ POST /api/orders/:id/verify - Payment Verification ΓÇ║ should mark payment as failed when status is 'failed'

    TypeError: Cannot read properties of null (reading 'payment')

    [0m [90m 585 |[39m
     [90m 586 |[39m       expect(response[33m.[39mstatus)[33m.[39mtoBe([35m200[39m)[33m;[39m
    [31m[1m>[22m[39m[90m 587 |[39m       expect(response[33m.[39mbody[33m.[39mpayment[33m.[39mstatus)[33m.[39mtoBe([32m"failed"[39m)[33m;[39m
     [90m     |[39m                            [31m[1m^[22m[39m
     [90m 588 |[39m       expect(response[33m.[39mbody[33m.[39mpayment[33m.[39mverified[33m.[39mnote)[33m.[39mtoBe([32m"Payment rejected"[39m)[33m;[39m
     [90m 589 |[39m     })[33m;[39m
     [90m 590 |[39m   })[33m;[39m[0m

      at Object.payment (tests/orders_edge_cases.test.js:587:28)

  console.log
    [dotenv@17.2.2] injecting env (18) from .env -- tip: ΓÜÖ∩╕Å  specify custom .env file path with { path: '/custom/path/.env' }

      at _log (node_modules/dotenv/lib/main.js:139:11)

  console.log
    [dotenv@17.2.2] injecting env (0) from .env -- tip: ≡ƒöÉ prevent building .env in docker: https://dotenvx.com/prebuild

      at _log (node_modules/dotenv/lib/main.js:139:11)

  console.log
    Γ£à Connected to MongoDB Atlas test database

      at log (tests/testUtils/dbHandler.js:26:11)

  console.warn
    [clientsController] Dropped legacy email_1 index

    [0m [90m 52 |[39m   [90m// Only log if it's NOT an expected warning[39m
     [90m 53 |[39m   [36mif[39m ([33m![39misExpectedWarn) {
    [31m[1m>[22m[39m[90m 54 |[39m     originalWarn[33m.[39mapply(console[33m,[39m args)[33m;[39m
     [90m    |[39m                  [31m[1m^[22m[39m
     [90m 55 |[39m   }
     [90m 56 |[39m }[33m;[39m
     [90m 57 |[39m[0m

      at console.apply [as warn] (tests/setup.js:54:18)
      at warn (controllers/clientsController.js:19:19)

  console.warn
    seller per-item tokens fetch failed Cast to ObjectId failed for value "{ name: 'Banana' }" (type Object) at path "_id" for model "Product"

    [0m [90m 52 |[39m   [90m// Only log if it's NOT an expected warning[39m
     [90m 53 |[39m   [36mif[39m ([33m![39misExpectedWarn) {
    [31m[1m>[22m[39m[90m 54 |[39m     originalWarn[33m.[39mapply(console[33m,[39m args)[33m;[39m
     [90m    |[39m                  [31m[1m^[22m[39m
     [90m 55 |[39m   }
     [90m 56 |[39m }[33m;[39m
     [90m 57 |[39m[0m

      at console.apply [as warn] (tests/setup.js:54:18)
      at warn (services/push.js:170:15)
      at Object.<anonymous> (tests/services/push.test.js:220:22)

  console.log
    Γ£à Test database dropped

      at log (tests/testUtils/dbHandler.js:37:15)

  console.log
    Γ£à Test database connection closed

      at log (tests/testUtils/dbHandler.js:41:15)

FAIL tests/wishlist.test.js (32.058 s)
  POST /api/wishlist - Add to Wishlist
    ΓêÜ should add product to wishlist with valid data (2700 ms)
    ΓêÜ should reject add without authentication (770 ms)
    ΓêÜ should reject add without product_id (849 ms)
    ΓêÜ should reject add for non-existent product (948 ms)
    ΓêÜ should reject duplicate wishlist entry (1154 ms)
    ├ù should allow adding multiple different products (670 ms)
  GET /api/wishlist - Get Wishlist
    ├ù should retrieve user's wishlist with populated products (1031 ms)
    ΓêÜ should return empty array for user with no wishlist items (883 ms)
    ├ù should support pagination (1172 ms)
    ├ù should reject request without authentication (728 ms)
    ΓêÜ should filter out items where product no longer exists (1071 ms)
    ├ù should sort wishlist by added_at (newest first) (1032 ms)
  GET /api/wishlist/check/:productId - Check if in Wishlist
    ΓêÜ should return true when product is in wishlist (929 ms)
    ΓêÜ should return false when product is not in wishlist (923 ms)
    ├ù should reject check without authentication (609 ms)
    ΓêÜ should handle database error in check wishlist (821 ms)
  DELETE /api/wishlist/:productId - Remove from Wishlist
    ΓêÜ should remove product from wishlist (952 ms)
    ΓêÜ should return 404 when product not in wishlist (1445 ms)
    ΓêÜ should reject delete without authentication (803 ms)
    ΓêÜ should only remove product for authenticated user (909 ms)
  DELETE /api/wishlist - Clear Entire Wishlist
    ΓêÜ should clear entire wishlist (1004 ms)
    ΓêÜ should return 0 deletedCount when wishlist is already empty (3232 ms)
    ΓêÜ should reject clear without authentication (783 ms)
    ├ù should only clear wishlist for authenticated user (1241 ms)
  Database Error Handlers
    ΓêÜ should handle database error in POST wishlist (834 ms)
    ΓêÜ should handle database error in GET wishlist (871 ms)
    ΓêÜ should handle database error in DELETE wishlist item (819 ms)
    ΓêÜ should handle database error in clear wishlist (864 ms)

  ΓùÅ POST /api/wishlist - Add to Wishlist ΓÇ║ should allow adding multiple different products

    MongoServerError: E11000 duplicate key error collection: grocery_db_test.clients index: phone_1 dup key: { phone: "+1234567890" }

      at InsertOneOperation.execute (node_modules/mongoose/node_modules/mongodb/src/operations/insert.ts:88:13)
      at tryOperation (node_modules/mongoose/node_modules/mongodb/src/operations/execute_operation.ts:283:14)
      at executeOperation (node_modules/mongoose/node_modules/mongodb/src/operations/execute_operation.ts:115:12)
      at Collection.insertOne (node_modules/mongoose/node_modules/mongodb/src/collection.ts:286:12)

  ΓùÅ GET /api/wishlist - Get Wishlist ΓÇ║ should retrieve user's wishlist with populated products

    expect(received).toHaveLength(expected)

    Expected length: 2
    Received length: 0
    Received array:  []

    [0m [90m 238 |[39m     expect(response[33m.[39mstatus)[33m.[39mtoBe([35m200[39m)[33m;[39m
     [90m 239 |[39m     expect(response[33m.[39mbody[33m.[39msuccess)[33m.[39mtoBe([36mtrue[39m)[33m;[39m
    [31m[1m>[22m[39m[90m 240 |[39m     expect(response[33m.[39mbody[33m.[39mwishlist)[33m.[39mtoHaveLength([35m2[39m)[33m;[39m
     [90m     |[39m                                    [31m[1m^[22m[39m
     [90m 241 |[39m     expect(response[33m.[39mbody[33m.[39mpagination[33m.[39mtotal)[33m.[39mtoBe([35m2[39m)[33m;[39m
     [90m 242 |[39m
     [90m 243 |[39m     [90m// Verify product details are populated[39m[0m

      at Object.toHaveLength (tests/wishlist.test.js:240:36)

  ΓùÅ GET /api/wishlist - Get Wishlist ΓÇ║ should support pagination

    expect(received).toHaveLength(expected)

    Expected length: 2
    Received length: 1
    Received array:  [{"__v": 0, "_id": "6915a4ecd37ff39f81d7b55b", "added_at": "2025-11-13T09:29:16.440Z", "client_id": "test-client-uid-123", "product_id": {"_id": 
"6915a4ecd37ff39f81d7b555", "category": "food", "description": "Test product 3 description", "name": "Test Product 3", "price": 19.99, "seller_id": {"_id": 
"6915a4ecd37ff39f81d7b54f", "business_name": "Test Store"}, "status": "active", "stock": 25}}]

    [0m [90m 281 |[39m
     [90m 282 |[39m     expect(response[33m.[39mstatus)[33m.[39mtoBe([35m200[39m)[33m;[39m
    [31m[1m>[22m[39m[90m 283 |[39m     expect(response[33m.[39mbody[33m.[39mwishlist)[33m.[39mtoHaveLength([35m2[39m)[33m;[39m
     [90m     |[39m                                    [31m[1m^[22m[39m
     [90m 284 |[39m     expect(response[33m.[39mbody[33m.[39mpagination[33m.[39mtotal)[33m.[39mtoBe([35m3[39m)[33m;[39m
     [90m 285 |[39m     expect(response[33m.[39mbody[33m.[39mpagination[33m.[39mpage)[33m.[39mtoBe([35m1[39m)[33m;[39m
     [90m 286 |[39m     expect(response[33m.[39mbody[33m.[39mpagination[33m.[39mlimit)[33m.[39mtoBe([35m2[39m)[33m;[39m[0m

      at Object.toHaveLength (tests/wishlist.test.js:283:36)

  ΓùÅ GET /api/wishlist - Get Wishlist ΓÇ║ should reject request without authentication

    MongoServerError: E11000 duplicate key error collection: grocery_db_test.clients index: phone_1 dup key: { phone: "+1234567890" }

      at InsertOneOperation.execute (node_modules/mongoose/node_modules/mongodb/src/operations/insert.ts:88:13)
      at tryOperation (node_modules/mongoose/node_modules/mongodb/src/operations/execute_operation.ts:283:14)
      at executeOperation (node_modules/mongoose/node_modules/mongodb/src/operations/execute_operation.ts:115:12)
      at Collection.insertOne (node_modules/mongoose/node_modules/mongodb/src/collection.ts:286:12)

  ΓùÅ GET /api/wishlist - Get Wishlist ΓÇ║ should sort wishlist by added_at (newest first)

    expect(received).toHaveLength(expected)

    Expected length: 2
    Received length: 0
    Received array:  []

    [0m [90m 333 |[39m
     [90m 334 |[39m     expect(response[33m.[39mstatus)[33m.[39mtoBe([35m200[39m)[33m;[39m
    [31m[1m>[22m[39m[90m 335 |[39m     expect(response[33m.[39mbody[33m.[39mwishlist)[33m.[39mtoHaveLength([35m2[39m)[33m;[39m
     [90m     |[39m                                    [31m[1m^[22m[39m
     [90m 336 |[39m     [90m// Newest first (product2 added later)[39m
     [90m 337 |[39m     expect(response[33m.[39mbody[33m.[39mwishlist[[35m0[39m][33m.[39mproduct_id[33m.[39m_id[33m.[39mtoString())[33m.[39mtoBe(
     [90m 338 |[39m       testProduct2[33m.[39m_id[33m.[39mtoString()[0m

      at Object.toHaveLength (tests/wishlist.test.js:335:36)

  ΓùÅ GET /api/wishlist/check/:productId - Check if in Wishlist ΓÇ║ should reject check without authentication

    MongoServerError: E11000 duplicate key error collection: grocery_db_test.clients index: phone_1 dup key: { phone: "+1234567890" }

      at InsertOneOperation.execute (node_modules/mongoose/node_modules/mongodb/src/operations/insert.ts:88:13)
      at tryOperation (node_modules/mongoose/node_modules/mongodb/src/operations/execute_operation.ts:283:14)
      at executeOperation (node_modules/mongoose/node_modules/mongodb/src/operations/execute_operation.ts:115:12)
      at Collection.insertOne (node_modules/mongoose/node_modules/mongodb/src/collection.ts:286:12)

  ΓùÅ DELETE /api/wishlist - Clear Entire Wishlist ΓÇ║ should only clear wishlist for authenticated user

    expect(received).toBe(expected) // Object.is equality

    Expected: 1
    Received: 0

    [0m [90m 580 |[39m       client_id[33m:[39m [32m"other-user-uid"[39m[33m,[39m
     [90m 581 |[39m     })[33m;[39m
    [31m[1m>[22m[39m[90m 582 |[39m     expect(otherUserCount)[33m.[39mtoBe([35m1[39m)[33m;[39m
     [90m     |[39m                            [31m[1m^[22m[39m
     [90m 583 |[39m   })[33m;[39m
     [90m 584 |[39m })[33m;[39m
     [90m 585 |[39m[0m

      at Object.toBe (tests/wishlist.test.js:582:28)

  console.log
    [dotenv@17.2.2] injecting env (18) from .env -- tip: ≡ƒôí version env with Radar: https://dotenvx.com/radar

      at _log (node_modules/dotenv/lib/main.js:139:11)

  console.warn
    seller per-item tokens fetch failed Cast to ObjectId failed for value "{ name: 'Milk' }" (type Object) at path "_id" for model "Product"

    [0m [90m 52 |[39m   [90m// Only log if it's NOT an expected warning[39m
     [90m 53 |[39m   [36mif[39m ([33m![39misExpectedWarn) {
    [31m[1m>[22m[39m[90m 54 |[39m     originalWarn[33m.[39mapply(console[33m,[39m args)[33m;[39m
     [90m    |[39m                  [31m[1m^[22m[39m
     [90m 55 |[39m   }
     [90m 56 |[39m }[33m;[39m
     [90m 57 |[39m[0m

      at console.apply [as warn] (tests/setup.js:54:18)
      at warn (services/push.js:170:15)
      at Object.<anonymous> (tests/services/push.test.js:460:22)

  console.log
    [dotenv@17.2.2] injecting env (0) from .env -- tip: ΓÜÖ∩╕Å  suppress all logs with { quiet: true }

      at _log (node_modules/dotenv/lib/main.js:139:11)

  console.log
    Γ£à Connected to MongoDB Atlas test database

      at log (tests/testUtils/dbHandler.js:26:11)

  console.warn
    [upsertClient] phone conflict phone=+7777777777 incomingUID=test_uid_011 existingUID=test_uid_010

    [0m [90m 52 |[39m   [90m// Only log if it's NOT an expected warning[39m
     [90m 53 |[39m   [36mif[39m ([33m![39misExpectedWarn) {
    [31m[1m>[22m[39m[90m 54 |[39m     originalWarn[33m.[39mapply(console[33m,[39m args)[33m;[39m
     [90m    |[39m                  [31m[1m^[22m[39m
     [90m 55 |[39m   }
     [90m 56 |[39m }[33m;[39m
     [90m 57 |[39m[0m

      at console.apply [as warn] (tests/setup.js:54:18)
      at warn (controllers/clientsController.js:61:17)

  console.warn
    [clientsController] Dropped legacy email_1 index

    [0m [90m 52 |[39m   [90m// Only log if it's NOT an expected warning[39m
     [90m 53 |[39m   [36mif[39m ([33m![39misExpectedWarn) {
    [31m[1m>[22m[39m[90m 54 |[39m     originalWarn[33m.[39mapply(console[33m,[39m args)[33m;[39m
     [90m    |[39m                  [31m[1m^[22m[39m
     [90m 55 |[39m   }
     [90m 56 |[39m }[33m;[39m
     [90m 57 |[39m[0m

      at console.apply [as warn] (tests/setup.js:54:18)
      at warn (controllers/clientsController.js:19:19)

  console.warn
    seller per-item tokens fetch failed Cast to ObjectId failed for value "{ name: 'Carrot', category: 'vegetables' }" (type Object) at path "_id" for model "Product"

    [0m [90m 52 |[39m   [90m// Only log if it's NOT an expected warning[39m
     [90m 53 |[39m   [36mif[39m ([33m![39misExpectedWarn) {
    [31m[1m>[22m[39m[90m 54 |[39m     originalWarn[33m.[39mapply(console[33m,[39m args)[33m;[39m
     [90m    |[39m                  [31m[1m^[22m[39m
     [90m 55 |[39m   }
     [90m 56 |[39m }[33m;[39m
     [90m 57 |[39m[0m

      at console.apply [as warn] (tests/setup.js:54:18)
      at warn (services/push.js:170:15)
      at Object.<anonymous> (tests/services/push.test.js:907:22)

  console.log
    Γ£à Test database dropped

      at Object.log [as closeTestDB] (tests/testUtils/dbHandler.js:37:15)

  console.log
    Γ£à Test database connection closed

      at Object.log [as closeTestDB] (tests/testUtils/dbHandler.js:41:15)

FAIL tests/services/push.test.js (28.478 s)
  Push Notifications Service - Comprehensive Tests
    FCM v1 API Integration
      ΓêÜ should send notification to single device token (2113 ms)
      ΓêÜ should send multicast notification to multiple tokens (792 ms)
      ΓêÜ should handle Firebase Admin not initialized gracefully (717 ms)
      ΓêÜ should handle messaging API unavailable (717 ms)
      ΓêÜ should chunk tokens to max 500 per request (1354 ms)
      ΓêÜ should convert non-string data values to JSON strings (2964 ms)
      ΓêÜ should track FCM success/failure counts (838 ms)
      ΓêÜ should handle invalid token format (770 ms)
    Channel Selection Logic
      ΓêÜ should default to 'orders_updates' channel (693 ms)
      ├ù should use 'orders_alerts_v2' for offer notifications (is_offer=true) (857 ms)
      ΓêÜ should use 'orders_alerts_v2' for order alert notifications (765 ms)
      ΓêÜ should use custom sound for alert channel (829 ms)
      ΓêÜ should respect android_channel_id override in data (701 ms)
    Notification Delivery - Role-Based
      ΓêÜ should send order status update notification to client (673 ms)
      ΓêÜ should send delivery assignment notification to agent (703 ms)
      ΓêÜ should send promotional offer notification (810 ms)
      ΓêÜ should send admin dashboard alert (1191 ms)
      ΓêÜ should send seller notification with order details (1010 ms)
      ΓêÜ should handle empty token array gracefully (750 ms)
      ΓêÜ should skip notification when tokens is null/undefined (642 ms)
    Error Handling
      ΓêÜ should handle FCM network errors (723 ms)
      ΓêÜ should handle expired tokens (748 ms)
      ΓêÜ should handle rate limiting from FCM (681 ms)
      ΓêÜ should continue on partial failures (some tokens succeed) (757 ms)
      ΓêÜ should handle database query failures gracefully (666 ms)
    Advanced Scenarios
      ΓêÜ should handle cancellation notifications with reason (735 ms)
      ΓêÜ should exclude specific roles from notifications (749 ms)
      ΓêÜ should compute item kinds correctly (grocery, vegetables, food) (714 ms)
      ├ù should handle multi-seller orders (products from different sellers) (1036 ms)
      ΓêÜ should handle client_id as embedded object (791 ms)

  ΓùÅ Push Notifications Service - Comprehensive Tests ΓÇ║ Channel Selection Logic ΓÇ║ should use 'orders_alerts_v2' for offer notifications (is_offer=true)

    expect(received).toBeDefined()

    Received: undefined

    [0m [90m 345 |[39m         call[[35m0[39m][33m.[39mdata[33m.[39maudience[33m.[39mincludes([32m"agent"[39m)
     [90m 346 |[39m       )[33m;[39m
    [31m[1m>[22m[39m[90m 347 |[39m       expect(agentMessage)[33m.[39mtoBeDefined()[33m;[39m
     [90m     |[39m                            [31m[1m^[22m[39m
     [90m 348 |[39m       expect(agentMessage[[35m0[39m][33m.[39mdata[33m.[39mis_offer)[33m.[39mtoBe([32m"true"[39m)[33m;[39m
     [90m 349 |[39m     })[33m;[39m
     [90m 350 |[39m[0m

      at Object.toBeDefined (tests/services/push.test.js:347:28)

  ΓùÅ Push Notifications Service - Comprehensive Tests ΓÇ║ Advanced Scenarios ΓÇ║ should handle multi-seller orders (products from different sellers)

    expect(received).toBeGreaterThan(expected)

    Expected: > 0
    Received:   0

    [0m [90m 975 |[39m       [90m// Per-item seller notifications are sent if products found[39m
     [90m 976 |[39m       [36mconst[39m allCalls [33m=[39m mockSendEachForMulticast[33m.[39mmock[33m.[39mcalls[33m;[39m
    [31m[1m>[22m[39m[90m 977 |[39m       expect(allCalls[33m.[39mlength)[33m.[39mtoBeGreaterThan([35m0[39m)[33m;[39m
     [90m     |[39m                               [31m[1m^[22m[39m
     [90m 978 |[39m     })[33m;[39m
     [90m 979 |[39m
     [90m 980 |[39m     test([32m"should handle client_id as embedded object"[39m[33m,[39m [36masync[39m () [33m=>[39m {[0m

      at Object.toBeGreaterThan (tests/services/push.test.js:977:31)

  console.log
    [dotenv@17.2.2] injecting env (18) from .env -- tip: ≡ƒöÉ encrypt with Dotenvx: https://dotenvx.com

      at _log (node_modules/dotenv/lib/main.js:139:11)

  console.log
    [dotenv@17.2.2] injecting env (0) from .env -- tip: ≡ƒôí auto-backup env with Radar: https://dotenvx.com/radar

      at _log (node_modules/dotenv/lib/main.js:139:11)

  console.log
    Γ£à Connected to MongoDB Atlas test database

      at log (tests/testUtils/dbHandler.js:26:11)

  console.log
    Γ£à Test database dropped

      at log (tests/testUtils/dbHandler.js:37:15)

  console.log
    Γ£à Test database connection closed

      at log (tests/testUtils/dbHandler.js:41:15)

PASS tests/controllers/clientsController.test.js (29.886 s)
  Clients Controller & Routes Tests
    POST /api/clients/upsert - Create/Update Client
      Success Cases
        ΓêÜ should create new client with required fields (4187 ms)
        ΓêÜ should update existing client profile (1020 ms)
        ΓêÜ should create client with minimal data (name only) (869 ms)
        ΓêÜ should create client with phone only (898 ms)
        ΓêÜ should parse and store valid DOB (888 ms)
        ΓêÜ should mark profile_completed when all fields present (897 ms)
        ΓêÜ should use first_name as name if name not provided (796 ms)
        ΓêÜ should combine first_name and last_name for name (779 ms)
      Validation & Error Cases
        ΓêÜ should reject request without firebase_uid (602 ms)
        ΓêÜ should reject new client without any identity fields (682 ms)
        ΓêÜ should reject duplicate phone number (1228 ms)
        ΓêÜ should reject if firebase_uid belongs to admin (995 ms)
        ΓêÜ should reject if firebase_uid belongs to seller (899 ms)
        ΓêÜ should ignore invalid DOB format (798 ms)
      Phone Claiming Logic (when ALLOW_PHONE_CLAIM=1)
        ΓêÜ should claim legacy phone record without firebase_uid (877 ms)
        ΓêÜ should reassign orphan phone record (896 ms)
    POST /api/clients/complete-profile
      ΓêÜ should complete profile with all required fields (667 ms)
      ΓêÜ should complete profile without DOB (optional) (638 ms)
      ΓêÜ should reject without firebase_uid (677 ms)
      ΓêÜ should reject without first_name (600 ms)
      ΓêÜ should reject without phone (587 ms)
      ΓêÜ should reject invalid DOB (628 ms)
      ΓêÜ should upsert client if not exists (745 ms)
    GET /api/clients/:uid - Get Client Profile
      ΓêÜ should return client profile by firebase_uid (647 ms)
      ΓêÜ should return 404 if client not found (734 ms)
      ΓêÜ should return 400 if uid missing (598 ms)
    PUT /api/clients/:uid - Update Client Profile
      ΓêÜ should update existing client profile (747 ms)
      ΓêÜ should update avatar_url (692 ms)
      ΓêÜ should create client if not exists (upsert) (939 ms)
      ΓêÜ should handle partial updates (935 ms)
      ΓêÜ should ignore email field (removed from spec) (854 ms)

  console.log
    [dotenv@17.2.2] injecting env (18) from .env -- tip: ≡ƒöÉ prevent building .env in docker: https://dotenvx.com/prebuild

      at _log (node_modules/dotenv/lib/main.js:139:11)

  console.log
    [dotenv@17.2.2] injecting env (0) from .env -- tip: ΓÜÖ∩╕Å  override existing env vars with { override: true }

      at _log (node_modules/dotenv/lib/main.js:139:11)

  console.log
    Γ£à Connected to MongoDB Atlas test database

      at log (tests/testUtils/dbHandler.js:26:11)

  console.error
    createOrder error: Error: Invalid product or price for: 6915a5170982a1dbca4b8cca
        at buildGroupedOrders (C:\Users\asus\Documents\EasyApp\Backend\services\pricing.js:121:15)
        at processTicksAndRejections (node:internal/process/task_queues:95:5)
        at createOrder (C:\Users\asus\Documents\EasyApp\Backend\controllers\ordersController.js:567:21)

    [0m [90m 37 |[39m   [90m// Only log if it's NOT an expected error[39m
     [90m 38 |[39m   [36mif[39m ([33m![39misExpectedError) {
    [31m[1m>[22m[39m[90m 39 |[39m     originalError[33m.[39mapply(console[33m,[39m args)[33m;[39m
     [90m    |[39m                   [31m[1m^[22m[39m
     [90m 40 |[39m   }
     [90m 41 |[39m }[33m;[39m
     [90m 42 |[39m[0m

      at console.apply (tests/setup.js:39:19)
      at error (controllers/ordersController.js:972:13)

  console.error
    Error accepting order: DocumentNotFoundError: No document found for query "{ _id: new ObjectId('6915a5180982a1dbca4b8cfb') }" on model "Order"
        at C:\Users\asus\Documents\EasyApp\Backend\node_modules\mongoose\lib\model.js:545:17
        at C:\Users\asus\Documents\EasyApp\Backend\node_modules\mongoose\lib\model.js:450:9
        at processTicksAndRejections (node:internal/process/task_queues:95:5) {
      result: {
        acknowledged: true,
        modifiedCount: 0,
        upsertedId: null,
        upsertedCount: 0,
        matchedCount: 0,
        '$where': { _id: new ObjectId('6915a5180982a1dbca4b8cfb') }
      },
      numAffected: 0,
      filter: { _id: new ObjectId('6915a5180982a1dbca4b8cfb') },
      query: { _id: new ObjectId('6915a5180982a1dbca4b8cfb') }
    }

    [0m [90m 37 |[39m   [90m// Only log if it's NOT an expected error[39m
     [90m 38 |[39m   [36mif[39m ([33m![39misExpectedError) {
    [31m[1m>[22m[39m[90m 39 |[39m     originalError[33m.[39mapply(console[33m,[39m args)[33m;[39m
     [90m    |[39m                   [31m[1m^[22m[39m
     [90m 40 |[39m   }
     [90m 41 |[39m }[33m;[39m
     [90m 42 |[39m[0m

      at console.apply (tests/setup.js:39:19)
      at error (routes/delivery.js:1044:13)

  console.log
    Γ£à Test database dropped

      at log (tests/testUtils/dbHandler.js:37:15)

  console.log
    Γ£à Test database connection closed

      at log (tests/testUtils/dbHandler.js:41:15)

FAIL tests/products.test.js (25.177 s)
  Products - Integration Tests
    GET /api/products - List Products
      ΓêÜ should return all active products (1943 ms)
      ├ù should filter products by category (593 ms)
      ΓêÜ should search products by name (522 ms)
      ├ù should paginate products (463 ms)
      ΓêÜ should not return inactive products (378 ms)
    GET /api/products/:id - Get Product Details
      ΓêÜ should return product details (424 ms)
      ΓêÜ should return 404 for non-existent product (384 ms)
      ΓêÜ should return 400 for invalid product ID (325 ms)
    POST /api/products/prices - Bulk Price Check
      ├ù should return prices for multiple products (369 ms)
      ΓêÜ should return empty array for empty ids (332 ms)
      ΓêÜ should handle mix of valid and invalid IDs (409 ms)
    Product Stock Management
      ΓêÜ should check stock availability (498 ms)
      ΓêÜ restaurant products should have unlimited stock (429 ms)
    Product Ratings
      ├ù should calculate average rating correctly (341 ms)
    Seller-Specific Product Info
      ├ù should include seller information with products (354 ms)
      ΓêÜ should show restaurant cuisine type (444 ms)
    Product Caching
      ΓêÜ should cache product listings (442 ms)
    POST /api/products/stock - Stock Validation
      ΓêÜ should validate stock for single item (387 ms)
      ├ù should validate stock for multiple items (498 ms)
      ΓêÜ should handle insufficient stock (399 ms)
      ΓêÜ should treat restaurant items as unlimited stock (393 ms)
      ΓêÜ should reject items array missing (395 ms)
      ΓêÜ should reject empty items array (321 ms)
      ΓêÜ should handle non-existent product IDs (477 ms)
      ΓêÜ should handle inactive products (448 ms)
      ΓêÜ should calculate remaining stock correctly (445 ms)
    POST /api/products/quote - Price Quote Generation
      ├ù should generate quote for single item (492 ms)
      ΓêÜ should generate quote for multiple items (602 ms)
      ΓêÜ should apply valid coupon (557 ms)
      ΓêÜ should reject expired coupon (670 ms)
      ├ù should reject inactive coupon (596 ms)
      ├ù should enforce minimum subtotal for coupon (654 ms)
      ├ù should apply category-specific coupon (638 ms)
      ΓêÜ should not apply category-specific coupon to wrong category (584 ms)
      ΓêÜ should calculate delivery charge for grocery (624 ms)
      ├ù should calculate delivery charge for food (518 ms)
      ΓêÜ should waive delivery charge above free delivery threshold (533 ms)
      ├ù should calculate combined delivery charge for mixed categories (520 ms)
      ΓêÜ should handle out of stock items in quote (665 ms)
      ΓêÜ should handle partial stock availability (700 ms)
      ΓêÜ should reject quote without items array (481 ms)
      ΓêÜ should reject quote with empty items array (461 ms)
      ΓêÜ should handle invalid product IDs in quote (470 ms)
      ├ù should calculate grand total correctly (460 ms)
      ├ù should treat restaurant items as unlimited stock in quote (426 ms)

  ΓùÅ Products - Integration Tests ΓÇ║ GET /api/products - List Products ΓÇ║ should filter products by category

    expect(received).toBe(expected) // Object.is equality

    Expected: 2
    Received: 3

    [0m [90m 90 |[39m
     [90m 91 |[39m       expect(res[33m.[39mstatus)[33m.[39mtoBe([35m200[39m)[33m;[39m
    [31m[1m>[22m[39m[90m 92 |[39m       expect(res[33m.[39mbody[33m.[39mdata[33m.[39mlength)[33m.[39mtoBe([35m2[39m)[33m;[39m
     [90m    |[39m                                    [31m[1m^[22m[39m
     [90m 93 |[39m       expect(res[33m.[39mbody[33m.[39mdata[33m.[39mevery((p) [33m=>[39m p[33m.[39mcategory [33m===[39m 
[32m"Grocery"[39m))[33m.[39mtoBe([36mtrue[39m)[33m;[39m
     [90m 94 |[39m     })[33m;[39m
     [90m 95 |[39m[0m

      at Object.toBe (tests/products.test.js:92:36)

  ΓùÅ Products - Integration Tests ΓÇ║ GET /api/products - List Products ΓÇ║ should paginate products

    expect(received).toBe(expected) // Object.is equality

    Expected: 2
    Received: 0

    [0m [90m 106 |[39m
     [90m 107 |[39m       expect(res[33m.[39mstatus)[33m.[39mtoBe([35m200[39m)[33m;[39m
    [31m[1m>[22m[39m[90m 108 |[39m       expect(res[33m.[39mbody[33m.[39mdata[33m.[39mlength)[33m.[39mtoBe([35m2[39m)[33m;[39m
     [90m     |[39m                                    [31m[1m^[22m[39m
     [90m 109 |[39m       expect(res[33m.[39mbody[33m.[39mcurrentPage [33m||[39m res[33m.[39mbody[33m.[39mpage [33m||[39m 
[35m1[39m)[33m.[39mtoBe([35m1[39m)[33m;[39m
     [90m 110 |[39m       expect(
     [90m 111 |[39m         res[33m.[39mbody[33m.[39mpageSize [33m||[39m res[33m.[39mbody[33m.[39mlimit [33m||[39m 
res[33m.[39mbody[33m.[39mdata[33m.[39mlength[0m

      at Object.toBe (tests/products.test.js:108:36)

  ΓùÅ Products - Integration Tests ΓÇ║ POST /api/products/prices - Bulk Price Check ΓÇ║ should return prices for multiple products

    expect(received).toBe(expected) // Object.is equality

    Expected: 200
    Received: 400

    [0m [90m 162 |[39m       [36mconst[39m res [33m=[39m [36mawait[39m request(app)[33m.[39mpost([32m"/api/products/prices"[39m)[33m.[39msend({ ids 
})[33m;[39m
     [90m 163 |[39m
    [31m[1m>[22m[39m[90m 164 |[39m       expect(res[33m.[39mstatus)[33m.[39mtoBe([35m200[39m)[33m;[39m
     [90m     |[39m                          [31m[1m^[22m[39m
     [90m 165 |[39m       expect([33mArray[39m[33m.[39misArray(res[33m.[39mbody))[33m.[39mtoBe([36mtrue[39m)[33m;[39m
     [90m 166 |[39m       expect(res[33m.[39mbody[33m.[39mlength)[33m.[39mtoBe([35m2[39m)[33m;[39m
     [90m 167 |[39m       expect(res[33m.[39mbody[[35m0[39m][33m.[39mprice)[33m.[39mtoBeDefined()[33m;[39m[0m

      at Object.toBe (tests/products.test.js:164:26)

  ΓùÅ Products - Integration Tests ΓÇ║ Product Ratings ΓÇ║ should calculate average rating correctly

    TypeError: Cannot read properties of null (reading 'updateOne')

    [0m [90m 213 |[39m       [36mconst[39m product [33m=[39m [36mawait[39m [33mProduct[39m[33m.[39mfindOne({ name[33m:[39m [32m"Fresh Milk"[39m 
})[33m;[39m
     [90m 214 |[39m
    [31m[1m>[22m[39m[90m 215 |[39m       [36mawait[39m product[33m.[39mupdateOne({
     [90m     |[39m                     [31m[1m^[22m[39m
     [90m 216 |[39m         $set[33m:[39m {
     [90m 217 |[39m           rating[33m:[39m [35m4.5[39m[33m,[39m
     [90m 218 |[39m           rating_count[33m:[39m [35m10[39m[33m,[39m[0m

      at Object.updateOne (tests/products.test.js:215:21)

  ΓùÅ Products - Integration Tests ΓÇ║ Seller-Specific Product Info ΓÇ║ should include seller information with products

    expect(received).toBeDefined()

    Received: undefined

    [0m [90m 241 |[39m       expect(res[33m.[39mstatus)[33m.[39mtoBe([35m200[39m)[33m;[39m
     [90m 242 |[39m       [36mconst[39m productWithSeller [33m=[39m res[33m.[39mbody[33m.[39mdata[33m.[39mfind((p) [33m=>[39m 
p[33m.[39mseller_id)[33m;[39m
    [31m[1m>[22m[39m[90m 243 |[39m       expect(productWithSeller)[33m.[39mtoBeDefined()[33m;[39m
     [90m     |[39m                                 [31m[1m^[22m[39m
     [90m 244 |[39m     })[33m;[39m
     [90m 245 |[39m
     [90m 246 |[39m     test([32m"should show restaurant cuisine type"[39m[33m,[39m [36masync[39m () [33m=>[39m {[0m

      at Object.toBeDefined (tests/products.test.js:243:33)

  ΓùÅ Products - Integration Tests ΓÇ║ POST /api/products/stock - Stock Validation ΓÇ║ should validate stock for multiple items

    expect(received).toBe(expected) // Object.is equality

    Expected: true
    Received: false

    [0m [90m 302 |[39m       expect(res[33m.[39mstatus)[33m.[39mtoBe([35m200[39m)[33m;[39m
     [90m 303 |[39m       expect(res[33m.[39mbody[33m.[39mlength)[33m.[39mtoBe([35m2[39m)[33m;[39m
    [31m[1m>[22m[39m[90m 304 |[39m       expect(res[33m.[39mbody[33m.[39mevery((item) [33m=>[39m item[33m.[39mavailable [33m===[39m 
[36mtrue[39m))[33m.[39mtoBe([36mtrue[39m)[33m;[39m
     [90m     |[39m                                                                 [31m[1m^[22m[39m
     [90m 305 |[39m     })[33m;[39m
     [90m 306 |[39m
     [90m 307 |[39m     test([32m"should handle insufficient stock"[39m[33m,[39m [36masync[39m () [33m=>[39m {[0m

      at Object.toBe (tests/products.test.js:304:65)

  ΓùÅ Products - Integration Tests ΓÇ║ POST /api/products/quote - Price Quote Generation ΓÇ║ should generate quote for single item

    TypeError: Cannot read properties of null (reading '_id')

    [0m [90m 448 |[39m         [33m.[39mpost([32m"/api/products/quote"[39m)
     [90m 449 |[39m         [33m.[39msend({
    [31m[1m>[22m[39m[90m 450 |[39m           items[33m:[39m [{ product_id[33m:[39m milk[33m.[39m_id[33m.[39mtoString()[33m,[39m qty[33m:[39m 
[35m2[39m }][33m,[39m
     [90m     |[39m                                      [31m[1m^[22m[39m
     [90m 451 |[39m         })[33m;[39m
     [90m 452 |[39m
     [90m 453 |[39m       expect(res[33m.[39mstatus)[33m.[39mtoBe([35m200[39m)[33m;[39m[0m

      at Object._id (tests/products.test.js:450:38)

  ΓùÅ Products - Integration Tests ΓÇ║ POST /api/products/quote - Price Quote Generation ΓÇ║ should reject inactive coupon

    TypeError: Cannot read properties of null (reading '_id')

    [0m [90m 518 |[39m         [33m.[39mpost([32m"/api/products/quote"[39m)
     [90m 519 |[39m         [33m.[39msend({
    [31m[1m>[22m[39m[90m 520 |[39m           items[33m:[39m [{ product_id[33m:[39m milk[33m.[39m_id[33m.[39mtoString()[33m,[39m qty[33m:[39m 
[35m2[39m }][33m,[39m
     [90m     |[39m                                      [31m[1m^[22m[39m
     [90m 521 |[39m           coupon[33m:[39m [32m"INACTIVE"[39m[33m,[39m
     [90m 522 |[39m         })[33m;[39m
     [90m 523 |[39m[0m

      at Object._id (tests/products.test.js:520:38)

  ΓùÅ Products - Integration Tests ΓÇ║ POST /api/products/quote - Price Quote Generation ΓÇ║ should enforce minimum subtotal for coupon

    expect(received).toBe(expected) // Object.is equality

    Expected: 40
    Received: 0

    [0m [90m 538 |[39m
     [90m 539 |[39m       expect(res[33m.[39mstatus)[33m.[39mtoBe([35m200[39m)[33m;[39m
    [31m[1m>[22m[39m[90m 540 |[39m       expect(res[33m.[39mbody[33m.[39msubtotal)[33m.[39mtoBe([35m40[39m)[33m;[39m
     [90m     |[39m                                 [31m[1m^[22m[39m
     [90m 541 |[39m       [36mconst[39m couponAdj [33m=[39m res[33m.[39mbody[33m.[39madjustments[33m.[39mfind((a) [33m=>[39m a[33m.[39mtype 
[33m===[39m [32m"coupon"[39m)[33m;[39m
     [90m 542 |[39m       expect(couponAdj)[33m.[39mtoBeUndefined()[33m;[39m [90m// Below minimum[39m
     [90m 543 |[39m     })[33m;[39m[0m

      at Object.toBe (tests/products.test.js:540:33)

  ΓùÅ Products - Integration Tests ΓÇ║ POST /api/products/quote - Price Quote Generation ΓÇ║ should apply category-specific coupon

    TypeError: Cannot read properties of null (reading '_id')

    [0m [90m 549 |[39m         [33m.[39mpost([32m"/api/products/quote"[39m)
     [90m 550 |[39m         [33m.[39msend({
    [31m[1m>[22m[39m[90m 551 |[39m           items[33m:[39m [{ product_id[33m:[39m milk[33m.[39m_id[33m.[39mtoString()[33m,[39m qty[33m:[39m 
[35m2[39m }][33m,[39m
     [90m     |[39m                                      [31m[1m^[22m[39m
     [90m 552 |[39m           coupon[33m:[39m [32m"GROCERY10"[39m[33m,[39m
     [90m 553 |[39m         })[33m;[39m
     [90m 554 |[39m[0m

      at Object._id (tests/products.test.js:551:38)

  ΓùÅ Products - Integration Tests ΓÇ║ POST /api/products/quote - Price Quote Generation ΓÇ║ should calculate delivery charge for food

    expect(received).toBe(expected) // Object.is equality

    Expected: 250
    Received: 0

    [0m [90m 598 |[39m
     [90m 599 |[39m       expect(res[33m.[39mstatus)[33m.[39mtoBe([35m200[39m)[33m;[39m
    [31m[1m>[22m[39m[90m 600 |[39m       expect(res[33m.[39mbody[33m.[39msubtotal)[33m.[39mtoBe([35m250[39m)[33m;[39m
     [90m     |[39m                                 [31m[1m^[22m[39m
     [90m 601 |[39m       [90m// Food items: delivery_charge_food = 40, but subtotal > 100, so 0 due to threshold[39m
     [90m 602 |[39m       expect(res[33m.[39mbody[33m.[39mdelivery_charge)[33m.[39mtoBe([35m0[39m)[33m;[39m [90m// Above min_total_for_delivery_charge[39m
     [90m 603 |[39m     })[33m;[39m[0m

      at Object.toBe (tests/products.test.js:600:33)

  ΓùÅ Products - Integration Tests ΓÇ║ POST /api/products/quote - Price Quote Generation ΓÇ║ should calculate combined delivery charge for mixed categories

    TypeError: Cannot read properties of null (reading '_id')

    [0m [90m 628 |[39m         [33m.[39msend({
     [90m 629 |[39m           items[33m:[39m [
    [31m[1m>[22m[39m[90m 630 |[39m             { product_id[33m:[39m milk[33m.[39m_id[33m.[39mtoString()[33m,[39m qty[33m:[39m [35m1[39m }[33m,[39m
     [90m     |[39m                                [31m[1m^[22m[39m
     [90m 631 |[39m             { product_id[33m:[39m biryani[33m.[39m_id[33m.[39mtoString()[33m,[39m qty[33m:[39m [35m1[39m }[33m,[39m
     [90m 632 |[39m           ][33m,[39m
     [90m 633 |[39m         })[33m;[39m[0m

      at Object._id (tests/products.test.js:630:32)

  ΓùÅ Products - Integration Tests ΓÇ║ POST /api/products/quote - Price Quote Generation ΓÇ║ should calculate grand total correctly

    TypeError: Cannot read properties of null (reading '_id')

    [0m [90m 710 |[39m         [33m.[39mpost([32m"/api/products/quote"[39m)
     [90m 711 |[39m         [33m.[39msend({
    [31m[1m>[22m[39m[90m 712 |[39m           items[33m:[39m [{ product_id[33m:[39m milk[33m.[39m_id[33m.[39mtoString()[33m,[39m qty[33m:[39m 
[35m2[39m }][33m,[39m
     [90m     |[39m                                      [31m[1m^[22m[39m
     [90m 713 |[39m           coupon[33m:[39m [32m"SAVE10"[39m[33m,[39m
     [90m 714 |[39m         })[33m;[39m
     [90m 715 |[39m[0m

      at Object._id (tests/products.test.js:712:38)

  ΓùÅ Products - Integration Tests ΓÇ║ POST /api/products/quote - Price Quote Generation ΓÇ║ should treat restaurant items as unlimited stock in quote

    TypeError: Cannot read properties of null (reading '_id')

    [0m [90m 728 |[39m         [33m.[39mpost([32m"/api/products/quote"[39m)
     [90m 729 |[39m         [33m.[39msend({
    [31m[1m>[22m[39m[90m 730 |[39m           items[33m:[39m [{ product_id[33m:[39m biryani[33m.[39m_id[33m.[39mtoString()[33m,[39m qty[33m:[39m 
[35m50[39m }][33m,[39m
     [90m     |[39m                                         [31m[1m^[22m[39m
     [90m 731 |[39m         })[33m;[39m
     [90m 732 |[39m
     [90m 733 |[39m       expect(res[33m.[39mstatus)[33m.[39mtoBe([35m200[39m)[33m;[39m[0m

      at Object._id (tests/products.test.js:730:41)

  console.log
    [dotenv@17.2.2] injecting env (18) from .env -- tip: ΓÜÖ∩╕Å  override existing env vars with { override: true }

      at _log (node_modules/dotenv/lib/main.js:139:11)

  console.log
    [dotenv@17.2.2] injecting env (0) from .env -- tip: ≡ƒôí observe env with Radar: https://dotenvx.com/radar

      at _log (node_modules/dotenv/lib/main.js:139:11)

  console.log
    Γ£à Connected to MongoDB Atlas test database

      at log (tests/testUtils/dbHandler.js:26:11)

  console.log
    ΓÅ░ Found 0 timed-out orders to reassign

      at log (routes/delivery.js:2273:15)

  console.log
    ≡ƒöä Found 3 abandoned pending orders to retry

      at log (routes/delivery.js:2478:13)

  console.log
    ≡ƒôï 2 delivery agents currently available (approved, active, available)

      at log (routes/delivery.js:2492:13)

  console.log
    Γ£à Retry: Order 6915a51fdaf029d3c90f9c4e assigned to agent Agent Two (attempt 1/10)

      at log (routes/delivery.js:2687:15)

  console.error
    Failed to notify order 6915a51fdaf029d3c90f9c4e: Cannot read properties of null (reading 'payment')

    [0m [90m 37 |[39m   [90m// Only log if it's NOT an expected error[39m
     [90m 38 |[39m   [36mif[39m ([33m![39misExpectedError) {
    [31m[1m>[22m[39m[90m 39 |[39m     originalError[33m.[39mapply(console[33m,[39m args)[33m;[39m
     [90m    |[39m                   [31m[1m^[22m[39m
     [90m 40 |[39m   }
     [90m 41 |[39m }[33m;[39m
     [90m 42 |[39m[0m

      at console.apply (tests/setup.js:39:19)
      at error (routes/delivery.js:2704:17)

  console.log
    Γ£à Retry: Order 6915a51fdaf029d3c90f9c4b assigned to agent Agent Two (attempt 1/10)

      at log (routes/delivery.js:2687:15)

  console.error
    Failed to notify order 6915a51fdaf029d3c90f9c4b: Cannot read properties of null (reading 'payment')

    [0m [90m 37 |[39m   [90m// Only log if it's NOT an expected error[39m
     [90m 38 |[39m   [36mif[39m ([33m![39misExpectedError) {
    [31m[1m>[22m[39m[90m 39 |[39m     originalError[33m.[39mapply(console[33m,[39m args)[33m;[39m
     [90m    |[39m                   [31m[1m^[22m[39m
     [90m 40 |[39m   }
     [90m 41 |[39m }[33m;[39m
     [90m 42 |[39m[0m

      at console.apply (tests/setup.js:39:19)
      at error (routes/delivery.js:2704:17)

  console.log
    Γ£à Retry complete: 2 assigned, 0 escalated, 1 skipped

      at log (routes/delivery.js:2715:15)

  console.log
    Γ£à Test database dropped

      at log (tests/testUtils/dbHandler.js:37:15)

  console.log
    Γ£à Test database connection closed

      at log (tests/testUtils/dbHandler.js:41:15)

FAIL tests/cart.test.js (9.06 s)
  Cart - Integration Tests
    GET /api/cart/:uid - Get Cart
      ΓêÜ should return empty cart for new user (1919 ms)
      ├ù should return cart items for existing cart (595 ms)
    PUT /api/cart/:uid - Update Cart
      ΓêÜ should add items to cart (615 ms)
      ΓêÜ should update existing cart (525 ms)
      ΓêÜ should clear cart with empty items array (619 ms)
      ΓêÜ should fail with invalid items format (359 ms)
      ΓêÜ should fail with missing items field (353 ms)
    Cart Item Validation
      ΓêÜ should handle multiple items from different sellers (639 ms)
      ΓêÜ should maintain cart item order (462 ms)
    Cart Calculations
      ΓêÜ should calculate correct cart total (454 ms)
    Cart Persistence
      ΓêÜ cart should persist across sessions (446 ms)

  ΓùÅ Cart - Integration Tests ΓÇ║ GET /api/cart/:uid - Get Cart ΓÇ║ should return cart items for existing cart

    expect(received).toBe(expected) // Object.is equality

    Expected: 1
    Received: 0

    [0m [90m 89 |[39m
     [90m 90 |[39m       expect(res[33m.[39mstatus)[33m.[39mtoBe([35m200[39m)[33m;[39m
    [31m[1m>[22m[39m[90m 91 |[39m       expect(res[33m.[39mbody[33m.[39mlength)[33m.[39mtoBe([35m1[39m)[33m;[39m
     [90m    |[39m                               [31m[1m^[22m[39m
     [90m 92 |[39m       expect(res[33m.[39mbody[[35m0[39m][33m.[39mname)[33m.[39mtoBe([32m"Product 1"[39m)[33m;[39m
     [90m 93 |[39m       expect(res[33m.[39mbody[[35m0[39m][33m.[39mqty)[33m.[39mtoBe([35m2[39m)[33m;[39m
     [90m 94 |[39m     })[33m;[39m[0m

      at Object.toBe (tests/cart.test.js:91:31)

  console.log
    [dotenv@17.2.2] injecting env (18) from .env -- tip: ≡ƒöÉ encrypt with Dotenvx: https://dotenvx.com

      at _log (node_modules/dotenv/lib/main.js:139:11)

  console.log
    [dotenv@17.2.2] injecting env (0) from .env -- tip: ΓÜÖ∩╕Å  enable debug logging with { debug: true }

      at _log (node_modules/dotenv/lib/main.js:139:11)

  console.log
    Γ£à Test database dropped

      at log (tests/testUtils/dbHandler.js:37:15)

  console.log
    Γ£à Test database connection closed

      at log (tests/testUtils/dbHandler.js:41:15)

FAIL tests/middleware/couponValidation.test.js (21.833 s)
  Coupon Validation Middleware - Complete Coverage
    Γ£à Happy Path - Valid Coupon Application
      ├ù should apply valid coupon with correct discount (2202 ms)
      ├ù should handle case-insensitive coupon codes (1114 ms)
      ΓêÜ should work when no coupon is provided (939 ms)
    Γ¥î Error Handling - Invalid Coupons
      ΓêÜ should reject non-existent coupon code (904 ms)
      ΓêÜ should reject expired coupon (1015 ms)
      ├ù should reject coupon that hasn't started yet (976 ms)
      ΓêÜ should reject inactive coupon (906 ms)
    ≡ƒôÅ Business Rules - Minimum Subtotal
      ├ù should apply coupon when minimum subtotal is met (850 ms)
      ΓêÜ should NOT apply coupon when minimum subtotal is not met (909 ms)
    ≡ƒÅ╖∩╕Å Category Restrictions
      ΓêÜ should apply category-specific coupon to matching category (877 ms)
      ΓêÜ should NOT apply coupon to wrong category (821 ms)
    ≡ƒöó Usage Limits
      ΓêÜ should reject coupon that has reached max total usage (1313 ms)
    ΓÜá∩╕Å Edge Cases
      ├ù should handle empty coupon string (970 ms)
      ├ù should handle whitespace in coupon code (948 ms)
      ΓêÜ should handle null coupon (1010 ms)
      ΓêÜ should handle cart with subtotal of exactly zero (824 ms)
    ≡ƒöÆ Security Tests
      ΓêÜ should prevent coupon code injection attempts (944 ms)
      ├ù should handle extremely long coupon codes (657 ms)
      ΓêÜ should handle special characters in coupon code (818 ms)
    ΓÜí Performance Tests
      ΓêÜ should handle coupon validation within acceptable time (815 ms)

  ΓùÅ Coupon Validation Middleware - Complete Coverage ΓÇ║ Γ£à Happy Path - Valid Coupon Application ΓÇ║ should apply valid coupon with correct discount

    expect(received).toBe(expected) // Object.is equality

    Expected: 1000
    Received: 0

    [0m [90m 169 |[39m
     [90m 170 |[39m       expect(res[33m.[39mstatus)[33m.[39mtoBe([35m200[39m)[33m;[39m
    [31m[1m>[22m[39m[90m 171 |[39m       expect(res[33m.[39mbody[33m.[39msubtotal)[33m.[39mtoBe([35m1000[39m)[33m;[39m
     [90m     |[39m                                 [31m[1m^[22m[39m
     [90m 172 |[39m
     [90m 173 |[39m       [36mconst[39m couponAdj [33m=[39m res[33m.[39mbody[33m.[39madjustments[33m?[39m[33m.[39mfind(
     [90m 174 |[39m         (adj) [33m=>[39m adj[33m.[39mtype [33m===[39m [32m"coupon"[39m[0m

      at Object.toBe (tests/middleware/couponValidation.test.js:171:33)

  ΓùÅ Coupon Validation Middleware - Complete Coverage ΓÇ║ Γ£à Happy Path - Valid Coupon Application ΓÇ║ should handle case-insensitive coupon codes

    expect(received).toBeDefined()

    Received: undefined

    [0m [90m 193 |[39m         (adj) [33m=>[39m adj[33m.[39mtype [33m===[39m [32m"coupon"[39m
     [90m 194 |[39m       )[33m;[39m
    [31m[1m>[22m[39m[90m 195 |[39m       expect(couponAdj)[33m.[39mtoBeDefined()[33m;[39m
     [90m     |[39m                         [31m[1m^[22m[39m
     [90m 196 |[39m       expect(couponAdj[33m.[39mcode)[33m.[39mtoBe([32m"VALID20"[39m)[33m;[39m
     [90m 197 |[39m     })[33m;[39m
     [90m 198 |[39m[0m

      at Object.toBeDefined (tests/middleware/couponValidation.test.js:195:25)

  ΓùÅ Coupon Validation Middleware - Complete Coverage ΓÇ║ Γ¥î Error Handling - Invalid Coupons ΓÇ║ should reject coupon that hasn't started yet

    MongoServerError: E11000 duplicate key error collection: grocery_db_test.clients index: phone_1 dup key: { phone: "9876543211" }

      at InsertOneOperation.execute (node_modules/mongoose/node_modules/mongodb/src/operations/insert.ts:88:13)
      at tryOperation (node_modules/mongoose/node_modules/mongodb/src/operations/execute_operation.ts:283:14)
      at executeOperation (node_modules/mongoose/node_modules/mongodb/src/operations/execute_operation.ts:115:12)
      at Collection.insertOne (node_modules/mongoose/node_modules/mongodb/src/collection.ts:286:12)

  ΓùÅ Coupon Validation Middleware - Complete Coverage ΓÇ║ ≡ƒôÅ Business Rules - Minimum Subtotal ΓÇ║ should apply coupon when minimum subtotal is met

    expect(received).toBeDefined()

    Received: undefined

    [0m [90m 310 |[39m         (adj) [33m=>[39m adj[33m.[39mtype [33m===[39m [32m"coupon"[39m
     [90m 311 |[39m       )[33m;[39m
    [31m[1m>[22m[39m[90m 312 |[39m       expect(couponAdj)[33m.[39mtoBeDefined()[33m;[39m [90m// Should apply (500 >= 200)[39m
     [90m     |[39m                         [31m[1m^[22m[39m
     [90m 313 |[39m     })[33m;[39m
     [90m 314 |[39m
     [90m 315 |[39m     test([32m"should NOT apply coupon when minimum subtotal is not met"[39m[33m,[39m [36masync[39m () [33m=>[39m {[0m

      at Object.toBeDefined (tests/middleware/couponValidation.test.js:312:25)

  ΓùÅ Coupon Validation Middleware - Complete Coverage ΓÇ║ ΓÜá∩╕Å Edge Cases ΓÇ║ should handle empty coupon string

    MongoServerError: E11000 duplicate key error collection: grocery_db_test.clients index: phone_1 dup key: { phone: "9876543211" }

      at InsertOneOperation.execute (node_modules/mongoose/node_modules/mongodb/src/operations/insert.ts:88:13)
      at tryOperation (node_modules/mongoose/node_modules/mongodb/src/operations/execute_operation.ts:283:14)
      at executeOperation (node_modules/mongoose/node_modules/mongodb/src/operations/execute_operation.ts:115:12)
      at Collection.insertOne (node_modules/mongoose/node_modules/mongodb/src/collection.ts:286:12)

  ΓùÅ Coupon Validation Middleware - Complete Coverage ΓÇ║ ΓÜá∩╕Å Edge Cases ΓÇ║ should handle whitespace in coupon code

    expect(received).toBeDefined()

    Received: undefined

    [0m [90m 423 |[39m         (adj) [33m=>[39m adj[33m.[39mtype [33m===[39m [32m"coupon"[39m
     [90m 424 |[39m       )[33m;[39m
    [31m[1m>[22m[39m[90m 425 |[39m       expect(couponAdj)[33m.[39mtoBeDefined()[33m;[39m [90m// Should trim and work[39m
     [90m     |[39m                         [31m[1m^[22m[39m
     [90m 426 |[39m     })[33m;[39m
     [90m 427 |[39m
     [90m 428 |[39m     test([32m"should handle null coupon"[39m[33m,[39m [36masync[39m () [33m=>[39m {[0m

      at Object.toBeDefined (tests/middleware/couponValidation.test.js:425:25)

  ΓùÅ Coupon Validation Middleware - Complete Coverage ΓÇ║ ≡ƒöÆ Security Tests ΓÇ║ should handle extremely long coupon codes

    MongoServerError: E11000 duplicate key error collection: grocery_db_test.clients index: phone_1 dup key: { phone: "9876543211" }

      at InsertOneOperation.execute (node_modules/mongoose/node_modules/mongodb/src/operations/insert.ts:88:13)
      at tryOperation (node_modules/mongoose/node_modules/mongodb/src/operations/execute_operation.ts:283:14)
      at executeOperation (node_modules/mongoose/node_modules/mongodb/src/operations/execute_operation.ts:115:12)
      at Collection.insertOne (node_modules/mongoose/node_modules/mongodb/src/collection.ts:286:12)

  console.log
    Γ£à Connected to MongoDB Atlas test database

      at log (tests/testUtils/dbHandler.js:26:11)

  console.log
    [dotenv@17.2.2] injecting env (18) from .env -- tip: ≡ƒôí version env with Radar: https://dotenvx.com/radar

      at _log (node_modules/dotenv/lib/main.js:139:11)

  console.log
    [dotenv@17.2.2] injecting env (0) from .env -- tip: ΓÜÖ∩╕Å  load multiple .env files with { path: ['.env.local', '.env'] }

      at _log (node_modules/dotenv/lib/main.js:139:11)

  console.log
    Γ£à Connected to MongoDB Atlas test database

      at log (tests/testUtils/dbHandler.js:26:11)

  console.log
    Γ£à Test database dropped

      at log (tests/testUtils/dbHandler.js:37:15)

  console.log
    Γ£à Test database connection closed

      at log (tests/testUtils/dbHandler.js:41:15)

FAIL tests/coupons.test.js (7.371 s)
  Coupons - Integration Tests
    Coupon Application via Quote Endpoint
      ΓêÜ should apply valid percentage coupon correctly (1767 ms)
      ├ù should reject expired coupon (779 ms)
      ├ù should apply coupon only when min subtotal is met (921 ms)
      ΓêÜ should NOT apply coupon when min subtotal is not met (472 ms)
      ├ù should apply category-specific coupon (601 ms)
      ├ù should handle case-insensitive coupon codes (462 ms)
    Admin Coupon Management
      ├ù should list all coupons (426 ms)

  ΓùÅ Coupons - Integration Tests ΓÇ║ Coupon Application via Quote Endpoint ΓÇ║ should reject expired coupon

    expect(received).toBe(expected) // Object.is equality

    Expected: 1000
    Received: 0

    [0m [90m 157 |[39m       )[33m;[39m
     [90m 158 |[39m       expect(couponAdjustment)[33m.[39mtoBeUndefined()[33m;[39m
    [31m[1m>[22m[39m[90m 159 |[39m       expect(res[33m.[39mbody[33m.[39msubtotal)[33m.[39mtoBe([35m1000[39m)[33m;[39m
     [90m     |[39m                                 [31m[1m^[22m[39m
     [90m 160 |[39m     })[33m;[39m
     [90m 161 |[39m
     [90m 162 |[39m     test([32m"should apply coupon only when min subtotal is met"[39m[33m,[39m [36masync[39m () [33m=>[39m {[0m

      at Object.toBe (tests/coupons.test.js:159:33)

  ΓùÅ Coupons - Integration Tests ΓÇ║ Coupon Application via Quote Endpoint ΓÇ║ should apply coupon only when min subtotal is met

    expect(received).toBe(expected) // Object.is equality

    Expected: 500
    Received: 0

    [0m [90m 176 |[39m
     [90m 177 |[39m       expect(res[33m.[39mstatus)[33m.[39mtoBe([35m200[39m)[33m;[39m
    [31m[1m>[22m[39m[90m 178 |[39m       expect(res[33m.[39mbody[33m.[39msubtotal)[33m.[39mtoBe([35m500[39m)[33m;[39m
     [90m     |[39m                                 [31m[1m^[22m[39m
     [90m 179 |[39m
     [90m 180 |[39m       [90m// Coupon SHOULD apply (minSubtotal = 200, cart = 500)[39m
     [90m 181 |[39m       [36mconst[39m couponAdjustment [33m=[39m res[33m.[39mbody[33m.[39madjustments[33m?[39m[33m.[39mfind([0m

      at Object.toBe (tests/coupons.test.js:178:33)

  ΓùÅ Coupons - Integration Tests ΓÇ║ Coupon Application via Quote Endpoint ΓÇ║ should apply category-specific coupon

    expect(received).toBeDefined()

    Received: undefined

    [0m [90m 232 |[39m         (adj) [33m=>[39m adj[33m.[39mtype [33m===[39m [32m"coupon"[39m
     [90m 233 |[39m       )[33m;[39m
    [31m[1m>[22m[39m[90m 234 |[39m       expect(couponAdjustment)[33m.[39mtoBeDefined()[33m;[39m
     [90m     |[39m                                [31m[1m^[22m[39m
     [90m 235 |[39m       expect(couponAdjustment[33m.[39mcode)[33m.[39mtoBe([32m"GROCERY15"[39m)[33m;[39m
     [90m 236 |[39m       expect(couponAdjustment[33m.[39mamount)[33m.[39mtoBe([33m-[39m[35m150[39m)[33m;[39m [90m// 15% of 1000[39m
     [90m 237 |[39m       expect(couponAdjustment[33m.[39mcategories)[33m.[39mtoContain([32m"grocery"[39m)[33m;[39m[0m

      at Object.toBeDefined (tests/coupons.test.js:234:32)

  ΓùÅ Coupons - Integration Tests ΓÇ║ Coupon Application via Quote Endpoint ΓÇ║ should handle case-insensitive coupon codes

    expect(received).toBeDefined()

    Received: undefined

    [0m [90m 258 |[39m         (adj) [33m=>[39m adj[33m.[39mtype [33m===[39m [32m"coupon"[39m
     [90m 259 |[39m       )[33m;[39m
    [31m[1m>[22m[39m[90m 260 |[39m       expect(couponAdjustment)[33m.[39mtoBeDefined()[33m;[39m
     [90m     |[39m                                [31m[1m^[22m[39m
     [90m 261 |[39m       expect(couponAdjustment[33m.[39mcode)[33m.[39mtoBe([32m"SAVE20"[39m)[33m;[39m
     [90m 262 |[39m     })[33m;[39m
     [90m 263 |[39m   })[33m;[39m[0m

      at Object.toBeDefined (tests/coupons.test.js:260:32)

  ΓùÅ Coupons - Integration Tests ΓÇ║ Admin Coupon Management ΓÇ║ should list all coupons

    expect(received).toBeGreaterThan(expected)

    Expected: > 0
    Received:   0

    [0m [90m 269 |[39m       [36mconst[39m settings [33m=[39m [36mawait[39m [33mPlatformSettings[39m[33m.[39mfindOne({})[33m;[39m
     [90m 270 |[39m       expect(settings[33m.[39mcoupons)[33m.[39mtoBeDefined()[33m;[39m
    [31m[1m>[22m[39m[90m 271 |[39m       expect(settings[33m.[39mcoupons[33m.[39mlength)[33m.[39mtoBeGreaterThan([35m0[39m)[33m;[39m
     [90m     |[39m                                       [31m[1m^[22m[39m
     [90m 272 |[39m     })[33m;[39m
     [90m 273 |[39m   })[33m;[39m
     [90m 274 |[39m })[33m;[39m[0m

      at Object.toBeGreaterThan (tests/coupons.test.js:271:39)

  console.log
    [dotenv@17.2.2] injecting env (18) from .env -- tip: ΓÜÖ∩╕Å  enable debug logging with { debug: true }

      at _log (node_modules/dotenv/lib/main.js:139:11)

  console.log
    Γ£à Test database dropped

      at log (tests/testUtils/dbHandler.js:37:15)

  console.log
    Γ£à Test database connection closed

      at log (tests/testUtils/dbHandler.js:41:15)

FAIL tests/delivery.test.js (23.388 s)
  Delivery System - Integration Tests
    Agent Assignment Logic
      ├ù should assign nearest available agent to order (2351 ms)
      ├ù should not assign agent who is already on delivery (646 ms)
      ├ù should fail if no agents available within radius (385 ms)
    Agent Order Management
      ├ù agent should be able to accept assigned order (715 ms)
      ├ù agent should be able to reject order (538 ms)
      ΓêÜ agent cannot accept order assigned to another agent (1168 ms)
      ΓêÜ agent should update order to picked up (947 ms)
      ΓêÜ agent should complete delivery (1543 ms)
    Location Tracking
      ΓêÜ agent should update location in real-time (737 ms)
      ΓêÜ should retrieve agent location for tracking (893 ms)
    Order Timeout & Retry Logic
      ΓêÜ should reassign order if agent doesn't accept within timeout (688 ms)
      ΓêÜ should retry pending orders (977 ms)
    Agent Earnings
      ├ù agent earnings should update after delivery completion (414 ms)
      ΓêÜ should retrieve agent earnings history (528 ms)
    Agent Availability
      ΓêÜ agent should toggle availability status (617 ms)
      ├ù unavailable agent should not receive new assignments (564 ms)
    Delivery Proof & Verification
      ΓêÜ agent should upload delivery proof on completion (567 ms)
      ΓêÜ should reject delivery proof from wrong agent (501 ms)
      ΓêÜ should verify OTP before delivery completion (549 ms)
    Agent Order History & Tracking
      ΓêÜ should retrieve agent's current orders (675 ms)
      ΓêÜ should retrieve agent's completed orders (597 ms)
      ΓêÜ should retrieve agent performance statistics (531 ms)
    Distance & Route Optimization
      ΓêÜ should calculate distance between two locations (503 ms)
      ΓêÜ should get route between agent and delivery location (776 ms)
      ΓêÜ should handle invalid coordinates gracefully (760 ms)
    Payment Collection & Verification
      ΓêÜ agent should mark COD payment as collected (467 ms)
      ΓêÜ should reject payment collection by wrong agent (611 ms)
    Agent Load Balancing
      ├ù should prefer agent with fewer assigned orders (536 ms)
      ├ù should not assign multiple concurrent orders to single agent (609 ms)

  ΓùÅ Delivery System - Integration Tests ΓÇ║ Agent Assignment Logic ΓÇ║ should assign nearest available agent to order

    expect(received).toBe(expected) // Object.is equality

    Expected: 201
    Received: 400

    [0m [90m 125 |[39m         [33m.[39m[36mset[39m([32m"Authorization"[39m[33m,[39m [32m`Bearer mock_token_${testClient.firebase_uid}`[39m)[33m;[39m
     [90m 126 |[39m
    [31m[1m>[22m[39m[90m 127 |[39m       expect(res[33m.[39mstatus)[33m.[39mtoBe([35m201[39m)[33m;[39m
     [90m     |[39m                          [31m[1m^[22m[39m
     [90m 128 |[39m       expect(res[33m.[39mbody[33m.[39morder_id)[33m.[39mtoBeDefined()[33m;[39m
     [90m 129 |[39m
     [90m 130 |[39m       [36mconst[39m order [33m=[39m [36mawait[39m [33mOrder[39m[33m.[39mfindById(res[33m.[39mbody[33m.[39morder_id)[33m;[39m[0m

      at Object.toBe (tests/delivery.test.js:127:26)

  ΓùÅ Delivery System - Integration Tests ΓÇ║ Agent Assignment Logic ΓÇ║ should not assign agent who is already on delivery

    expect(received).toBe(expected) // Object.is equality

    Expected: 201
    Received: 400

    [0m [90m 193 |[39m         [33m.[39m[36mset[39m([32m"Authorization"[39m[33m,[39m [32m`Bearer mock_token_${testClient.firebase_uid}`[39m)[33m;[39m
     [90m 194 |[39m
    [31m[1m>[22m[39m[90m 195 |[39m       expect(res[33m.[39mstatus)[33m.[39mtoBe([35m201[39m)[33m;[39m
     [90m     |[39m                          [31m[1m^[22m[39m
     [90m 196 |[39m       [36mconst[39m order [33m=[39m [36mawait[39m [33mOrder[39m[33m.[39mfindById(res[33m.[39mbody[33m.[39morder_id)[33m;[39m
     [90m 197 |[39m
     [90m 198 |[39m       [90m// Agent assignment may be async - verify order created successfully[39m[0m

      at Object.toBe (tests/delivery.test.js:195:26)

  ΓùÅ Delivery System - Integration Tests ΓÇ║ Agent Assignment Logic ΓÇ║ should fail if no agents available within radius

    MongoServerError: E11000 duplicate key error collection: grocery_db_test.clients index: phone_1 dup key: { phone: "9876543211" }

      at InsertOneOperation.execute (node_modules/mongoose/node_modules/mongodb/src/operations/insert.ts:88:13)
      at tryOperation (node_modules/mongoose/node_modules/mongodb/src/operations/execute_operation.ts:283:14)
      at executeOperation (node_modules/mongoose/node_modules/mongodb/src/operations/execute_operation.ts:115:12)
      at Collection.insertOne (node_modules/mongoose/node_modules/mongodb/src/collection.ts:286:12)

  ΓùÅ Delivery System - Integration Tests ΓÇ║ Agent Order Management ΓÇ║ agent should be able to accept assigned order

    expect(received).toBe(expected) // Object.is equality

    Expected: 200
    Received: 500

    [0m [90m 277 |[39m       })[33m;[39m
     [90m 278 |[39m
    [31m[1m>[22m[39m[90m 279 |[39m       expect(res[33m.[39mstatus)[33m.[39mtoBe([35m200[39m)[33m;[39m
     [90m     |[39m                          [31m[1m^[22m[39m
     [90m 280 |[39m       expect(res[33m.[39mbody[33m.[39mmessage)[33m.[39mtoMatch([35m/accepted/i[39m)[33m;[39m
     [90m 281 |[39m
     [90m 282 |[39m       [36mconst[39m updatedOrder [33m=[39m [36mawait[39m [33mOrder[39m[33m.[39mfindById(testOrder[33m.[39m_id)[33m;[39m[0m

      at Object.toBe (tests/delivery.test.js:279:26)

  ΓùÅ Delivery System - Integration Tests ΓÇ║ Agent Order Management ΓÇ║ agent should be able to reject order

    MongoServerError: Cannot create collection grocery_db_test.orders - database is in the process of being dropped.

      at InsertOneOperation.execute (node_modules/mongoose/node_modules/mongodb/src/operations/insert.ts:88:13)
      at tryOperation (node_modules/mongoose/node_modules/mongodb/src/operations/execute_operation.ts:283:14)
      at executeOperation (node_modules/mongoose/node_modules/mongodb/src/operations/execute_operation.ts:115:12)
      at Collection.insertOne (node_modules/mongoose/node_modules/mongodb/src/collection.ts:286:12)

  ΓùÅ Delivery System - Integration Tests ΓÇ║ Agent Earnings ΓÇ║ agent earnings should update after delivery completion

    MongoServerError: E11000 duplicate key error collection: grocery_db_test.clients index: phone_1 dup key: { phone: "9876543211" }

      at InsertOneOperation.execute (node_modules/mongoose/node_modules/mongodb/src/operations/insert.ts:88:13)
      at tryOperation (node_modules/mongoose/node_modules/mongodb/src/operations/execute_operation.ts:283:14)
      at executeOperation (node_modules/mongoose/node_modules/mongodb/src/operations/execute_operation.ts:115:12)
      at Collection.insertOne (node_modules/mongoose/node_modules/mongodb/src/collection.ts:286:12)

  ΓùÅ Delivery System - Integration Tests ΓÇ║ Agent Availability ΓÇ║ unavailable agent should not receive new assignments

    expect(received).toBe(expected) // Object.is equality

    Expected: 201
    Received: 400

    [0m [90m 612 |[39m
     [90m 613 |[39m       [90m// API creates order with "pending" status when no agents available[39m
    [31m[1m>[22m[39m[90m 614 |[39m       expect(res[33m.[39mstatus)[33m.[39mtoBe([35m201[39m)[33m;[39m
     [90m     |[39m                          [31m[1m^[22m[39m
     [90m 615 |[39m       [36mconst[39m order [33m=[39m [36mawait[39m [33mOrder[39m[33m.[39mfindById(res[33m.[39mbody[33m.[39morder_id)[33m;[39m
     [90m 616 |[39m       expect(order[33m.[39mdelivery[33m.[39mdelivery_status)[33m.[39mtoBe([32m"pending"[39m)[33m;[39m
     [90m 617 |[39m       expect(order[33m.[39mdelivery_agent_id)[33m.[39mtoBeUndefined()[33m;[39m[0m

      at Object.toBe (tests/delivery.test.js:614:26)

  ΓùÅ Delivery System - Integration Tests ΓÇ║ Agent Load Balancing ΓÇ║ should prefer agent with fewer assigned orders

    expect(received).toBe(expected) // Object.is equality

    Expected: 201
    Received: 400

    [0m [90m 1017 |[39m         [33m.[39m[36mset[39m([32m"Authorization"[39m[33m,[39m [32m`Bearer mock_token_${testClient.firebase_uid}`[39m)[33m;[39m
     [90m 1018 |[39m
    [31m[1m>[22m[39m[90m 1019 |[39m       expect(res[33m.[39mstatus)[33m.[39mtoBe([35m201[39m)[33m;[39m
     [90m      |[39m                          [31m[1m^[22m[39m
     [90m 1020 |[39m
     [90m 1021 |[39m       [36mconst[39m order [33m=[39m [36mawait[39m [33mOrder[39m[33m.[39mfindById(res[33m.[39mbody[33m.[39morder_id)[33m;[39m
     [90m 1022 |[39m       [90m// Agent 2 should be preferred (fewer assigned_orders)[39m[0m

      at Object.toBe (tests/delivery.test.js:1019:26)

  ΓùÅ Delivery System - Integration Tests ΓÇ║ Agent Load Balancing ΓÇ║ should not assign multiple concurrent orders to single agent

    expect(received).toBe(expected) // Object.is equality

    Expected: 201
    Received: 400

    [0m [90m 1087 |[39m         [33m.[39m[36mset[39m([32m"Authorization"[39m[33m,[39m [32m`Bearer mock_token_${testClient.firebase_uid}`[39m)[33m;[39m
     [90m 1088 |[39m
    [31m[1m>[22m[39m[90m 1089 |[39m       expect(res[33m.[39mstatus)[33m.[39mtoBe([35m201[39m)[33m;[39m
     [90m      |[39m                          [31m[1m^[22m[39m
     [90m 1090 |[39m
     [90m 1091 |[39m       [36mconst[39m order [33m=[39m [36mawait[39m [33mOrder[39m[33m.[39mfindById(res[33m.[39mbody[33m.[39morder_id)[33m;[39m
     [90m 1092 |[39m       [90m// Should assign to agent2 (agent1 busy)[39m[0m

      at Object.toBe (tests/delivery.test.js:1089:26)

  console.log
    [dotenv@17.2.2] injecting env (18) from .env -- tip: ≡ƒöÉ prevent building .env in docker: https://dotenvx.com/prebuild

      at _log (node_modules/dotenv/lib/main.js:139:11)

  console.log
    [dotenv@17.2.2] injecting env (0) from .env -- tip: ≡ƒöÉ prevent building .env in docker: https://dotenvx.com/prebuild

      at _log (node_modules/dotenv/lib/main.js:139:11)

  console.log
    Γ£à Test database dropped

      at log (tests/testUtils/dbHandler.js:37:15)

  console.log
    Γ£à Test database connection closed

      at log (tests/testUtils/dbHandler.js:41:15)

FAIL tests/integration/end-to-end-order.test.js (7.384 s)
  End-to-End Order Flow - Integration Tests
    Complete Order Lifecycle - Happy Path
      ├ù should complete full order flow from creation to delivery (2004 ms)
    Multi-Seller Order Flow
      ├ù should handle order with products from multiple sellers (655 ms)
    Order Rejection & Retry Flow
      ├ù should handle agent rejection and reassignment (1004 ms)
    Stock Management During Order Flow
      ├ù should handle concurrent orders for limited stock (595 ms)
    Payment Calculation Accuracy
      ΓêÜ should calculate order totals correctly with all fees (1128 ms)

  ΓùÅ End-to-End Order Flow - Integration Tests ΓÇ║ Complete Order Lifecycle - Happy Path ΓÇ║ should complete full order flow from creation to delivery

    expect(received).toBe(expected) // Object.is equality

    Expected: 201
    Received: 400

    [0m [90m 140 |[39m         [33m.[39m[36mset[39m([32m"Authorization"[39m[33m,[39m [32m`Bearer mock_token_${testClient.firebase_uid}`[39m)[33m;[39m
     [90m 141 |[39m
    [31m[1m>[22m[39m[90m 142 |[39m       expect(createRes[33m.[39mstatus)[33m.[39mtoBe([35m201[39m)[33m;[39m
     [90m     |[39m                                [31m[1m^[22m[39m
     [90m 143 |[39m       [90m// The API returns payment response with order_id[39m
     [90m 144 |[39m       expect(createRes[33m.[39mbody[33m.[39morder_id)[33m.[39mtoBeDefined()[33m;[39m
     [90m 145 |[39m       expect(createRes[33m.[39mbody[33m.[39mdiscount)[33m.[39mtoBe([35m100[39m)[33m;[39m [90m// 10% of 1000[39m[0m

      at Object.toBe (tests/integration/end-to-end-order.test.js:142:32)

  ΓùÅ End-to-End Order Flow - Integration Tests ΓÇ║ Multi-Seller Order Flow ΓÇ║ should handle order with products from multiple sellers

    expect(received).toBe(expected) // Object.is equality

    Expected: 201
    Received: 400

    [0m [90m 311 |[39m         [33m.[39m[36mset[39m([32m"Authorization"[39m[33m,[39m [32m`Bearer mock_token_${testClient.firebase_uid}`[39m)[33m;[39m
     [90m 312 |[39m
    [31m[1m>[22m[39m[90m 313 |[39m       expect(res[33m.[39mstatus)[33m.[39mtoBe([35m201[39m)[33m;[39m
     [90m     |[39m                          [31m[1m^[22m[39m
     [90m 314 |[39m       expect(res[33m.[39mbody[33m.[39morder_id)[33m.[39mtoBeDefined()[33m;[39m
     [90m 315 |[39m
     [90m 316 |[39m       [90m// Since both products are "Grocery" category, they should be in ONE order[39m[0m

      at Object.toBe (tests/integration/end-to-end-order.test.js:313:26)

  ΓùÅ End-to-End Order Flow - Integration Tests ΓÇ║ Order Rejection & Retry Flow ΓÇ║ should handle agent rejection and reassignment

    expect(received).toBe(expected) // Object.is equality

    Expected: 200
    Received: 404

    [0m [90m 355 |[39m         [33m.[39msend({ status[33m:[39m [32m"paid"[39m[33m,[39m verified_by[33m:[39m [32m"test-admin"[39m })[33m;[39m
     [90m 356 |[39m
    [31m[1m>[22m[39m[90m 357 |[39m       expect(paymentRes[33m.[39mstatus)[33m.[39mtoBe([35m200[39m)[33m;[39m
     [90m     |[39m                                 [31m[1m^[22m[39m
     [90m 358 |[39m
     [90m 359 |[39m       [90m// Get assigned agent[39m
     [90m 360 |[39m       [36mconst[39m orderBeforeReject [33m=[39m [36mawait[39m [33mOrder[39m[33m.[39mfindById(orderId)[33m;[39m[0m

      at Object.toBe (tests/integration/end-to-end-order.test.js:357:33)

  ΓùÅ End-to-End Order Flow - Integration Tests ΓÇ║ Stock Management During Order Flow ΓÇ║ should handle concurrent orders for limited stock

    expect(received).toBe(expected) // Object.is equality

    Expected: 3
    Received: 0

    [0m [90m 476 |[39m
     [90m 477 |[39m       [90m// All 3 orders currently succeed (stock validation exists but no deduction/locking)[39m
    [31m[1m>[22m[39m[90m 478 |[39m       expect(successfulOrders[33m.[39mlength)[33m.[39mtoBe([35m3[39m)[33m;[39m
     [90m     |[39m                                       [31m[1m^[22m[39m
     [90m 479 |[39m
     [90m 480 |[39m       [90m// Future improvement: implement proper stock reservation/deduction[39m
     [90m 481 |[39m       [90m// Then this test should expect at least 1 failure when stock runs out[39m[0m

      at Object.toBe (tests/integration/end-to-end-order.test.js:478:39)

  console.log
    Γ£à Connected to MongoDB Atlas test database

      at log (tests/testUtils/dbHandler.js:26:11)

PASS tests/middleware/cache.test.js
  Cache Middleware - Complete Coverage
    Redis Initialization
      ΓêÜ should initialize Redis client successfully (6 ms)
      ΓêÜ should register error event handler (1 ms)
      ΓêÜ should handle ECONNREFUSED error silently (Redis not running) (1 ms)
      ΓêÜ should log non-ECONNREFUSED errors (1 ms)
      ΓêÜ should handle ready event and set isRedisReady flag (1 ms)
      ΓêÜ should handle end event and reset isRedisReady flag (2 ms)
      ΓêÜ should handle Redis connection failure gracefully (1 ms)
      ΓêÜ should test reconnectStrategy function (1 ms)
    Cache Hit/Miss Logic
      ΓêÜ should return cached data on cache HIT (2 ms)
      ΓêÜ should call next() on cache MISS (cache key not found) (1 ms)
      ΓêÜ should cache response data after controller execution (cache MISS) (5 ms)
      ΓêÜ should use custom keyGenerator if provided
      ΓêÜ should skip caching when Redis is not available
      ΓêÜ should handle cache read errors gracefully (2 ms)
      ΓêÜ should handle cache write errors gracefully (setEx failure) (23 ms)
      ΓêÜ should use custom TTL when specified (1 ms)
    Cache Invalidation
      ΓêÜ should invalidate cache by pattern (2 ms)
      ΓêÜ should handle invalidateCache when no keys match pattern (1 ms)
      ΓêÜ should handle invalidateCache errors gracefully (1 ms)
      ΓêÜ should skip invalidateCache when Redis is not available (1 ms)
    Clear All Cache
      ΓêÜ should clear all cache successfully (1 ms)
      ΓêÜ should handle clearAllCache errors gracefully
      ΓêÜ should skip clearAllCache when Redis is not available (2 ms)
    Close Redis Connection
      ΓêÜ should close Redis connection gracefully (1 ms)
      ΓêÜ should handle closeRedis when client is null (not initialized)
    Helper Functions
      ΓêÜ getRedisClient should return client when ready
      ΓêÜ getRedisClient should return null when not ready (1 ms)
      ΓêÜ isRedisAvailable should return false before initialization (1 ms)
      ΓêÜ isRedisAvailable should return true after successful initialization
    Integration Tests
      ΓêÜ should handle full cache lifecycle: MISS ΓåÆ cache ΓåÆ HIT (1 ms)
      ΓêÜ should handle fallback to req.url when originalUrl is missing (1 ms)
      ΓêÜ should handle concurrent requests with different cache keys (1 ms)

  console.log
    [dotenv@17.2.2] injecting env (0) from .env -- tip: ≡ƒ¢á∩╕Å  run anywhere with `dotenvx run -- yourcommand`

      at _log (node_modules/dotenv/lib/main.js:139:11)

PASS tests/services/geocode.test.js
  Geocoding Service Tests
    Reverse Geocoding
      ΓêÜ should reverse geocode valid coordinates (cache miss) (4 ms)
      ΓêÜ should use cached result for same coordinates (cache hit) (2 ms)
      ΓêÜ should apply coordinate precision (5 decimal places) (1 ms)
      ΓêÜ should return null when Google API returns ZERO_RESULTS (1 ms)
      ΓêÜ should return null when Google API returns error status (1 ms)
      ΓêÜ should handle network errors gracefully
      ΓêÜ should handle invalid JSON response gracefully (1 ms)
    Place Details Lookup
      ΓêÜ should fetch place details for valid place ID (cache miss) (1 ms)
      ΓêÜ should use cached result for same place ID (cache hit) (1 ms)
      ΓêÜ should return null when place ID is missing or empty (1 ms)
      ΓêÜ should return null when API returns no result (1 ms)
      ΓêÜ should properly encode place IDs with special characters
    Configuration & Fallback
      ΓêÜ should expose ENABLED flag based on GEOCODE_SERVER_FALLBACK env var (1 ms)
      ΓêÜ should return valid address when enabled (current state) (1 ms)
      ΓêÜ should handle API errors gracefully
      ΓêÜ should include API key in requests (1 ms)
    Cache Management
      ΓêÜ should enforce 24-hour TTL for reverse geocoding cache (1 ms)
      ΓêÜ should use correct cache key format (lat,lng with 5 decimals) (1 ms)
      ΓêÜ should maintain separate caches for reverse geocoding and place details (1 ms)
      ΓêÜ should handle cache isolation between different coordinates (1 ms)

PASS tests/services/pricing.test.js
  Pricing Service Tests
    buildOrderItemsAndTotal - Basic Functionality
      ΓêÜ should calculate total for valid products from database (3 ms)
      ΓêÜ should handle single product order (1 ms)
      ΓêÜ should default quantity to 1 if missing (1 ms)
      ΓêÜ should handle zero or negative quantity by defaulting to 1 (1 ms)
      ΓêÜ should round total to 2 decimal places
    buildOrderItemsAndTotal - Fallback to Client Snapshot
      ΓêÜ should use client snapshot when product not found in DB (2 ms)
      ΓêÜ should throw error if product not in DB and no valid price snapshot (18 ms)
      ΓêÜ should throw error if price snapshot is negative (1 ms)
      ΓêÜ should handle DB unavailability and use fallback
    buildOrderItemsAndTotal - Error Handling
      ΓêÜ should throw error for empty items array (1 ms)
      ΓêÜ should throw error for null items (1 ms)
      ΓêÜ should throw error for undefined items (1 ms)
      ΓêÜ should throw error for non-array items (1 ms)
    buildGroupedOrders - Category Grouping
      ΓêÜ should group grocery and food items separately (1 ms)
      ΓêÜ should classify 'restaurant' category as food (1 ms)
      ΓêÜ should classify 'food' category as food
      ΓêÜ should default unknown categories to grocery (1 ms)
      ΓêÜ should return only non-empty groups (1 ms)
      ΓêÜ should maintain stable order: grocery then food
    buildGroupedOrders - Fallback Handling
      ΓêÜ should use category_snapshot from client for grouping when product not in DB
      ΓêÜ should handle DB errors and use fallback grouping (1 ms)
      ΓêÜ should throw error if product not in DB and no valid price (1 ms)
    buildGroupedOrders - Error Handling
      ΓêÜ should throw error for empty items array (1 ms)
      ΓêÜ should throw error for null items (1 ms)
      ΓêÜ should throw error for undefined items (1 ms)
    buildGroupedOrders - Quantity & Price Handling
      ΓêÜ should handle quantity field variations (qty vs quantity) (1 ms)
      ΓêÜ should round group totals to 2 decimal places
      ΓêÜ should handle mixed products and fallbacks in same group (1 ms)

PASS tests/services/orderEvents.test.js
  Order Events SSE Service - Comprehensive Tests
    Client Management (Order-specific streams)
      ΓêÜ should add client to order stream (3 ms)
      ΓêÜ should handle multiple clients for same order (1 ms)
      ΓêÜ should remove client on close event (1 ms)
      ΓêÜ should remove client on error event
      ΓêÜ should handle concurrent connections for different orders (1 ms)
      ΓêÜ should handle client write failures gracefully (1 ms)
    Order Broadcasting (publish to clients)
      ΓêÜ should broadcast order update to all listening clients (1 ms)
      ΓêÜ should not crash when publishing to non-existent order
      ΓêÜ should broadcast complex payload with nested objects
      ΓêÜ should handle empty payload (1 ms)
      ΓêÜ should handle null payload gracefully (1 ms)
      ΓêÜ should broadcast to admin on every order publish
      ΓêÜ should handle rapid sequential publishes (1 ms)
    Seller Streams (publishToSeller)
      ΓêÜ should add seller to seller stream (1 ms)
      ΓêÜ should publish updates to seller stream
      ΓêÜ should sanitize OTP code from seller payload (1 ms)
      ΓêÜ should handle multiple sellers simultaneously (1 ms)
      ΓêÜ should handle seller stream write failures (1 ms)
    Admin Dashboard Streams
      ΓêÜ should add admin client to global stream (1 ms)
      ΓêÜ should broadcast to all admin clients (1 ms)
      ΓêÜ should remove admin client on close (1 ms)
      ΓêÜ should handle admin stream write failures (1 ms)
    Edge Cases & Error Handling
      ΓêÜ should handle publishing with undefined payload
      ΓêÜ should handle sellerIds as strings and numbers (1 ms)
      ΓêÜ should handle payload sanitization errors gracefully (1 ms)
      ΓêÜ should handle publishing to empty client set
      ΓêÜ should handle publishing to empty seller set (1 ms)
      ΓêÜ should handle publishing to empty admin set
      ΓêÜ should handle payload without delivery field (no OTP) (1 ms)
      ΓêÜ should handle null payload in seller stream (1 ms)

PASS tests/middleware/pagination.test.js
  Pagination Middleware - Complete Coverage
    paginationMiddleware - Request Parsing
      ΓêÜ should apply default pagination (page=1, limit=20) when no query params (2 ms)
      ΓêÜ should parse page and limit from query string
      ΓêÜ should enforce custom defaultLimit and maxLimit options (1 ms)
      ΓêÜ should treat page=0 as page=1 (minimum enforcement) (1 ms)
      ΓêÜ should treat negative page numbers as page=1 (1 ms)
      ΓêÜ should handle non-numeric page/limit gracefully (use defaults) (1 ms)
    paginate - Response Formatting
      ΓêÜ should format paginated response with metadata (page 1 of 3)
      ΓêÜ should format middle page correctly (page 2 of 5)
      ΓêÜ should format last page correctly (no next page) (1 ms)
      ΓêÜ should handle single page result (total < limit)
      ΓêÜ should handle empty result set (total=0) (1 ms)
      ΓêÜ should calculate totalPages correctly with exact division
    getPaginationMeta - Metadata Generation
      ΓêÜ should generate metadata for first page (hasNextPage=true, hasPrevPage=false)
      ΓêÜ should generate metadata for middle page (both next and prev)
      ΓêÜ should generate metadata for last page (hasNextPage=false)
      ΓêÜ should handle single page (no next or prev)
      ΓêÜ should handle edge case with very large page numbers (1 ms)
    Edge Cases & Integration
      ΓêÜ should handle very small limits (limit=1)
      ΓêÜ should handle very large page numbers without overflow (1 ms)

  console.log
    Γ£à Connected to MongoDB Atlas test database

      at log (tests/testUtils/dbHandler.js:26:11)

  console.log
    ≡ƒô╕ Image optimized: 0.28KB ΓåÆ 0.31KB (saved -12.2%)

      at log (routes/uploads.js:38:15)

  console.log
    Γ£à Test database dropped

      at log (tests/testUtils/dbHandler.js:37:15)

  console.log
    Γ£à Test database connection closed

      at log (tests/testUtils/dbHandler.js:41:15)

FAIL tests/admin.test.js (168.091 s)
  POST /api/admin/login - Admin Login
    ΓêÜ should login successfully with valid credentials (3470 ms)
    ΓêÜ should login with case-insensitive email (1533 ms)
    ΓêÜ should reject login with incorrect password (813 ms)
    ΓêÜ should reject login with non-existent email (710 ms)
    ΓêÜ should reject login with missing email (747 ms)
    ΓêÜ should reject login with missing password (771 ms)
    ├ù should handle login with bcrypt hashed password (normal case) (809 ms)
  PUT /api/admin/change-password - Password Change
    ├ù should change password successfully with valid current password (1011 ms)
    ΓêÜ should reject password change with incorrect current password (877 ms)
    ΓêÜ should reject password change with weak new password (691 ms)
    ΓêÜ should reject password change when new password equals current password (807 ms)
    ΓêÜ should reject password change with missing current password (695 ms)
    ΓêÜ should reject password change with missing new password (685 ms)
    ΓêÜ should reject password change without authentication (783 ms)
  requireAdmin Middleware - JWT Authentication
    ΓêÜ should allow access with valid JWT Bearer token (839 ms)
    ΓêÜ should reject access with invalid JWT token (700 ms)
    ΓêÜ should reject access with expired JWT token (724 ms)
    ΓêÜ should reject JWT token without admin role (747 ms)
    ΓêÜ should reject access without Authorization header (732 ms)
  requireAdmin Middleware - API Key Authentication
    ΓêÜ should allow access with valid API key in Bearer token (738 ms)
    ΓêÜ should allow access with valid API key in x-api-key header (725 ms)
    ΓêÜ should reject access with invalid API key (764 ms)
  requireAdmin Middleware - Legacy Authentication
    ΓêÜ should allow access with legacy x-admin header (798 ms)
    ΓêÜ should reject access with invalid x-admin header value (680 ms)
  requireAdmin Middleware - Firebase Authentication
    ΓêÜ should allow access when Firebase user matches Admin document by firebase_uid (837 ms)
  GET /api/admin/clients - Client Management
    ├ù should list all clients with pagination (827 ms)
    ├ù should support pagination parameters (884 ms)
    ΓêÜ should search clients by name (888 ms)
    ├ù should search clients by phone (905 ms)
    ΓêÜ should require admin authentication (787 ms)
  GET /api/admin/sellers - Seller Management
    ├ù should list all sellers with pagination (956 ms)
    ΓêÜ should filter pending sellers only (941 ms)
    ΓêÜ should support legacy status=pending parameter (1060 ms)
    ├ù should search sellers by business name (1005 ms)
    ΓêÜ should require admin authentication (925 ms)
  PATCH /api/admin/sellers/:id/approve - Seller Approval
    ΓêÜ should approve a pending seller (897 ms)
    ΓêÜ should reject invalid seller ID (833 ms)
    ΓêÜ should return 404 for non-existent seller (867 ms)
    ΓêÜ should require admin authentication (864 ms)
  GET /api/admin/sellers/:sellerId - Seller Details
    ├ù should get seller details by ID (856 ms)
    ΓêÜ should reject invalid seller ID (764 ms)
    ΓêÜ should return 404 for non-existent seller (812 ms)
  GET /api/admin/delivery-agents - Delivery Agent Management
    ├ù should list all delivery agents with pagination (889 ms)
    ΓêÜ should support pagination parameters (806 ms)
    ΓêÜ should require admin authentication (726 ms)
  GET /api/admin/delivery-agents/pending - Pending Agents
    ΓêÜ should list only pending delivery agents (850 ms)
    ΓêÜ should return empty array when no pending agents (1109 ms)
  PATCH /api/admin/delivery-agents/:id/approve - Agent Approval
    ├ù should approve a pending delivery agent (916 ms)
    ΓêÜ should reject invalid agent ID (737 ms)
    ΓêÜ should return 404 for non-existent agent (823 ms)
  PATCH /api/admin/delivery-agents/:id/reject - Agent Rejection
    ΓêÜ should reject/suspend a delivery agent (787 ms)
    ΓêÜ should reject invalid agent ID (744 ms)
    ΓêÜ should return 404 for non-existent agent (866 ms)
  GET /api/admin/delivery-agents/:id - Agent Details
    ΓêÜ should get delivery agent details by ID (827 ms)
    ΓêÜ should reject invalid agent ID (869 ms)
    ΓêÜ should return 404 for non-existent agent (969 ms)
  GET /api/admin/settings - Platform Settings
    ΓêÜ should return default settings when none exist (833 ms)
    ΓêÜ should return existing settings (845 ms)
    ΓêÜ should require admin authentication (761 ms)
  PUT /api/admin/settings - Update Platform Settings
    ΓêÜ should update delivery charges (795 ms)
    ΓêÜ should coerce negative values to zero (1144 ms)
    ├ù should update boolean settings (748 ms)
    ΓêÜ should require admin authentication (959 ms)
  GET /api/admin/coupons - List Coupons
    ΓêÜ should list all coupons (785 ms)
    ΓêÜ should return empty array when no settings exist (1337 ms)
    ΓêÜ should require admin authentication (845 ms)
  POST /api/admin/coupons - Create Coupon
    ├ù should create a new coupon (668 ms)
    ΓêÜ should convert coupon code to uppercase (796 ms)
    ├ù should reject duplicate coupon codes (843 ms)
    ΓêÜ should reject invalid percent values (701 ms)
    ΓêÜ should reject missing required fields (703 ms)
    ΓêÜ should require admin authentication (702 ms)
  PUT /api/admin/coupons/:code - Update Coupon
    ├ù should update coupon fields (682 ms)
    ΓêÜ should reject invalid percent values (809 ms)
    ΓêÜ should return 404 for non-existent coupon (798 ms)
    ΓêÜ should require admin authentication (778 ms)
  DELETE /api/admin/coupons/:code - Delete Coupon
    ΓêÜ should delete a coupon (871 ms)
    ΓêÜ should return 404 for non-existent coupon (781 ms)
    ├ù should require admin authentication (739 ms)
  GET /api/admin/coupons/:code/usage - Coupon Usage Statistics
    ΓêÜ should return coupon usage statistics (818 ms)
    ΓêÜ should return 404 for non-existent coupon (851 ms)
    ΓêÜ should require admin authentication (783 ms)
  GET /api/admin/metrics - Platform Metrics
    ΓêÜ should return platform metrics (964 ms)
    ├ù should calculate sales and discounts correctly (676 ms)
    ΓêÜ should require admin authentication (907 ms)
  GET /api/admin/orders - Order Listing
    ΓêÜ should list all orders (936 ms)
    ΓêÜ should support pagination (918 ms)
    ΓêÜ should filter by payment status (1197 ms)
    ΓêÜ should filter by delivery status (1022 ms)
    ΓêÜ should filter by payment method (907 ms)
    ├ù should filter by amount range (813 ms)
    ΓêÜ should search orders by client ID (882 ms)
    ΓêÜ should require admin authentication (831 ms)
  PUT /api/admin/orders/:id - Update Order
    ΓêÜ should update order fields (962 ms)
    ΓêÜ should reject invalid order ID (1164 ms)
    ΓêÜ should return 404 for non-existent order (1218 ms)
    ΓêÜ should require admin authentication (840 ms)
  PATCH /api/admin/orders/:id/payment - Update Payment Status
    ├ù should update payment status (870 ms)
    ΓêÜ should require admin authentication (905 ms)
  PATCH /api/admin/orders/:id/delivery - Update Delivery Status
    ΓêÜ should update delivery status (1184 ms)
    ΓêÜ should require admin authentication (901 ms)
  GET /api/admin/products - Product Listing
    ΓêÜ should list all products with pagination (1243 ms)
    ΓêÜ should support pagination parameters (1127 ms)
    ΓêÜ should filter products by category (974 ms)
    ΓêÜ should filter products by seller ID (987 ms)
    ΓêÜ should search products by name (952 ms)
    ΓêÜ should require admin authentication (976 ms)
  GET /api/admin/product-categories - Product Categories
    ├ù should return distinct product categories (886 ms)
    ΓêÜ should return sorted categories (903 ms)
    ΓêÜ should require admin authentication (924 ms)
  POST /api/admin/products - Create Product
    ΓêÜ should create a new product (819 ms)
    ΓêÜ should set restaurant product stock to 100000 (906 ms)
    ΓêÜ should set inactive status when published is false (910 ms)
    ΓêÜ should reject product without required fields (895 ms)
    ΓêÜ should require admin authentication (866 ms)
  PUT /api/admin/products/:id - Update Product
    ΓêÜ should update product fields (978 ms)
    ΓêÜ should update product status via published field (956 ms)
    ΓêÜ should update stock via in_stock field (882 ms)
    ΓêÜ should reject invalid product ID (1229 ms)
    ΓêÜ should return 404 for non-existent product (1293 ms)
    ΓêÜ should require admin authentication (827 ms)
  PATCH /api/admin/products/:id - Patch Product
    ├ù should partially update product (870 ms)
    ΓêÜ should handle image_url field (1134 ms)
    ΓêÜ should reject invalid product ID (3062 ms)
    ΓêÜ should return 404 for non-existent product (1021 ms)
    ΓêÜ should require admin authentication (937 ms)
  DELETE /api/admin/products/:id - Delete Product
    ΓêÜ should delete a product (1029 ms)
    ΓêÜ should reject invalid product ID (864 ms)
    ΓêÜ should return 404 for non-existent product (976 ms)
    ΓêÜ should require admin authentication (860 ms)
  GET /api/admin/reporting/overview - Reporting Overview
    ΓêÜ should return reporting overview with metrics (974 ms)
    ΓêÜ should support date range filters (1087 ms)
    ΓêÜ should require admin authentication (1350 ms)
  PATCH /api/admin/sellers/:sellerId - Update Seller Location
    ΓêÜ should update seller address (1004 ms)
    ΓêÜ should update seller location coordinates (1070 ms)
    ├ù should update both address and location (868 ms)
    ΓêÜ should reject invalid seller ID (848 ms)
    ΓêÜ should return 404 for non-existent seller (894 ms)
    ΓêÜ should require admin authentication (853 ms)
  GET /api/admin/sellers/:sellerId/test-pickup - Test Pickup Address
    ΓêÜ should return pickup address information (842 ms)
    ├ù should use address as primary source (817 ms)
    ΓêÜ should reject invalid seller ID (841 ms)
    ΓêÜ should return 404 for non-existent seller (932 ms)
    ΓêÜ should require admin authentication (876 ms)
  GET /api/admin/roles - List Admin Roles
    ΓêÜ should list all admins with roles (739 ms)
    ΓêÜ should require admin authentication (734 ms)
  POST /api/admin/roles - Create Admin Role
    ΓêÜ should create a new admin (918 ms)
    ΓêÜ should reject duplicate email (1308 ms)
    ΓêÜ should reject invalid email (856 ms)
    ΓêÜ should reject invalid role (755 ms)
    ΓêÜ should reject weak password (761 ms)
    ΓêÜ should require admin authentication (706 ms)
  GET /api/admin/payouts - List Payouts
    ΓêÜ should list payouts with pagination (1246 ms)
    ΓêÜ should support pagination parameters (1273 ms)
    ΓêÜ should support search filter (982 ms)
    ΓêÜ should require admin authentication (1092 ms)
  PHASE 7: Fraud Detection System
    ΓêÜ should detect rapid fire orders (3+ orders in 10 minutes) (1112 ms)
    ΓêÜ should detect high COD orders (amount > Γé╣2000) (978 ms)
    ├ù should detect high refund rate (>40% of orders refunded) (1694 ms)
    ΓêÜ should require admin authentication (1151 ms)
  PHASE 7: Automated Alerts Evaluation
    ΓêÜ should generate revenue drop alert (>40% drop) (1306 ms)
    ΓêÜ should generate high refund ratio alert (>30%) (1431 ms)
    ΓêÜ should prevent duplicate alerts (check unacknowledged) (1016 ms)
    ΓêÜ should handle custom date ranges (993 ms)
    ├ù should require admin authentication (700 ms)
  PHASE 7: Alert Management
    ΓêÜ should list all alerts with pagination (915 ms)
    ΓêÜ should filter unacknowledged alerts (989 ms)
    ΓêÜ should acknowledge an alert (1123 ms)
    ΓêÜ should require admin authentication (1164 ms)
  PHASE 7: Device Token Management
    ΓêÜ should list device tokens with userId filter (866 ms)
    ΓêÜ should get tokens by client Firebase UID (800 ms)
    ΓêÜ should send test push notification (or fail gracefully if no Firebase Admin) (1251 ms)
    ΓêÜ should handle missing Firebase Admin SDK gracefully (1011 ms)
    ΓêÜ should require admin authentication (1262 ms)

  ΓùÅ POST /api/admin/login - Admin Login ΓÇ║ should handle login with bcrypt hashed password (normal case)

    expected 200 "OK", got 401 "Unauthorized"

    [0m [90m 170 |[39m         password[33m:[39m [32m"normalpass123"[39m[33m,[39m
     [90m 171 |[39m       })
    [31m[1m>[22m[39m[90m 172 |[39m       [33m.[39mexpect([35m200[39m)[33m;[39m
     [90m     |[39m        [31m[1m^[22m[39m
     [90m 173 |[39m
     [90m 174 |[39m     expect(response[33m.[39mbody[33m.[39msuccess)[33m.[39mtoBe([36mtrue[39m)[33m;[39m
     [90m 175 |[39m     expect(response[33m.[39mbody[33m.[39mtoken)[33m.[39mtoBeDefined()[33m;[39m[0m

      at Object.expect (tests/admin.test.js:172:8)
      ----
      at Test._assertStatus (../node_modules/supertest/lib/test.js:309:14)
      at ../node_modules/supertest/lib/test.js:365:13
      at Test._assertFunction (../node_modules/supertest/lib/test.js:342:13)
      at Test.assert (../node_modules/supertest/lib/test.js:195:23)
      at localAssert (../node_modules/supertest/lib/test.js:138:14)
      at Server.<anonymous> (../node_modules/supertest/lib/test.js:152:11)

  ΓùÅ PUT /api/admin/change-password - Password Change ΓÇ║ should change password successfully with valid current password

    expected 200 "OK", got 500 "Internal Server Error"

    [0m [90m 192 |[39m         newPassword[33m:[39m [32m"newpassword789"[39m[33m,[39m
     [90m 193 |[39m       })
    [31m[1m>[22m[39m[90m 194 |[39m       [33m.[39mexpect([35m200[39m)[33m;[39m
     [90m     |[39m        [31m[1m^[22m[39m
     [90m 195 |[39m
     [90m 196 |[39m     expect(response[33m.[39mbody[33m.[39msuccess)[33m.[39mtoBe([36mtrue[39m)[33m;[39m
     [90m 197 |[39m     expect(response[33m.[39mbody[33m.[39mmessage)[33m.[39mtoBe([32m"Password changed successfully"[39m)[33m;[39m[0m

      at Object.expect (tests/admin.test.js:194:8)
      ----
      at Test._assertStatus (../node_modules/supertest/lib/test.js:309:14)
      at ../node_modules/supertest/lib/test.js:365:13
      at Test._assertFunction (../node_modules/supertest/lib/test.js:342:13)
      at Test.assert (../node_modules/supertest/lib/test.js:195:23)
      at localAssert (../node_modules/supertest/lib/test.js:138:14)
      at Server.<anonymous> (../node_modules/supertest/lib/test.js:152:11)

  ΓùÅ GET /api/admin/clients - Client Management ΓÇ║ should list all clients with pagination

    expect(received).toBe(expected) // Object.is equality

    Expected: 3
    Received: 0

    [0m [90m 490 |[39m       [33m.[39mexpect([35m200[39m)[33m;[39m
     [90m 491 |[39m
    [31m[1m>[22m[39m[90m 492 |[39m     expect(response[33m.[39mbody[33m.[39mtotal)[33m.[39mtoBe([35m3[39m)[33m;[39m
     [90m     |[39m                                 [31m[1m^[22m[39m
     [90m 493 |[39m     expect(response[33m.[39mbody[33m.[39mrows)[33m.[39mtoHaveLength([35m3[39m)[33m;[39m
     [90m 494 |[39m     expect(response[33m.[39mbody[33m.[39mpage)[33m.[39mtoBe([35m1[39m)[33m;[39m
     [90m 495 |[39m     expect(response[33m.[39mbody[33m.[39mlimit)[33m.[39mtoBe([35m20[39m)[33m;[39m[0m

      at Object.toBe (tests/admin.test.js:492:33)

  ΓùÅ GET /api/admin/clients - Client Management ΓÇ║ should support pagination parameters

    expect(received).toBe(expected) // Object.is equality

    Expected: 3
    Received: 4

    [0m [90m 505 |[39m       [33m.[39mexpect([35m200[39m)[33m;[39m
     [90m 506 |[39m
    [31m[1m>[22m[39m[90m 507 |[39m     expect(response[33m.[39mbody[33m.[39mtotal)[33m.[39mtoBe([35m3[39m)[33m;[39m
     [90m     |[39m                                 [31m[1m^[22m[39m
     [90m 508 |[39m     expect(response[33m.[39mbody[33m.[39mrows)[33m.[39mtoHaveLength([35m2[39m)[33m;[39m
     [90m 509 |[39m     expect(response[33m.[39mbody[33m.[39mpage)[33m.[39mtoBe([35m1[39m)[33m;[39m
     [90m 510 |[39m     expect(response[33m.[39mbody[33m.[39mlimit)[33m.[39mtoBe([35m2[39m)[33m;[39m[0m

      at Object.toBe (tests/admin.test.js:507:33)

  ΓùÅ GET /api/admin/clients - Client Management ΓÇ║ should search clients by phone

    expect(received).toBe(expected) // Object.is equality

    Expected: 1
    Received: 2

    [0m [90m 527 |[39m       [33m.[39mexpect([35m200[39m)[33m;[39m
     [90m 528 |[39m
    [31m[1m>[22m[39m[90m 529 |[39m     expect(response[33m.[39mbody[33m.[39mtotal)[33m.[39mtoBe([35m1[39m)[33m;[39m
     [90m     |[39m                                 [31m[1m^[22m[39m
     [90m 530 |[39m     expect(response[33m.[39mbody[33m.[39mrows[[35m0[39m][33m.[39mphone)[33m.[39mtoBe([32m"1234567890"[39m)[33m;[39m
     [90m 531 |[39m   })[33m;[39m
     [90m 532 |[39m[0m

      at Object.toBe (tests/admin.test.js:529:33)

  ΓùÅ GET /api/admin/sellers - Seller Management ΓÇ║ should list all sellers with pagination

    expect(received).toBe(expected) // Object.is equality

    Expected: 3
    Received: 4

    [0m [90m 575 |[39m       [33m.[39mexpect([35m200[39m)[33m;[39m
     [90m 576 |[39m
    [31m[1m>[22m[39m[90m 577 |[39m     expect(response[33m.[39mbody[33m.[39mtotal)[33m.[39mtoBe([35m3[39m)[33m;[39m
     [90m     |[39m                                 [31m[1m^[22m[39m
     [90m 578 |[39m     expect(response[33m.[39mbody[33m.[39mrows)[33m.[39mtoHaveLength([35m3[39m)[33m;[39m
     [90m 579 |[39m     expect(response[33m.[39mbody[33m.[39mrows[[35m0[39m])[33m.[39mtoHaveProperty([32m"business_name"[39m)[33m;[39m
     [90m 580 |[39m     expect(response[33m.[39mbody[33m.[39mrows[[35m0[39m])[33m.[39mtoHaveProperty([32m"email"[39m)[33m;[39m[0m

      at Object.toBe (tests/admin.test.js:577:33)

  ΓùÅ GET /api/admin/sellers - Seller Management ΓÇ║ should search sellers by business name

    expect(received).toBe(expected) // Object.is equality

    Expected: 1
    Received: 2

    [0m [90m 611 |[39m       [33m.[39mexpect([35m200[39m)[33m;[39m
     [90m 612 |[39m
    [31m[1m>[22m[39m[90m 613 |[39m     expect(response[33m.[39mbody[33m.[39mtotal)[33m.[39mtoBe([35m1[39m)[33m;[39m
     [90m     |[39m                                 [31m[1m^[22m[39m
     [90m 614 |[39m     expect(response[33m.[39mbody[33m.[39mrows[[35m0[39m][33m.[39mbusiness_name)[33m.[39mtoBe([32m"Test Store"[39m)[33m;[39m
     [90m 615 |[39m   })[33m;[39m
     [90m 616 |[39m[0m

      at Object.toBe (tests/admin.test.js:613:33)

  ΓùÅ GET /api/admin/sellers/:sellerId - Seller Details ΓÇ║ should get seller details by ID

    expected 200 "OK", got 404 "Not Found"

    [0m [90m 700 |[39m       [33m.[39m[36mget[39m([32m`/api/admin/sellers/${sellerId}`[39m)
     [90m 701 |[39m       [33m.[39m[36mset[39m([32m"Authorization"[39m[33m,[39m [32m`Bearer ${adminToken}`[39m)
    [31m[1m>[22m[39m[90m 702 |[39m       [33m.[39mexpect([35m200[39m)[33m;[39m
     [90m     |[39m        [31m[1m^[22m[39m
     [90m 703 |[39m
     [90m 704 |[39m     expect(response[33m.[39mbody[33m.[39mseller[33m.[39mbusiness_name)[33m.[39mtoBe([32m"Detail Test Store"[39m)[33m;[39m
     [90m 705 |[39m     expect(response[33m.[39mbody[33m.[39mseller[33m.[39memail)[33m.[39mtoBe([32m"detail@example.com"[39m)[33m;[39m[0m

      at Object.expect (tests/admin.test.js:702:8)
      ----
      at Test._assertStatus (../node_modules/supertest/lib/test.js:309:14)
      at ../node_modules/supertest/lib/test.js:365:13
      at Test._assertFunction (../node_modules/supertest/lib/test.js:342:13)
      at Test.assert (../node_modules/supertest/lib/test.js:195:23)
      at localAssert (../node_modules/supertest/lib/test.js:138:14)
      at Server.<anonymous> (../node_modules/supertest/lib/test.js:152:11)

  ΓùÅ GET /api/admin/delivery-agents - Delivery Agent Management ΓÇ║ should list all delivery agents with pagination

    expect(received).toHaveLength(expected)

    Expected length: 3
    Received length: 0
    Received array:  []

    [0m [90m 777 |[39m       [33m.[39mexpect([35m200[39m)[33m;[39m
     [90m 778 |[39m
    [31m[1m>[22m[39m[90m 779 |[39m     expect(response[33m.[39mbody[33m.[39magents)[33m.[39mtoHaveLength([35m3[39m)[33m;[39m
     [90m     |[39m                                  [31m[1m^[22m[39m
     [90m 780 |[39m     expect(response[33m.[39mbody[33m.[39mpagination[33m.[39mtotal)[33m.[39mtoBe([35m3[39m)[33m;[39m
     [90m 781 |[39m     expect(response[33m.[39mbody[33m.[39magents[[35m0[39m])[33m.[39mtoHaveProperty([32m"name"[39m)[33m;[39m
     [90m 782 |[39m     expect(response[33m.[39mbody[33m.[39magents[[35m0[39m])[33m.[39mtoHaveProperty([32m"email"[39m)[33m;[39m[0m

      at Object.toHaveLength (tests/admin.test.js:779:34)

  ΓùÅ PATCH /api/admin/delivery-agents/:id/approve - Agent Approval ΓÇ║ should approve a pending delivery agent

    expected 200 "OK", got 404 "Not Found"

    [0m [90m 885 |[39m       [33m.[39mpatch([32m`/api/admin/delivery-agents/${pendingAgentId}/approve`[39m)
     [90m 886 |[39m       [33m.[39m[36mset[39m([32m"Authorization"[39m[33m,[39m [32m`Bearer ${adminToken}`[39m)
    [31m[1m>[22m[39m[90m 887 |[39m       [33m.[39mexpect([35m200[39m)[33m;[39m
     [90m     |[39m        [31m[1m^[22m[39m
     [90m 888 |[39m
     [90m 889 |[39m     expect(response[33m.[39mbody[33m.[39mmessage)[33m.[39mtoBe([32m"Delivery agent approved successfully"[39m)[33m;[39m
     [90m 890 |[39m     expect(response[33m.[39mbody[33m.[39magent[33m.[39mapproved)[33m.[39mtoBe([36mtrue[39m)[33m;[39m[0m

      at Object.expect (tests/admin.test.js:887:8)
      ----
      at Test._assertStatus (../node_modules/supertest/lib/test.js:309:14)
      at ../node_modules/supertest/lib/test.js:365:13
      at Test._assertFunction (../node_modules/supertest/lib/test.js:342:13)
      at Test.assert (../node_modules/supertest/lib/test.js:195:23)
      at localAssert (../node_modules/supertest/lib/test.js:138:14)
      at Server.<anonymous> (../node_modules/supertest/lib/test.js:152:11)

  ΓùÅ PUT /api/admin/settings - Update Platform Settings ΓÇ║ should update boolean settings

    MongoServerError: E11000 duplicate key error collection: grocery_db_test.admins index: email_1 dup key: { email: "test.admin@example.com" }

      at InsertOneOperation.execute (node_modules/mongoose/node_modules/mongodb/src/operations/insert.ts:88:13)
      at tryOperation (node_modules/mongoose/node_modules/mongodb/src/operations/execute_operation.ts:283:14)
      at executeOperation (node_modules/mongoose/node_modules/mongodb/src/operations/execute_operation.ts:115:12)
      at Collection.insertOne (node_modules/mongoose/node_modules/mongodb/src/collection.ts:286:12)

  ΓùÅ POST /api/admin/coupons - Create Coupon ΓÇ║ should create a new coupon

    MongoServerError: E11000 duplicate key error collection: grocery_db_test.admins index: email_1 dup key: { email: "test.admin@example.com" }

      at InsertOneOperation.execute (node_modules/mongoose/node_modules/mongodb/src/operations/insert.ts:88:13)
      at tryOperation (node_modules/mongoose/node_modules/mongodb/src/operations/execute_operation.ts:283:14)
      at executeOperation (node_modules/mongoose/node_modules/mongodb/src/operations/execute_operation.ts:115:12)
      at Collection.insertOne (node_modules/mongoose/node_modules/mongodb/src/collection.ts:286:12)

  ΓùÅ POST /api/admin/coupons - Create Coupon ΓÇ║ should reject duplicate coupon codes

    expected 400 "Bad Request", got 201 "Created"

    [0m [90m 1252 |[39m         percent[33m:[39m [35m15[39m[33m,[39m
     [90m 1253 |[39m       })
    [31m[1m>[22m[39m[90m 1254 |[39m       [33m.[39mexpect([35m400[39m)[33m;[39m
     [90m      |[39m        [31m[1m^[22m[39m
     [90m 1255 |[39m
     [90m 1256 |[39m     expect(response[33m.[39mbody[33m.[39msuccess)[33m.[39mtoBe([36mfalse[39m)[33m;[39m
     [90m 1257 |[39m     expect(response[33m.[39mbody[33m.[39mmessage)[33m.[39mtoBe([32m"Coupon code already exists"[39m)[33m;[39m[0m

      at Object.expect (tests/admin.test.js:1254:8)
      ----
      at Test._assertStatus (../node_modules/supertest/lib/test.js:309:14)
      at ../node_modules/supertest/lib/test.js:365:13
      at Test._assertFunction (../node_modules/supertest/lib/test.js:342:13)
      at Test.assert (../node_modules/supertest/lib/test.js:195:23)
      at localAssert (../node_modules/supertest/lib/test.js:138:14)
      at Server.<anonymous> (../node_modules/supertest/lib/test.js:152:11)

  ΓùÅ PUT /api/admin/coupons/:code - Update Coupon ΓÇ║ should update coupon fields

    MongoServerError: E11000 duplicate key error collection: grocery_db_test.admins index: email_1 dup key: { email: "test.admin@example.com" }

      at InsertOneOperation.execute (node_modules/mongoose/node_modules/mongodb/src/operations/insert.ts:88:13)
      at tryOperation (node_modules/mongoose/node_modules/mongodb/src/operations/execute_operation.ts:283:14)
      at executeOperation (node_modules/mongoose/node_modules/mongodb/src/operations/execute_operation.ts:115:12)
      at Collection.insertOne (node_modules/mongoose/node_modules/mongodb/src/collection.ts:286:12)

  ΓùÅ DELETE /api/admin/coupons/:code - Delete Coupon ΓÇ║ should require admin authentication

    MongoServerError: E11000 duplicate key error collection: grocery_db_test.admins index: email_1 dup key: { email: "test.admin@example.com" }

      at InsertOneOperation.execute (node_modules/mongoose/node_modules/mongodb/src/operations/insert.ts:88:13)
      at tryOperation (node_modules/mongoose/node_modules/mongodb/src/operations/execute_operation.ts:283:14)
      at executeOperation (node_modules/mongoose/node_modules/mongodb/src/operations/execute_operation.ts:115:12)
      at Collection.insertOne (node_modules/mongoose/node_modules/mongodb/src/collection.ts:286:12)

  ΓùÅ GET /api/admin/metrics - Platform Metrics ΓÇ║ should calculate sales and discounts correctly

    MongoServerError: E11000 duplicate key error collection: grocery_db_test.admins index: email_1 dup key: { email: "test.admin@example.com" }

      at InsertOneOperation.execute (node_modules/mongoose/node_modules/mongodb/src/operations/insert.ts:88:13)
      at tryOperation (node_modules/mongoose/node_modules/mongodb/src/operations/execute_operation.ts:283:14)
      at executeOperation (node_modules/mongoose/node_modules/mongodb/src/operations/execute_operation.ts:115:12)
      at Collection.insertOne (node_modules/mongoose/node_modules/mongodb/src/collection.ts:286:12)

  ΓùÅ GET /api/admin/orders - Order Listing ΓÇ║ should filter by amount range

    MongoServerError: Cannot create collection grocery_db_test.sellers - database is in the process of being dropped.

      at InsertOneOperation.execute (node_modules/mongoose/node_modules/mongodb/src/operations/insert.ts:88:13)
      at tryOperation (node_modules/mongoose/node_modules/mongodb/src/operations/execute_operation.ts:283:14)
      at executeOperation (node_modules/mongoose/node_modules/mongodb/src/operations/execute_operation.ts:115:12)
      at Collection.insertOne (node_modules/mongoose/node_modules/mongodb/src/collection.ts:286:12)

  ΓùÅ PATCH /api/admin/orders/:id/payment - Update Payment Status ΓÇ║ should update payment status

    expected 200 "OK", got 404 "Not Found"

    [0m [90m 1758 |[39m       [33m.[39m[36mset[39m([32m"Authorization"[39m[33m,[39m [32m`Bearer ${adminToken}`[39m)
     [90m 1759 |[39m       [33m.[39msend({ status[33m:[39m [32m"paid"[39m })
    [31m[1m>[22m[39m[90m 1760 |[39m       [33m.[39mexpect([35m200[39m)[33m;[39m
     [90m      |[39m        [31m[1m^[22m[39m
     [90m 1761 |[39m
     [90m 1762 |[39m     expect(response[33m.[39mbody[33m.[39mpayment[33m.[39mstatus)[33m.[39mtoBe([32m"paid"[39m)[33m;[39m
     [90m 1763 |[39m   })[33m;[39m[0m

      at Object.expect (tests/admin.test.js:1760:8)
      ----
      at Test._assertStatus (../node_modules/supertest/lib/test.js:309:14)
      at ../node_modules/supertest/lib/test.js:365:13
      at Test._assertFunction (../node_modules/supertest/lib/test.js:342:13)
      at Test.assert (../node_modules/supertest/lib/test.js:195:23)
      at localAssert (../node_modules/supertest/lib/test.js:138:14)
      at Server.<anonymous> (../node_modules/supertest/lib/test.js:152:11)

  ΓùÅ GET /api/admin/product-categories - Product Categories ΓÇ║ should return distinct product categories

    expect(received).toBeGreaterThan(expected)

    Expected: > 0
    Received:   0

    [0m [90m 1958 |[39m     expect(response[33m.[39mbody)[33m.[39mtoHaveProperty([32m"categories"[39m)[33m;[39m
     [90m 1959 |[39m     expect([33mArray[39m[33m.[39misArray(response[33m.[39mbody[33m.[39mcategories))[33m.[39mtoBe([36mtrue[39m)[33m;[39m
    [31m[1m>[22m[39m[90m 1960 |[39m     expect(response[33m.[39mbody[33m.[39mcategories[33m.[39mlength)[33m.[39mtoBeGreaterThan([35m0[39m)[33m;[39m
     [90m      |[39m                                             [31m[1m^[22m[39m
     [90m 1961 |[39m   })[33m;[39m
     [90m 1962 |[39m
     [90m 1963 |[39m   test([32m"should return sorted categories"[39m[33m,[39m [36masync[39m () [33m=>[39m {[0m

      at Object.toBeGreaterThan (tests/admin.test.js:1960:45)

  ΓùÅ PATCH /api/admin/products/:id - Patch Product ΓÇ║ should partially update product

    expected 200 "OK", got 404 "Not Found"

    [0m [90m 2194 |[39m       [33m.[39m[36mset[39m([32m"Authorization"[39m[33m,[39m [32m`Bearer ${adminToken}`[39m)
     [90m 2195 |[39m       [33m.[39msend({ price[33m:[39m [35m249[39m })
    [31m[1m>[22m[39m[90m 2196 |[39m       [33m.[39mexpect([35m200[39m)[33m;[39m
     [90m      |[39m        [31m[1m^[22m[39m
     [90m 2197 |[39m
     [90m 2198 |[39m     expect(response[33m.[39mbody[33m.[39mprice)[33m.[39mtoBe([35m249[39m)[33m;[39m
     [90m 2199 |[39m     expect(response[33m.[39mbody[33m.[39mname)[33m.[39mtoBe([32m"Patch Test Product"[39m)[33m;[39m [90m// Unchanged[39m[0m

      at Object.expect (tests/admin.test.js:2196:8)
      ----
      at Test._assertStatus (../node_modules/supertest/lib/test.js:309:14)
      at ../node_modules/supertest/lib/test.js:365:13
      at Test._assertFunction (../node_modules/supertest/lib/test.js:342:13)
      at Test.assert (../node_modules/supertest/lib/test.js:195:23)
      at localAssert (../node_modules/supertest/lib/test.js:138:14)
      at Server.<anonymous> (../node_modules/supertest/lib/test.js:152:11)

  ΓùÅ PATCH /api/admin/sellers/:sellerId - Update Seller Location ΓÇ║ should update both address and location

    expected 200 "OK", got 404 "Not Found"

    [0m [90m 2456 |[39m         lng[33m:[39m [35m72.8777[39m[33m,[39m
     [90m 2457 |[39m       })
    [31m[1m>[22m[39m[90m 2458 |[39m       [33m.[39mexpect([35m200[39m)[33m;[39m
     [90m      |[39m        [31m[1m^[22m[39m
     [90m 2459 |[39m
     [90m 2460 |[39m     expect(response[33m.[39mbody[33m.[39mok)[33m.[39mtoBe([36mtrue[39m)[33m;[39m
     [90m 2461 |[39m     expect(response[33m.[39mbody[33m.[39mseller[33m.[39maddress)[33m.[39mtoBe([32m"789 Complete Street"[39m)[33m;[39m[0m

      at Object.expect (tests/admin.test.js:2458:8)
      ----
      at Test._assertStatus (../node_modules/supertest/lib/test.js:309:14)
      at ../node_modules/supertest/lib/test.js:365:13
      at Test._assertFunction (../node_modules/supertest/lib/test.js:342:13)
      at Test.assert (../node_modules/supertest/lib/test.js:195:23)
      at localAssert (../node_modules/supertest/lib/test.js:138:14)
      at Server.<anonymous> (../node_modules/supertest/lib/test.js:152:11)

  ΓùÅ GET /api/admin/sellers/:sellerId/test-pickup - Test Pickup Address ΓÇ║ should use address as primary source

    expected 200 "OK", got 404 "Not Found"

    [0m [90m 2525 |[39m       [33m.[39m[36mget[39m([32m`/api/admin/sellers/${testSeller._id}/test-pickup`[39m)
     [90m 2526 |[39m       [33m.[39m[36mset[39m([32m"Authorization"[39m[33m,[39m [32m`Bearer ${adminToken}`[39m)
    [31m[1m>[22m[39m[90m 2527 |[39m       [33m.[39mexpect([35m200[39m)[33m;[39m
     [90m      |[39m        [31m[1m^[22m[39m
     [90m 2528 |[39m
     [90m 2529 |[39m     expect(response[33m.[39mbody[33m.[39mpickup_address)[33m.[39mtoBe([32m"123 Pickup Street"[39m)[33m;[39m
     [90m 2530 |[39m     expect(response[33m.[39mbody[33m.[39msource)[33m.[39mtoBe([32m"address"[39m)[33m;[39m[0m

      at Object.expect (tests/admin.test.js:2527:8)
      ----
      at Test._assertStatus (../node_modules/supertest/lib/test.js:309:14)
      at ../node_modules/supertest/lib/test.js:365:13
      at Test._assertFunction (../node_modules/supertest/lib/test.js:342:13)
      at Test.assert (../node_modules/supertest/lib/test.js:195:23)
      at localAssert (../node_modules/supertest/lib/test.js:138:14)
      at Server.<anonymous> (../node_modules/supertest/lib/test.js:152:11)

  ΓùÅ PHASE 7: Fraud Detection System ΓÇ║ should detect high refund rate (>40% of orders refunded)

    expect(received).toBeGreaterThanOrEqual(expected)

    Expected: >= 1
    Received:    0

    [0m [90m 2936 |[39m       [33m.[39mexpect([35m200[39m)[33m;[39m
     [90m 2937 |[39m
    [31m[1m>[22m[39m[90m 2938 |[39m     expect(response[33m.[39mbody[33m.[39mtotalSignals)[33m.[39mtoBeGreaterThanOrEqual([35m1[39m)[33m;[39m
     [90m      |[39m                                        [31m[1m^[22m[39m
     [90m 2939 |[39m     [36mconst[39m refundSignal [33m=[39m response[33m.[39mbody[33m.[39msignals[33m.[39mfind(
     [90m 2940 |[39m       (s) [33m=>[39m s[33m.[39mtype [33m===[39m [32m"high_refund_rate"[39m
     [90m 2941 |[39m     )[33m;[39m[0m

      at Object.toBeGreaterThanOrEqual (tests/admin.test.js:2938:40)

  ΓùÅ PHASE 7: Automated Alerts Evaluation ΓÇ║ should require admin authentication

    MongoServerError: Cannot create collection grocery_db_test.admins - database is in the process of being dropped.

      at InsertOneOperation.execute (node_modules/mongoose/node_modules/mongodb/src/operations/insert.ts:88:13)
      at tryOperation (node_modules/mongoose/node_modules/mongodb/src/operations/execute_operation.ts:283:14)
      at executeOperation (node_modules/mongoose/node_modules/mongodb/src/operations/execute_operation.ts:115:12)
      at Collection.insertOne (node_modules/mongoose/node_modules/mongodb/src/collection.ts:286:12)

  console.log
    ≡ƒô╕ Image optimized: 0.07KB ΓåÆ 0.32KB (saved -362.9%)

      at log (routes/uploads.js:38:15)

  console.log
    ≡ƒô╕ Image optimized: 0.28KB ΓåÆ 0.31KB (saved -12.2%)

      at log (routes/uploads.js:38:15)

  console.log
    ≡ƒô╕ Image optimized: 0.28KB ΓåÆ 0.31KB (saved -12.2%)

      at log (routes/uploads.js:38:15)

  console.log
    ≡ƒô╕ Image optimized: 0.28KB ΓåÆ 0.31KB (saved -12.2%)

      at log (routes/uploads.js:38:15)

  console.log
    ≡ƒô╕ Image optimized: 0.28KB ΓåÆ 0.31KB (saved -12.2%)

      at log (routes/uploads.js:38:15)

  console.log
    ≡ƒô╕ Image optimized: 0.28KB ΓåÆ 0.31KB (saved -12.2%)

      at log (routes/uploads.js:38:15)

  console.log
    ≡ƒô╕ Image optimized: 0.28KB ΓåÆ 0.31KB (saved -12.2%)

      at log (routes/uploads.js:38:15)

  console.log
    ≡ƒô╕ Image optimized: 0.28KB ΓåÆ 0.31KB (saved -12.2%)

      at log (routes/uploads.js:38:15)

  console.log
    ≡ƒô╕ Image optimized: 0.07KB ΓåÆ 0.32KB (saved -362.9%)

      at log (routes/uploads.js:38:15)

  console.log
    ≡ƒô╕ Image optimized: 0.28KB ΓåÆ 0.31KB (saved -12.2%)

      at log (routes/uploads.js:38:15)

  console.log
    ≡ƒô╕ Image optimized: 0.28KB ΓåÆ 0.31KB (saved -12.2%)

      at log (routes/uploads.js:38:15)

  console.log
    Γ£à Test database dropped

      at log (tests/testUtils/dbHandler.js:37:15)

  console.log
    Γ£à Test database connection closed

      at log (tests/testUtils/dbHandler.js:41:15)

PASS tests/uploads.test.js (8.321 s)
  Image Upload & CDN - Integration Tests
    POST /api/uploads - Upload Image
      ΓêÜ should upload valid JPEG image (2200 ms)
      ΓêÜ should upload valid PNG image (566 ms)
      ΓêÜ should reject file without image (41 ms)
      ΓêÜ should reject unsupported file type (39 ms)
      ΓêÜ should reject oversized files (55 ms)
    GET /api/uploads/:id - Retrieve Image
      ΓêÜ should retrieve uploaded image (375 ms)
      ΓêÜ should return 404 for non-existent file (320 ms)
      ΓêÜ should return 400 for invalid file ID (292 ms)
      ΓêÜ should set cache headers on image response (360 ms)
    CDN URL Generation
      ΓêÜ should generate CDN URL when CDN is enabled (282 ms)
      ΓêÜ should generate local URL when CDN is disabled (309 ms)
    Image Optimization
      ΓêÜ should optimize JPEG images (358 ms)
      ΓêÜ should handle PNG to WebP conversion if supported (301 ms)
    GridFS Storage
      ΓêÜ should store file metadata in GridFS (314 ms)
      ΓêÜ should clean up failed uploads (36 ms)
    CORS Headers
      ΓêÜ should include CORS headers on image responses (361 ms)

  console.log
    Γ£à Test database dropped

      at log (tests/testUtils/dbHandler.js:37:15)

  console.log
    Γ£à Test database connection closed

      at log (tests/testUtils/dbHandler.js:41:15)

PASS tests/middleware/verifyFirebaseToken.test.js (18.759 s)
  Firebase Token Verification Middleware - Complete Coverage
    Γ£à Valid Token Authentication
      ΓêÜ should verify valid Firebase token and set req.user (2482 ms)
      ΓêÜ should handle token with minimal claims (701 ms)
      ΓêÜ should handle token with extra claims (564 ms)
    Γ¥î Missing or Malformed Tokens
      ΓêÜ should reject request with no Authorization header (577 ms)
      ΓêÜ should reject request with invalid Authorization header format (562 ms)
      ΓêÜ should reject request with Bearer but no token (582 ms)
      ΓêÜ should reject request with only whitespace token (567 ms)
    ΓÅ░ Expired and Revoked Tokens
      ΓêÜ should reject expired token (566 ms)
      ΓêÜ should reject revoked token (566 ms)
      ΓêÜ should reject token with invalid argument (586 ms)
      ΓêÜ should handle generic verification errors (565 ms)
    ≡ƒöº Firebase Admin SDK Status
      ΓêÜ should return 500 when Firebase Admin is not initialized (562 ms)
      ΓêÜ should return 500 when Firebase Admin is undefined (568 ms)
    ≡ƒöô Optional Firebase Token Middleware
      ΓêÜ should continue without user when no token provided (565 ms)
      ΓêÜ should set user when valid token provided (573 ms)
      ΓêÜ should continue without user when invalid token provided (566 ms)
      ΓêÜ should continue when Firebase Admin not initialized (560 ms)
      ΓêÜ should handle malformed optional token gracefully (564 ms)
    ≡ƒöÆ Security Tests
      ΓêÜ should not expose sensitive error details in production (562 ms)
      ΓêÜ should expose error details in development (564 ms)
      ΓêÜ should handle malicious token strings (561 ms)
      ΓêÜ should handle extremely long tokens (559 ms)
    ΓÜá∩╕Å Edge Cases
      ΓêÜ should handle token with Unicode characters (579 ms)
      ΓêÜ should handle case-sensitive Bearer keyword (559 ms)
      ΓêÜ should handle multiple Bearer keywords (561 ms)
      ΓêÜ should handle token with special characters (572 ms)

A worker process has failed to exit gracefully and has been force exited. This is likely caused by tests leaking due to improper teardown. Try running with 
--detectOpenHandles to find leaks. Active timers can also cause this, ensure that .unref() was called on them.
Summary of all failing tests
FAIL tests/reviews.test.js (42.289 s)
  ΓùÅ Reviews & Ratings API ΓÇ║ POST /api/reviews - Create Review ΓÇ║ should create review with valid data and verified purchase

    expect(received).toBe(expected) // Object.is equality

    Expected: 201
    Received: 404

    [0m [90m 117 |[39m         })[33m;[39m
     [90m 118 |[39m
    [31m[1m>[22m[39m[90m 119 |[39m       expect(response[33m.[39mstatus)[33m.[39mtoBe([35m201[39m)[33m;[39m
     [90m     |[39m                               [31m[1m^[22m[39m
     [90m 120 |[39m       expect(response[33m.[39mbody[33m.[39msuccess)[33m.[39mtoBe([36mtrue[39m)[33m;[39m
     [90m 121 |[39m       expect(response[33m.[39mbody[33m.[39mreview)[33m.[39mtoBeDefined()[33m;[39m
     [90m 122 |[39m       expect(response[33m.[39mbody[33m.[39mreview[33m.[39mrating)[33m.[39mtoBe([35m5[39m)[33m;[39m[0m

      at Object.toBe (tests/reviews.test.js:119:31)

  ΓùÅ Reviews & Ratings API ΓÇ║ POST /api/reviews - Create Review ΓÇ║ should create review without verified purchase (no order)

    expect(received).toBe(expected) // Object.is equality

    Expected: 201
    Received: 404

    [0m [90m 138 |[39m         })[33m;[39m
     [90m 139 |[39m
    [31m[1m>[22m[39m[90m 140 |[39m       expect(response[33m.[39mstatus)[33m.[39mtoBe([35m201[39m)[33m;[39m
     [90m     |[39m                               [31m[1m^[22m[39m
     [90m 141 |[39m       expect(response[33m.[39mbody[33m.[39msuccess)[33m.[39mtoBe([36mtrue[39m)[33m;[39m
     [90m 142 |[39m       expect(response[33m.[39mbody[33m.[39mreview[33m.[39mverified_purchase)[33m.[39mtoBe([36mfalse[39m)[33m;[39m
     [90m 143 |[39m     })[33m;[39m[0m

      at Object.toBe (tests/reviews.test.js:140:31)

  ΓùÅ Reviews & Ratings API ΓÇ║ POST /api/reviews - Create Review ΓÇ║ should accept review with multiple images

    expect(received).toBe(expected) // Object.is equality

    Expected: 201
    Received: 404

    [0m [90m 282 |[39m         })[33m;[39m
     [90m 283 |[39m
    [31m[1m>[22m[39m[90m 284 |[39m       expect(response[33m.[39mstatus)[33m.[39mtoBe([35m201[39m)[33m;[39m
     [90m     |[39m                               [31m[1m^[22m[39m
     [90m 285 |[39m       expect(response[33m.[39mbody[33m.[39msuccess)[33m.[39mtoBe([36mtrue[39m)[33m;[39m
     [90m 286 |[39m       expect(response[33m.[39mbody[33m.[39mreview[33m.[39mimages)[33m.[39mtoHaveLength([35m3[39m)[33m;[39m
     [90m 287 |[39m     })[33m;[39m[0m

      at Object.toBe (tests/reviews.test.js:284:31)

  ΓùÅ Reviews & Ratings API ΓÇ║ GET /api/reviews/product/:productId - Get Product Reviews ΓÇ║ should retrieve all reviews for a product

    expect(received).toHaveLength(expected)

    Expected length: 3
    Received length: 0
    Received array:  []

    [0m [90m 326 |[39m       expect(response[33m.[39mstatus)[33m.[39mtoBe([35m200[39m)[33m;[39m
     [90m 327 |[39m       expect(response[33m.[39mbody[33m.[39msuccess)[33m.[39mtoBe([36mtrue[39m)[33m;[39m
    [31m[1m>[22m[39m[90m 328 |[39m       expect(response[33m.[39mbody[33m.[39mreviews)[33m.[39mtoHaveLength([35m3[39m)[33m;[39m
     [90m     |[39m                                     [31m[1m^[22m[39m
     [90m 329 |[39m       expect(response[33m.[39mbody[33m.[39mpagination[33m.[39mtotal)[33m.[39mtoBe([35m3[39m)[33m;[39m
     [90m 330 |[39m     })[33m;[39m
     [90m 331 |[39m[0m

      at Object.toHaveLength (tests/reviews.test.js:328:37)

  ΓùÅ Reviews & Ratings API ΓÇ║ GET /api/reviews/user - Get User's Reviews ΓÇ║ should populate product details in user reviews

    TypeError: Cannot read properties of null (reading 'name')

    [0m [90m 453 |[39m       expect(response[33m.[39mstatus)[33m.[39mtoBe([35m200[39m)[33m;[39m
     [90m 454 |[39m       expect(response[33m.[39mbody[33m.[39mreviews[[35m0[39m][33m.[39mproduct_id)[33m.[39mtoBeDefined()[33m;[39m
    [31m[1m>[22m[39m[90m 455 |[39m       
expect(response[33m.[39mbody[33m.[39mreviews[[35m0[39m][33m.[39mproduct_id[33m.[39mname)[33m.[39mtoBeDefined()[33m;[39m
     [90m     |[39m                                                  [31m[1m^[22m[39m
     [90m 456 |[39m       expect(response[33m.[39mbody[33m.[39mreviews[[35m0[39m][33m.[39mproduct_id[33m.[39mprice)[33m.[39mtoBeDefined()[33m;[39m
     [90m 457 |[39m     })[33m;[39m
     [90m 458 |[39m[0m

      at Object.name (tests/reviews.test.js:455:50)

  ΓùÅ Reviews & Ratings API ΓÇ║ POST /api/reviews/:reviewId/helpful - Mark Review as Helpful ΓÇ║ should increment helpful count

    TypeError: Cannot read properties of null (reading 'helpful_count')

    [0m [90m 772 |[39m       [90m// Verify in database[39m
     [90m 773 |[39m       [36mconst[39m updated [33m=[39m [36mawait[39m [33mReview[39m[33m.[39mfindById(testReview[33m.[39m_id)[33m;[39m
    [31m[1m>[22m[39m[90m 774 |[39m       expect(updated[33m.[39mhelpful_count)[33m.[39mtoBe([35m1[39m)[33m;[39m
     [90m     |[39m                      [31m[1m^[22m[39m
     [90m 775 |[39m     })[33m;[39m
     [90m 776 |[39m
     [90m 777 |[39m     test([32m"should allow multiple helpful marks (no duplicate prevention)"[39m[33m,[39m [36masync[39m () [33m=>[39m {[0m

      at Object.helpful_count (tests/reviews.test.js:774:22)

FAIL tests/auth.test.js (54.346 s)
  ΓùÅ Authentication - Integration Tests ΓÇ║ POST /api/admin/login - Admin Login ΓÇ║ should login successfully with valid credentials

    expected 200 "OK", got 401 "Unauthorized"

    [0m [90m 48 |[39m           password[33m:[39m [32m"admin123"[39m[33m,[39m
     [90m 49 |[39m         })
    [31m[1m>[22m[39m[90m 50 |[39m         [33m.[39mexpect([35m200[39m)[33m;[39m
     [90m    |[39m          [31m[1m^[22m[39m
     [90m 51 |[39m
     [90m 52 |[39m       expect(response[33m.[39mbody)[33m.[39mtoHaveProperty([32m"token"[39m)[33m;[39m
     [90m 53 |[39m       expect(response[33m.[39mbody)[33m.[39mtoHaveProperty([32m"admin"[39m)[33m;[39m[0m

      at Object.expect (tests/auth.test.js:50:10)
      ----
      at Test._assertStatus (../node_modules/supertest/lib/test.js:309:14)
      at ../node_modules/supertest/lib/test.js:365:13
      at Test._assertFunction (../node_modules/supertest/lib/test.js:342:13)
      at Test.assert (../node_modules/supertest/lib/test.js:195:23)
      at localAssert (../node_modules/supertest/lib/test.js:138:14)
      at Server.<anonymous> (../node_modules/supertest/lib/test.js:152:11)

  ΓùÅ Authentication - Integration Tests ΓÇ║ POST /api/auth/login/seller - Seller Login ΓÇ║ should fail with invalid email

    MongoServerError: E11000 duplicate key error collection: grocery_db_test.sellers index: email_1 dup key: { email: "seller@test.com" }

      at InsertOneOperation.execute (node_modules/mongoose/node_modules/mongodb/src/operations/insert.ts:88:13)
      at tryOperation (node_modules/mongoose/node_modules/mongodb/src/operations/execute_operation.ts:283:14)
      at executeOperation (node_modules/mongoose/node_modules/mongodb/src/operations/execute_operation.ts:115:12)
      at Collection.insertOne (node_modules/mongoose/node_modules/mongodb/src/collection.ts:286:12)

  ΓùÅ Authentication - Integration Tests ΓÇ║ POST /api/auth/login/seller - Seller Login ΓÇ║ should fail with invalid password

    MongoServerError: E11000 duplicate key error collection: grocery_db_test.sellers index: email_1 dup key: { email: "seller@test.com" }

      at InsertOneOperation.execute (node_modules/mongoose/node_modules/mongodb/src/operations/insert.ts:88:13)
      at tryOperation (node_modules/mongoose/node_modules/mongodb/src/operations/execute_operation.ts:283:14)
      at executeOperation (node_modules/mongoose/node_modules/mongodb/src/operations/execute_operation.ts:115:12)
      at Collection.insertOne (node_modules/mongoose/node_modules/mongodb/src/collection.ts:286:12)

  ΓùÅ Authentication - Integration Tests ΓÇ║ POST /api/auth/signup/seller - Seller Registration ΓÇ║ should fail with duplicate email

    MongoServerError: E11000 duplicate key error collection: grocery_db_test.sellers index: email_1 dup key: { email: "seller@test.com" }

      at InsertOneOperation.execute (node_modules/mongoose/node_modules/mongodb/src/operations/insert.ts:88:13)
      at tryOperation (node_modules/mongoose/node_modules/mongodb/src/operations/execute_operation.ts:283:14)
      at executeOperation (node_modules/mongoose/node_modules/mongodb/src/operations/execute_operation.ts:115:12)
      at Collection.insertOne (node_modules/mongoose/node_modules/mongodb/src/collection.ts:286:12)

  ΓùÅ Authentication - Integration Tests ΓÇ║ POST /api/auth/forgot-password - Password Reset Request ΓÇ║ should generate reset token for valid seller email

    MongoServerError: E11000 duplicate key error collection: grocery_db_test.sellers index: email_1 dup key: { email: "seller@test.com" }

      at InsertOneOperation.execute (node_modules/mongoose/node_modules/mongodb/src/operations/insert.ts:88:13)
      at tryOperation (node_modules/mongoose/node_modules/mongodb/src/operations/execute_operation.ts:283:14)
      at executeOperation (node_modules/mongoose/node_modules/mongodb/src/operations/execute_operation.ts:115:12)
      at Collection.insertOne (node_modules/mongoose/node_modules/mongodb/src/collection.ts:286:12)

  ΓùÅ Authentication - Integration Tests ΓÇ║ POST /api/auth/reset-password - Password Reset Execution ΓÇ║ should reset password with valid token

    MongoServerError: E11000 duplicate key error collection: grocery_db_test.sellers index: email_1 dup key: { email: "seller@test.com" }

      at InsertOneOperation.execute (node_modules/mongoose/node_modules/mongodb/src/operations/insert.ts:88:13)
      at tryOperation (node_modules/mongoose/node_modules/mongodb/src/operations/execute_operation.ts:283:14)
      at executeOperation (node_modules/mongoose/node_modules/mongodb/src/operations/execute_operation.ts:115:12)
      at Collection.insertOne (node_modules/mongoose/node_modules/mongodb/src/collection.ts:286:12)

  ΓùÅ Authentication - Integration Tests ΓÇ║ POST /api/auth/reset-password - Password Reset Execution ΓÇ║ should fail with expired token

    MongoServerError: E11000 duplicate key error collection: grocery_db_test.sellers index: email_1 dup key: { email: "seller@test.com" }

      at InsertOneOperation.execute (node_modules/mongoose/node_modules/mongodb/src/operations/insert.ts:88:13)
      at tryOperation (node_modules/mongoose/node_modules/mongodb/src/operations/execute_operation.ts:283:14)
      at executeOperation (node_modules/mongoose/node_modules/mongodb/src/operations/execute_operation.ts:115:12)
      at Collection.insertOne (node_modules/mongoose/node_modules/mongodb/src/collection.ts:286:12)

  ΓùÅ Authentication - Integration Tests ΓÇ║ POST /api/auth/reset-password - Password Reset Execution ΓÇ║ should fail with missing resetToken

    MongoServerError: E11000 duplicate key error collection: grocery_db_test.sellers index: email_1 dup key: { email: "seller@test.com" }

      at InsertOneOperation.execute (node_modules/mongoose/node_modules/mongodb/src/operations/insert.ts:88:13)
      at tryOperation (node_modules/mongoose/node_modules/mongodb/src/operations/execute_operation.ts:283:14)
      at executeOperation (node_modules/mongoose/node_modules/mongodb/src/operations/execute_operation.ts:115:12)
      at Collection.insertOne (node_modules/mongoose/node_modules/mongodb/src/collection.ts:286:12)

  ΓùÅ Authentication - Integration Tests ΓÇ║ POST /api/auth/reset-password - Password Reset Execution ΓÇ║ should fail with missing newPassword

    MongoServerError: E11000 duplicate key error collection: grocery_db_test.sellers index: email_1 dup key: { email: "seller@test.com" }

      at InsertOneOperation.execute (node_modules/mongoose/node_modules/mongodb/src/operations/insert.ts:88:13)
      at tryOperation (node_modules/mongoose/node_modules/mongodb/src/operations/execute_operation.ts:283:14)
      at executeOperation (node_modules/mongoose/node_modules/mongodb/src/operations/execute_operation.ts:115:12)
      at Collection.insertOne (node_modules/mongoose/node_modules/mongodb/src/collection.ts:286:12)

  ΓùÅ Authentication - Integration Tests ΓÇ║ GET /api/auth/role-by-email - Role Lookup by Email ΓÇ║ should return seller role for seller email

    expected 200 "OK", got 404 "Not Found"

    [0m [90m 825 |[39m         [33m.[39m[36mget[39m([32m"/api/auth/role-by-email"[39m)
     [90m 826 |[39m         [33m.[39mquery({ email[33m:[39m [32m"role.seller@test.com"[39m })
    [31m[1m>[22m[39m[90m 827 |[39m         [33m.[39mexpect([35m200[39m)[33m;[39m
     [90m     |[39m          [31m[1m^[22m[39m
     [90m 828 |[39m
     [90m 829 |[39m       expect(response[33m.[39mbody[33m.[39mrole)[33m.[39mtoBe([32m"seller"[39m)[33m;[39m
     [90m 830 |[39m     })[33m;[39m[0m

      at Object.expect (tests/auth.test.js:827:10)
      ----
      at Test._assertStatus (../node_modules/supertest/lib/test.js:309:14)
      at ../node_modules/supertest/lib/test.js:365:13
      at Test._assertFunction (../node_modules/supertest/lib/test.js:342:13)
      at Test.assert (../node_modules/supertest/lib/test.js:195:23)
      at localAssert (../node_modules/supertest/lib/test.js:138:14)
      at Server.<anonymous> (../node_modules/supertest/lib/test.js:152:11)

FAIL tests/orders.test.js (34.298 s)
  ΓùÅ Orders Controller - Unit Tests ΓÇ║ POST /api/orders - Create Order ΓÇ║ should create order successfully with valid data

    MongoServerError: E11000 duplicate key error collection: grocery_db_test.sellers index: email_1 dup key: { email: "seller@test.com" }

      at InsertOneOperation.execute (node_modules/mongoose/node_modules/mongodb/src/operations/insert.ts:88:13)
      at tryOperation (node_modules/mongoose/node_modules/mongodb/src/operations/execute_operation.ts:283:14)
      at executeOperation (node_modules/mongoose/node_modules/mongodb/src/operations/execute_operation.ts:115:12)
      at Collection.insertOne (node_modules/mongoose/node_modules/mongodb/src/collection.ts:286:12)

  ΓùÅ Orders Controller - Unit Tests ΓÇ║ POST /api/orders - Create Order ΓÇ║ should fail when stock is insufficient

    MongoServerError: E11000 duplicate key error collection: grocery_db_test.sellers index: email_1 dup key: { email: "seller@test.com" }

      at InsertOneOperation.execute (node_modules/mongoose/node_modules/mongodb/src/operations/insert.ts:88:13)
      at tryOperation (node_modules/mongoose/node_modules/mongodb/src/operations/execute_operation.ts:283:14)
      at executeOperation (node_modules/mongoose/node_modules/mongodb/src/operations/execute_operation.ts:115:12)
      at Collection.insertOne (node_modules/mongoose/node_modules/mongodb/src/collection.ts:286:12)

  ΓùÅ Orders Controller - Unit Tests ΓÇ║ POST /api/orders - Create Order ΓÇ║ should apply valid coupon correctly

    MongoServerError: E11000 duplicate key error collection: grocery_db_test.sellers index: email_1 dup key: { email: "seller@test.com" }

      at InsertOneOperation.execute (node_modules/mongoose/node_modules/mongodb/src/operations/insert.ts:88:13)
      at tryOperation (node_modules/mongoose/node_modules/mongodb/src/operations/execute_operation.ts:283:14)
      at executeOperation (node_modules/mongoose/node_modules/mongodb/src/operations/execute_operation.ts:115:12)
      at Collection.insertOne (node_modules/mongoose/node_modules/mongodb/src/collection.ts:286:12)

  ΓùÅ Orders Controller - Unit Tests ΓÇ║ POST /api/orders - Create Order ΓÇ║ should fail when coupon usage limit reached

    MongoServerError: E11000 duplicate key error collection: grocery_db_test.sellers index: email_1 dup key: { email: "seller@test.com" }

      at InsertOneOperation.execute (node_modules/mongoose/node_modules/mongodb/src/operations/insert.ts:88:13)
      at tryOperation (node_modules/mongoose/node_modules/mongodb/src/operations/execute_operation.ts:283:14)
      at executeOperation (node_modules/mongoose/node_modules/mongodb/src/operations/execute_operation.ts:115:12)
      at Collection.insertOne (node_modules/mongoose/node_modules/mongodb/src/collection.ts:286:12)

  ΓùÅ Orders Controller - Unit Tests ΓÇ║ POST /api/orders - Create Order ΓÇ║ should fail without authentication

    MongoServerError: E11000 duplicate key error collection: grocery_db_test.sellers index: email_1 dup key: { email: "seller@test.com" }

      at InsertOneOperation.execute (node_modules/mongoose/node_modules/mongodb/src/operations/insert.ts:88:13)
      at tryOperation (node_modules/mongoose/node_modules/mongodb/src/operations/execute_operation.ts:283:14)
      at executeOperation (node_modules/mongoose/node_modules/mongodb/src/operations/execute_operation.ts:115:12)
      at Collection.insertOne (node_modules/mongoose/node_modules/mongodb/src/collection.ts:286:12)

  ΓùÅ Orders Controller - Unit Tests ΓÇ║ POST /api/orders - Create Order ΓÇ║ should fail when items array is empty

    MongoServerError: E11000 duplicate key error collection: grocery_db_test.sellers index: email_1 dup key: { email: "seller@test.com" }

      at InsertOneOperation.execute (node_modules/mongoose/node_modules/mongodb/src/operations/insert.ts:88:13)
      at tryOperation (node_modules/mongoose/node_modules/mongodb/src/operations/execute_operation.ts:283:14)
      at executeOperation (node_modules/mongoose/node_modules/mongodb/src/operations/execute_operation.ts:115:12)
      at Collection.insertOne (node_modules/mongoose/node_modules/mongodb/src/collection.ts:286:12)

  ΓùÅ Orders Controller - Unit Tests ΓÇ║ POST /api/orders - Create Order ΓÇ║ should split multi-seller orders by category

    expected 201 "Created", got 400 "Bad Request"

    [0m [90m 480 |[39m         [33m.[39m[36mset[39m([32m"Authorization"[39m[33m,[39m [32m`Bearer ${clientToken}`[39m)
     [90m 481 |[39m         [33m.[39msend(orderData)
    [31m[1m>[22m[39m[90m 482 |[39m         [33m.[39mexpect([35m201[39m)[33m;[39m
     [90m     |[39m          [31m[1m^[22m[39m
     [90m 483 |[39m
     [90m 484 |[39m       expect(response[33m.[39mbody[33m.[39mgrouped_orders)[33m.[39mtoHaveLength([35m2[39m)[33m;[39m
     [90m 485 |[39m       expect([0m

      at Object.expect (tests/orders.test.js:482:10)
      ----
      at Test._assertStatus (../node_modules/supertest/lib/test.js:309:14)
      at ../node_modules/supertest/lib/test.js:365:13
      at Test._assertFunction (../node_modules/supertest/lib/test.js:342:13)
      at Test.assert (../node_modules/supertest/lib/test.js:195:23)
      at localAssert (../node_modules/supertest/lib/test.js:138:14)
      at Server.<anonymous> (../node_modules/supertest/lib/test.js:152:11)

  ΓùÅ Orders Controller - Unit Tests ΓÇ║ POST /api/orders - Create Order ΓÇ║ should allow guest orders with client_id in body

    MongoServerError: E11000 duplicate key error collection: grocery_db_test.sellers index: email_1 dup key: { email: "seller@test.com" }

      at InsertOneOperation.execute (node_modules/mongoose/node_modules/mongodb/src/operations/insert.ts:88:13)
      at tryOperation (node_modules/mongoose/node_modules/mongodb/src/operations/execute_operation.ts:283:14)
      at executeOperation (node_modules/mongoose/node_modules/mongodb/src/operations/execute_operation.ts:115:12)
      at Collection.insertOne (node_modules/mongoose/node_modules/mongodb/src/collection.ts:286:12)

  ΓùÅ Orders Controller - Unit Tests ΓÇ║ POST /api/orders - Create Order ΓÇ║ should fail when coupon is expired

    MongoServerError: E11000 duplicate key error collection: grocery_db_test.sellers index: email_1 dup key: { email: "seller@test.com" }

      at InsertOneOperation.execute (node_modules/mongoose/node_modules/mongodb/src/operations/insert.ts:88:13)
      at tryOperation (node_modules/mongoose/node_modules/mongodb/src/operations/execute_operation.ts:283:14)
      at executeOperation (node_modules/mongoose/node_modules/mongodb/src/operations/execute_operation.ts:115:12)
      at Collection.insertOne (node_modules/mongoose/node_modules/mongodb/src/collection.ts:286:12)

  ΓùÅ Orders Controller - Unit Tests ΓÇ║ POST /api/orders - Create Order ΓÇ║ should allow orders for products with null stock

    expected 201 "Created", got 400 "Bad Request"

    [0m [90m 788 |[39m         [33m.[39m[36mset[39m([32m"Authorization"[39m[33m,[39m [32m`Bearer ${clientToken}`[39m)
     [90m 789 |[39m         [33m.[39msend(orderData)
    [31m[1m>[22m[39m[90m 790 |[39m         [33m.[39mexpect([35m201[39m)[33m;[39m
     [90m     |[39m          [31m[1m^[22m[39m
     [90m 791 |[39m
     [90m 792 |[39m       expect(response[33m.[39mbody)[33m.[39mtoHaveProperty([32m"order_id"[39m)[33m;[39m
     [90m 793 |[39m     })[33m;[39m[0m

      at Object.expect (tests/orders.test.js:790:10)
      ----
      at Test._assertStatus (../node_modules/supertest/lib/test.js:309:14)
      at ../node_modules/supertest/lib/test.js:365:13
      at Test._assertFunction (../node_modules/supertest/lib/test.js:342:13)
      at Test.assert (../node_modules/supertest/lib/test.js:195:23)
      at localAssert (../node_modules/supertest/lib/test.js:138:14)
      at Server.<anonymous> (../node_modules/supertest/lib/test.js:152:11)

  ΓùÅ Orders Controller - Unit Tests ΓÇ║ POST /api/orders - Create Order ΓÇ║ should handle order notes with special characters

    expected 201 "Created", got 400 "Bad Request"

    [0m [90m 867 |[39m         [33m.[39m[36mset[39m([32m"Authorization"[39m[33m,[39m [32m`Bearer ${clientToken}`[39m)
     [90m 868 |[39m         [33m.[39msend(orderData)
    [31m[1m>[22m[39m[90m 869 |[39m         [33m.[39mexpect([35m201[39m)[33m;[39m
     [90m     |[39m          [31m[1m^[22m[39m
     [90m 870 |[39m
     [90m 871 |[39m       expect(response[33m.[39mbody)[33m.[39mtoHaveProperty([32m"order_id"[39m)[33m;[39m
     [90m 872 |[39m     })[33m;[39m[0m

      at Object.expect (tests/orders.test.js:869:10)
      ----
      at Test._assertStatus (../node_modules/supertest/lib/test.js:309:14)
      at ../node_modules/supertest/lib/test.js:365:13
      at Test._assertFunction (../node_modules/supertest/lib/test.js:342:13)
      at Test.assert (../node_modules/supertest/lib/test.js:195:23)
      at localAssert (../node_modules/supertest/lib/test.js:138:14)
      at Server.<anonymous> (../node_modules/supertest/lib/test.js:152:11)

  ΓùÅ Orders Controller - Unit Tests ΓÇ║ POST /api/orders - Create Order ΓÇ║ should accept 'qty' as alternative to 'quantity'

    MongoServerError: E11000 duplicate key error collection: grocery_db_test.sellers index: email_1 dup key: { email: "seller@test.com" }

      at InsertOneOperation.execute (node_modules/mongoose/node_modules/mongodb/src/operations/insert.ts:88:13)
      at tryOperation (node_modules/mongoose/node_modules/mongodb/src/operations/execute_operation.ts:283:14)
      at executeOperation (node_modules/mongoose/node_modules/mongodb/src/operations/execute_operation.ts:115:12)
      at Collection.insertOne (node_modules/mongoose/node_modules/mongodb/src/collection.ts:286:12)

  ΓùÅ Orders Controller - Unit Tests ΓÇ║ POST /api/orders - Create Order ΓÇ║ should handle coupon with zero discount

    MongoServerError: E11000 duplicate key error collection: grocery_db_test.sellers index: email_1 dup key: { email: "seller@test.com" }

      at InsertOneOperation.execute (node_modules/mongoose/node_modules/mongodb/src/operations/insert.ts:88:13)
      at tryOperation (node_modules/mongoose/node_modules/mongodb/src/operations/execute_operation.ts:283:14)
      at executeOperation (node_modules/mongoose/node_modules/mongodb/src/operations/execute_operation.ts:115:12)
      at Collection.insertOne (node_modules/mongoose/node_modules/mongodb/src/collection.ts:286:12)

  ΓùÅ Orders Controller - Unit Tests ΓÇ║ GET /api/orders/:id - Get Order Status ΓÇ║ should retrieve order status successfully

    expected 200 "OK", got 404 "Not Found"

    [0m [90m 1060 |[39m         [33m.[39m[36mget[39m([32m`/api/orders/${mockOrder._id}/status`[39m)
     [90m 1061 |[39m         [33m.[39m[36mset[39m([32m"Authorization"[39m[33m,[39m [32m`Bearer ${clientToken}`[39m)
    [31m[1m>[22m[39m[90m 1062 |[39m         [33m.[39mexpect([35m200[39m)[33m;[39m
     [90m      |[39m          [31m[1m^[22m[39m
     [90m 1063 |[39m
     [90m 1064 |[39m       expect(response[33m.[39mbody)[33m.[39mtoHaveProperty([32m"order_id"[39m)[33m;[39m
     [90m 1065 |[39m       expect(response[33m.[39mbody)[33m.[39mtoHaveProperty([32m"status"[39m)[33m;[39m[0m

      at Object.expect (tests/orders.test.js:1062:10)
      ----
      at Test._assertStatus (../node_modules/supertest/lib/test.js:309:14)
      at ../node_modules/supertest/lib/test.js:365:13
      at Test._assertFunction (../node_modules/supertest/lib/test.js:342:13)
      at Test.assert (../node_modules/supertest/lib/test.js:195:23)
      at localAssert (../node_modules/supertest/lib/test.js:138:14)
      at Server.<anonymous> (../node_modules/supertest/lib/test.js:152:11)

FAIL tests/admin_extensions.test.js (28.875 s)
  ΓùÅ PATCH /api/admin/roles/:id - Update Admin Role ΓÇ║ should update moderator role to superadmin

    expected 200 "OK", got 404 "Not Found"

    [0m [90m 118 |[39m       [33m.[39m[36mset[39m([32m"Authorization"[39m[33m,[39m [32m`Bearer ${adminToken}`[39m)
     [90m 119 |[39m       [33m.[39msend({ role[33m:[39m [32m"superadmin"[39m })
    [31m[1m>[22m[39m[90m 120 |[39m       [33m.[39mexpect([35m200[39m)[33m;[39m
     [90m     |[39m        [31m[1m^[22m[39m
     [90m 121 |[39m
     [90m 122 |[39m     expect(response[33m.[39mbody[33m.[39mid)[33m.[39mtoBe(moderatorId[33m.[39mtoString())[33m;[39m
     [90m 123 |[39m     expect(response[33m.[39mbody[33m.[39memail)[33m.[39mtoBe([32m"moderator@example.com"[39m)[33m;[39m[0m

      at Object.expect (tests/admin_extensions.test.js:120:8)
      ----
      at Test._assertStatus (../node_modules/supertest/lib/test.js:309:14)
      at ../node_modules/supertest/lib/test.js:365:13
      at Test._assertFunction (../node_modules/supertest/lib/test.js:342:13)
      at Test.assert (../node_modules/supertest/lib/test.js:195:23)
      at localAssert (../node_modules/supertest/lib/test.js:138:14)
      at Server.<anonymous> (../node_modules/supertest/lib/test.js:152:11)

  ΓùÅ PATCH /api/admin/roles/:id - Update Admin Role ΓÇ║ should update superadmin role to moderator (when multiple superadmins exist)

    expected 200 "OK", got 404 "Not Found"

    [0m [90m 142 |[39m       [33m.[39m[36mset[39m([32m"Authorization"[39m[33m,[39m [32m`Bearer ${adminToken}`[39m)
     [90m 143 |[39m       [33m.[39msend({ role[33m:[39m [32m"moderator"[39m })
    [31m[1m>[22m[39m[90m 144 |[39m       [33m.[39mexpect([35m200[39m)[33m;[39m
     [90m     |[39m        [31m[1m^[22m[39m
     [90m 145 |[39m
     [90m 146 |[39m     expect(response[33m.[39mbody[33m.[39mrole)[33m.[39mtoBe([32m"moderator"[39m)[33m;[39m
     [90m 147 |[39m[0m

      at Object.expect (tests/admin_extensions.test.js:144:8)
      ----
      at Test._assertStatus (../node_modules/supertest/lib/test.js:309:14)
      at ../node_modules/supertest/lib/test.js:365:13
      at Test._assertFunction (../node_modules/supertest/lib/test.js:342:13)
      at Test.assert (../node_modules/supertest/lib/test.js:195:23)
      at localAssert (../node_modules/supertest/lib/test.js:138:14)
      at Server.<anonymous> (../node_modules/supertest/lib/test.js:152:11)

  ΓùÅ PATCH /api/admin/roles/:id - Update Admin Role ΓÇ║ should reject invalid admin ID

    MongoServerError: E11000 duplicate key error collection: grocery_db_test.admins index: email_1 dup key: { email: "test.admin@example.com" }

      at InsertOneOperation.execute (node_modules/mongoose/node_modules/mongodb/src/operations/insert.ts:88:13)
      at tryOperation (node_modules/mongoose/node_modules/mongodb/src/operations/execute_operation.ts:283:14)
      at executeOperation (node_modules/mongoose/node_modules/mongodb/src/operations/execute_operation.ts:115:12)
      at Collection.insertOne (node_modules/mongoose/node_modules/mongodb/src/collection.ts:286:12)

  ΓùÅ DELETE /api/admin/roles/:id - Delete Admin ΓÇ║ should allow deletion of superadmin when multiple exist

    expected 204 "No Content", got 404 "Not Found"

    [0m [90m 235 |[39m       [33m.[39m[36mdelete[39m([32m`/api/admin/roles/${testAdminId}`[39m)
     [90m 236 |[39m       [33m.[39m[36mset[39m([32m"Authorization"[39m[33m,[39m [32m`Bearer ${adminToken}`[39m)
    [31m[1m>[22m[39m[90m 237 |[39m       [33m.[39mexpect([35m204[39m)[33m;[39m
     [90m     |[39m        [31m[1m^[22m[39m
     [90m 238 |[39m
     [90m 239 |[39m     [90m// Verify database deletion[39m
     [90m 240 |[39m     [36mconst[39m deleted [33m=[39m [36mawait[39m [33mAdmin[39m[33m.[39mfindById(testAdminId)[33m;[39m[0m

      at Object.expect (tests/admin_extensions.test.js:237:8)
      ----
      at Test._assertStatus (../node_modules/supertest/lib/test.js:309:14)
      at ../node_modules/supertest/lib/test.js:365:13
      at Test._assertFunction (../node_modules/supertest/lib/test.js:342:13)
      at Test.assert (../node_modules/supertest/lib/test.js:195:23)
      at localAssert (../node_modules/supertest/lib/test.js:138:14)
      at Server.<anonymous> (../node_modules/supertest/lib/test.js:152:11)

  ΓùÅ DELETE /api/admin/roles/:id - Delete Admin ΓÇ║ should reject invalid admin ID

    MongoServerError: E11000 duplicate key error collection: grocery_db_test.admins index: email_1 dup key: { email: "test.admin@example.com" }

      at InsertOneOperation.execute (node_modules/mongoose/node_modules/mongodb/src/operations/insert.ts:88:13)
      at tryOperation (node_modules/mongoose/node_modules/mongodb/src/operations/execute_operation.ts:283:14)
      at executeOperation (node_modules/mongoose/node_modules/mongodb/src/operations/execute_operation.ts:115:12)
      at Collection.insertOne (node_modules/mongoose/node_modules/mongodb/src/collection.ts:286:12)

  ΓùÅ GET /api/admin/payouts/summary - Payout Summary ΓÇ║ should return payout summary with aggregated earnings

    expect(received).toBeGreaterThan(expected)

    Expected: > 0
    Received:   0

    [0m [90m 363 |[39m     expect(response[33m.[39mbody[33m.[39mrows)[33m.[39mtoBeDefined()[33m;[39m
     [90m 364 |[39m     expect([33mArray[39m[33m.[39misArray(response[33m.[39mbody[33m.[39mrows))[33m.[39mtoBe([36mtrue[39m)[33m;[39m
    [31m[1m>[22m[39m[90m 365 |[39m     expect(response[33m.[39mbody[33m.[39mrows[33m.[39mlength)[33m.[39mtoBeGreaterThan([35m0[39m)[33m;[39m
     [90m     |[39m                                       [31m[1m^[22m[39m
     [90m 366 |[39m
     [90m 367 |[39m     [90m// Check aggregated data structure[39m
     [90m 368 |[39m     [36mconst[39m sellerRow [33m=[39m response[33m.[39mbody[33m.[39mrows[[35m0[39m][33m;[39m[0m

      at Object.toBeGreaterThan (tests/admin_extensions.test.js:365:39)

  ΓùÅ GET /api/admin/payouts/summary - Payout Summary ΓÇ║ should filter payout summary by date range

    MongoServerError: E11000 duplicate key error collection: grocery_db_test.sellers index: email_1 dup key: { email: "seller@test.com" }

      at InsertOneOperation.execute (node_modules/mongoose/node_modules/mongodb/src/operations/insert.ts:88:13)
      at tryOperation (node_modules/mongoose/node_modules/mongodb/src/operations/execute_operation.ts:283:14)
      at executeOperation (node_modules/mongoose/node_modules/mongodb/src/operations/execute_operation.ts:115:12)
      at Collection.insertOne (node_modules/mongoose/node_modules/mongodb/src/collection.ts:286:12)

  ΓùÅ GET /api/admin/payouts/logs - Payout Logs ΓÇ║ should filter payout logs by seller_id

    MongoServerError: E11000 duplicate key error collection: grocery_db_test.sellers index: email_1 dup key: { email: "seller@test.com" }

      at InsertOneOperation.execute (node_modules/mongoose/node_modules/mongodb/src/operations/insert.ts:88:13)
      at tryOperation (node_modules/mongoose/node_modules/mongodb/src/operations/execute_operation.ts:283:14)
      at executeOperation (node_modules/mongoose/node_modules/mongodb/src/operations/execute_operation.ts:115:12)
      at Collection.insertOne (node_modules/mongoose/node_modules/mongodb/src/collection.ts:286:12)

  ΓùÅ DELETE /api/admin/sellers/:id - Cascade Delete ΓÇ║ should cascade delete seller with all related data

    expect(received).toBeGreaterThan(expected)

    Expected: > 0
    Received:   0

    [0m [90m 563 |[39m     expect(response[33m.[39mbody[33m.[39mmessage)[33m.[39mtoMatch([35m/seller deleted/i[39m)[33m;[39m
     [90m 564 |[39m     expect(response[33m.[39mbody[33m.[39mcascade)[33m.[39mtoBeDefined()[33m;[39m
    [31m[1m>[22m[39m[90m 565 |[39m     
expect(response[33m.[39mbody[33m.[39mcascade[33m.[39mproductsDeleted)[33m.[39mtoBeGreaterThan([35m0[39m)[33m;[39m
     [90m     |[39m                                                   [31m[1m^[22m[39m
     [90m 566 |[39m     expect(response[33m.[39mbody[33m.[39mcascade[33m.[39mordersDeleted)[33m.[39mtoBeGreaterThan([35m0[39m)[33m;[39m
     [90m 567 |[39m     expect(response[33m.[39mbody[33m.[39mcascade[33m.[39mearningsDeleted)[33m.[39mtoBeGreaterThan([35m0[39m)[33m;[39m
     [90m 568 |[39m     expect(response[33m.[39mbody[33m.[39mcascade[33m.[39mdeviceTokensDeleted)[33m.[39mtoBeGreaterThan([35m0[39m)[33m;[39m[0m

      at Object.toBeGreaterThan (tests/admin_extensions.test.js:565:51)

  ΓùÅ DELETE /api/admin/sellers/:id - Cascade Delete ΓÇ║ should return cascade summary with counts

    expect(received).toBe(expected) // Object.is equality

    Expected: 1
    Received: 0

    [0m [90m 585 |[39m       [33m.[39mexpect([35m200[39m)[33m;[39m
     [90m 586 |[39m
    [31m[1m>[22m[39m[90m 587 |[39m     expect(response[33m.[39mbody[33m.[39mcascade[33m.[39mproductsDeleted)[33m.[39mtoBe([35m1[39m)[33m;[39m
     [90m     |[39m                                                   [31m[1m^[22m[39m
     [90m 588 |[39m     expect(response[33m.[39mbody[33m.[39mcascade[33m.[39mordersDeleted)[33m.[39mtoBe([35m1[39m)[33m;[39m
     [90m 589 |[39m     expect(response[33m.[39mbody[33m.[39mcascade[33m.[39mearningsDeleted)[33m.[39mtoBe([35m1[39m)[33m;[39m
     [90m 590 |[39m     expect(response[33m.[39mbody[33m.[39mcascade[33m.[39mdeviceTokensDeleted)[33m.[39mtoBe([35m1[39m)[33m;[39m[0m

      at Object.toBe (tests/admin_extensions.test.js:587:51)

  ΓùÅ DELETE /api/admin/delivery-agents/:id - Cascade Delete ΓÇ║ should cascade delete agent and unassign from orders

    MongoServerError: E11000 duplicate key error collection: grocery_db_test.admins index: email_1 dup key: { email: "test.admin@example.com" }

      at InsertOneOperation.execute (node_modules/mongoose/node_modules/mongodb/src/operations/insert.ts:88:13)
      at tryOperation (node_modules/mongoose/node_modules/mongodb/src/operations/execute_operation.ts:283:14)
      at executeOperation (node_modules/mongoose/node_modules/mongodb/src/operations/execute_operation.ts:115:12)
      at Collection.insertOne (node_modules/mongoose/node_modules/mongodb/src/collection.ts:286:12)

  ΓùÅ DELETE /api/admin/delivery-agents/:id - Cascade Delete ΓÇ║ should return 404 for non-existent agent

    MongoServerError: E11000 duplicate key error collection: grocery_db_test.sellers index: email_1 dup key: { email: "seller@test.com" }

      at InsertOneOperation.execute (node_modules/mongoose/node_modules/mongodb/src/operations/insert.ts:88:13)
      at tryOperation (node_modules/mongoose/node_modules/mongodb/src/operations/execute_operation.ts:283:14)
      at executeOperation (node_modules/mongoose/node_modules/mongodb/src/operations/execute_operation.ts:115:12)
      at Collection.insertOne (node_modules/mongoose/node_modules/mongodb/src/collection.ts:286:12)

FAIL tests/seller.test.js (90.374 s)
  ΓùÅ Seller - Integration Tests ΓÇ║ GET /api/seller/products - List Seller Products ΓÇ║ should return seller's products only

    expect(received).toBe(expected) // Object.is equality

    Expected: 1
    Received: 0

    [0m [90m 162 |[39m       expect(res[33m.[39mstatus)[33m.[39mtoBe([35m200[39m)[33m;[39m
     [90m 163 |[39m       expect([33mArray[39m[33m.[39misArray(res[33m.[39mbody))[33m.[39mtoBe([36mtrue[39m)[33m;[39m
    [31m[1m>[22m[39m[90m 164 |[39m       expect(res[33m.[39mbody[33m.[39mlength)[33m.[39mtoBe([35m1[39m)[33m;[39m
     [90m     |[39m                               [31m[1m^[22m[39m
     [90m 165 |[39m       expect(res[33m.[39mbody[[35m0[39m][33m.[39mname)[33m.[39mtoBe([32m"Test Product"[39m)[33m;[39m
     [90m 166 |[39m     })[33m;[39m
     [90m 167 |[39m   })[33m;[39m[0m

      at Object.toBe (tests/seller.test.js:164:31)

  ΓùÅ Seller - Integration Tests ΓÇ║ DELETE /api/seller/products/:id - Delete Product ΓÇ║ should permanently delete product with permanent=true

    MongoServerError: E11000 duplicate key error collection: grocery_db_test.sellers index: email_1 dup key: { email: "seller@test.com" }

      at InsertOneOperation.execute (node_modules/mongoose/node_modules/mongodb/src/operations/insert.ts:88:13)
      at tryOperation (node_modules/mongoose/node_modules/mongodb/src/operations/execute_operation.ts:283:14)
      at executeOperation (node_modules/mongoose/node_modules/mongodb/src/operations/execute_operation.ts:115:12)
      at Collection.insertOne (node_modules/mongoose/node_modules/mongodb/src/collection.ts:286:12)

  ΓùÅ Seller - Integration Tests ΓÇ║ POST /api/seller/orders/accept - Accept Order ΓÇ║ should accept order successfully

    TypeError: Cannot read properties of null (reading 'delivery')

    [0m [90m 378 |[39m       [36mconst[39m updatedOrder [33m=[39m [36mawait[39m [33mOrder[39m[33m.[39mfindById(testOrder[33m.[39m_id)[33m;[39m
     [90m 379 |[39m       [90m// API sets delivery_status to "pending" when seller accepts (waiting for agent assignment)[39m
    [31m[1m>[22m[39m[90m 380 |[39m       expect(updatedOrder[33m.[39mdelivery[33m.[39mdelivery_status)[33m.[39mtoBe([32m"pending"[39m)[33m;[39m
     [90m     |[39m                           [31m[1m^[22m[39m
     [90m 381 |[39m     })[33m;[39m
     [90m 382 |[39m
     [90m 383 |[39m     test([32m"should fail with invalid order ID"[39m[33m,[39m [36masync[39m () [33m=>[39m {[0m

      at Object.delivery (tests/seller.test.js:380:27)

  ΓùÅ Seller - Integration Tests ΓÇ║ POST /api/seller/orders/reject - Reject Order ΓÇ║ should reject order with reason

    expect(received).toBe(expected) // Object.is equality

    Expected: 200
    Received: 403

    [0m [90m 714 |[39m         [33m.[39m[36mset[39m([32m"x-seller-id"[39m[33m,[39m testSeller[33m.[39m_id[33m.[39mtoString())[33m;[39m
     [90m 715 |[39m
    [31m[1m>[22m[39m[90m 716 |[39m       expect(res[33m.[39mstatus)[33m.[39mtoBe([35m200[39m)[33m;[39m
     [90m     |[39m                          [31m[1m^[22m[39m
     [90m 717 |[39m       expect(res[33m.[39mbody[33m.[39msuccess [33m||[39m res[33m.[39mbody[33m.[39mmessage)[33m.[39mtoBeDefined()[33m;[39m
     [90m 718 |[39m
     [90m 719 |[39m       [36mconst[39m updatedOrder [33m=[39m [36mawait[39m [33mOrder[39m[33m.[39mfindById(rejectTestOrder[33m.[39m_id)[33m;[39m[0m

      at Object.toBe (tests/seller.test.js:716:26)

  ΓùÅ Seller - Integration Tests ΓÇ║ GET /api/seller/:sellerId/earnings/logs - Earnings Logs ΓÇ║ should return earnings logs with pagination

    MongoServerError: E11000 duplicate key error collection: grocery_db_test.sellers index: email_1 dup key: { email: "seller@test.com" }

      at InsertOneOperation.execute (node_modules/mongoose/node_modules/mongodb/src/operations/insert.ts:88:13)
      at tryOperation (node_modules/mongoose/node_modules/mongodb/src/operations/execute_operation.ts:283:14)
      at executeOperation (node_modules/mongoose/node_modules/mongodb/src/operations/execute_operation.ts:115:12)
      at Collection.insertOne (node_modules/mongoose/node_modules/mongodb/src/collection.ts:286:12)

  ΓùÅ Seller - Integration Tests ΓÇ║ GET /api/seller/products/reviews - Product Reviews ΓÇ║ should filter reviews by product ID

    MongoServerError: E11000 duplicate key error collection: grocery_db_test.sellers index: email_1 dup key: { email: "seller@test.com" }

      at InsertOneOperation.execute (node_modules/mongoose/node_modules/mongodb/src/operations/insert.ts:88:13)
      at tryOperation (node_modules/mongoose/node_modules/mongodb/src/operations/execute_operation.ts:283:14)
      at executeOperation (node_modules/mongoose/node_modules/mongodb/src/operations/execute_operation.ts:115:12)
      at Collection.insertOne (node_modules/mongoose/node_modules/mongodb/src/collection.ts:286:12)

  ΓùÅ Seller - Integration Tests ΓÇ║ POST /api/seller/reviews/:reviewId/respond - Respond to Review ΓÇ║ should respond to review successfully

    expect(received).toBe(expected) // Object.is equality

    Expected: 200
    Received: 500

    [0m [90m 1007 |[39m         [33m.[39m[36mset[39m([32m"x-seller-id"[39m[33m,[39m testSeller[33m.[39m_id[33m.[39mtoString())[33m;[39m
     [90m 1008 |[39m
    [31m[1m>[22m[39m[90m 1009 |[39m       expect(res[33m.[39mstatus)[33m.[39mtoBe([35m200[39m)[33m;[39m
     [90m      |[39m                          [31m[1m^[22m[39m
     [90m 1010 |[39m       expect(res[33m.[39mbody[33m.[39msuccess)[33m.[39mtoBe([36mtrue[39m)[33m;[39m
     [90m 1011 |[39m       expect(res[33m.[39mbody[33m.[39mreview)[33m.[39mtoBeDefined()[33m;[39m
     [90m 1012 |[39m     })[33m;[39m[0m

      at Object.toBe (tests/seller.test.js:1009:26)

  ΓùÅ Seller - Integration Tests ΓÇ║ DELETE /api/seller/reviews/:reviewId/respond - Delete Review Response ΓÇ║ should delete review response successfully

    expect(received).toBe(expected) // Object.is equality

    Expected: 200
    Received: 500

    [0m [90m 1061 |[39m         [33m.[39m[36mset[39m([32m"x-seller-id"[39m[33m,[39m testSeller[33m.[39m_id[33m.[39mtoString())[33m;[39m
     [90m 1062 |[39m
    [31m[1m>[22m[39m[90m 1063 |[39m       expect(res[33m.[39mstatus)[33m.[39mtoBe([35m200[39m)[33m;[39m
     [90m      |[39m                          [31m[1m^[22m[39m
     [90m 1064 |[39m       expect(res[33m.[39mbody[33m.[39msuccess)[33m.[39mtoBe([36mtrue[39m)[33m;[39m
     [90m 1065 |[39m     })[33m;[39m
     [90m 1066 |[39m[0m

      at Object.toBe (tests/seller.test.js:1063:26)

  ΓùÅ Seller - Integration Tests ΓÇ║ DELETE /api/seller/reviews/:reviewId/respond - Delete Review Response ΓÇ║ should fail with non-existent review ID

    MongoServerError: E11000 duplicate key error collection: grocery_db_test.sellers index: email_1 dup key: { email: "seller@test.com" }

      at InsertOneOperation.execute (node_modules/mongoose/node_modules/mongodb/src/operations/insert.ts:88:13)
      at tryOperation (node_modules/mongoose/node_modules/mongodb/src/operations/execute_operation.ts:283:14)
      at executeOperation (node_modules/mongoose/node_modules/mongodb/src/operations/execute_operation.ts:115:12)
      at Collection.insertOne (node_modules/mongoose/node_modules/mongodb/src/collection.ts:286:12)

  ΓùÅ Seller - Integration Tests ΓÇ║ Edge Cases & Error Handling ΓÇ║ should handle delete review response for another seller's product

    expect(received).toBe(expected) // Object.is equality

    Expected: 403
    Received: 404

    [0m [90m 1471 |[39m         [33m.[39m[36mset[39m([32m"x-seller-id"[39m[33m,[39m testSeller[33m.[39m_id[33m.[39mtoString())[33m;[39m
     [90m 1472 |[39m
    [31m[1m>[22m[39m[90m 1473 |[39m       expect(res[33m.[39mstatus)[33m.[39mtoBe([35m403[39m)[33m;[39m
     [90m      |[39m                          [31m[1m^[22m[39m
     [90m 1474 |[39m     })[33m;[39m
     [90m 1475 |[39m   })[33m;[39m
     [90m 1476 |[39m[0m

      at Object.toBe (tests/seller.test.js:1473:26)

  ΓùÅ Seller - Integration Tests ΓÇ║ POST /api/seller/inventory/bulk-update - Bulk Stock Updates ΓÇ║ should reject bulk update with invalid stock values

    MongoServerError: E11000 duplicate key error collection: grocery_db_test.sellers index: email_1 dup key: { email: "seller@test.com" }

      at InsertOneOperation.execute (node_modules/mongoose/node_modules/mongodb/src/operations/insert.ts:88:13)
      at tryOperation (node_modules/mongoose/node_modules/mongodb/src/operations/execute_operation.ts:283:14)
      at executeOperation (node_modules/mongoose/node_modules/mongodb/src/operations/execute_operation.ts:115:12)
      at Collection.insertOne (node_modules/mongoose/node_modules/mongodb/src/collection.ts:286:12)

  ΓùÅ Seller - Integration Tests ΓÇ║ GET /api/seller/analytics - Advanced Analytics Aggregations ΓÇ║ should calculate category-wise sales breakdown

    MongoServerError: E11000 duplicate key error collection: grocery_db_test.sellers index: email_1 dup key: { email: "seller@test.com" }

      at InsertOneOperation.execute (node_modules/mongoose/node_modules/mongodb/src/operations/insert.ts:88:13)
      at tryOperation (node_modules/mongoose/node_modules/mongodb/src/operations/execute_operation.ts:283:14)
      at executeOperation (node_modules/mongoose/node_modules/mongodb/src/operations/execute_operation.ts:115:12)
      at Collection.insertOne (node_modules/mongoose/node_modules/mongodb/src/collection.ts:286:12)

  ΓùÅ Seller - Integration Tests ΓÇ║ Order Status Management - Extended ΓÇ║ should handle order cancellation by seller

    MongoServerError: E11000 duplicate key error collection: grocery_db_test.sellers index: email_1 dup key: { email: "seller@test.com" }

      at InsertOneOperation.execute (node_modules/mongoose/node_modules/mongodb/src/operations/insert.ts:88:13)
      at tryOperation (node_modules/mongoose/node_modules/mongodb/src/operations/execute_operation.ts:283:14)
      at executeOperation (node_modules/mongoose/node_modules/mongodb/src/operations/execute_operation.ts:115:12)
      at Collection.insertOne (node_modules/mongoose/node_modules/mongodb/src/collection.ts:286:12)

  ΓùÅ Seller - Integration Tests ΓÇ║ Delivery Agent Assignment & Availability ΓÇ║ should calculate nearest agent correctly

    TypeError: Cannot read properties of null (reading 'name')

    [0m [90m 2581 |[39m       expect(res[33m.[39mstatus)[33m.[39mtoBe([35m200[39m)[33m;[39m
     [90m 2582 |[39m       expect(res[33m.[39mbody[33m.[39mnearestAgent)[33m.[39mtoBeDefined()[33m;[39m
    [31m[1m>[22m[39m[90m 2583 |[39m       expect(res[33m.[39mbody[33m.[39mnearestAgent[33m.[39mname)[33m.[39mtoBe([32m"Agent Near Store"[39m)[33m;[39m
     [90m      |[39m                                    [31m[1m^[22m[39m
     [90m 2584 |[39m       expect(res[33m.[39mbody[33m.[39mnearestAgent[33m.[39mdistance)[33m.[39mtoBeLessThan([35m5[39m)[33m;[39m [90m// Should be < 
5km[39m
     [90m 2585 |[39m       expect(res[33m.[39mbody[33m.[39mnearestAgent[33m.[39mactiveDeliveries)[33m.[39mtoBe([35m1[39m)[33m;[39m
     [90m 2586 |[39m       expect(res[33m.[39mbody[33m.[39mnearestAgent[33m.[39mavailableCapacity)[33m.[39mtoBe([35m2[39m)[33m;[39m [90m// 3 max - 1 
active[39m[0m

      at Object.name (tests/seller.test.js:2583:36)

  ΓùÅ Seller - Integration Tests ΓÇ║ Delivery Agent Assignment & Availability ΓÇ║ should warn when no agents available (all at capacity)

    expect(received).toBe(expected) // Object.is equality

    Expected: 1
    Received: 0

    [0m [90m 2667 |[39m
     [90m 2668 |[39m       expect(res[33m.[39mstatus)[33m.[39mtoBe([35m200[39m)[33m;[39m
    [31m[1m>[22m[39m[90m 2669 |[39m       expect(res[33m.[39mbody[33m.[39mavailability[33m.[39mavailableAgents)[33m.[39mtoBe([35m1[39m)[33m;[39m 
[90m// Only agent2 has capacity[39m
     [90m      |[39m                                                     [31m[1m^[22m[39m
     [90m 2670 |[39m       expect(res[33m.[39mbody[33m.[39mavailability[33m.[39mnearbyAvailableAgents)[33m.[39mtoBe([35m0[39m)[33m;[39m [90m// Agent2 is 
far[39m
     [90m 2671 |[39m       expect(res[33m.[39mbody[33m.[39mrecommendation)[33m.[39mtoBe([32m"caution"[39m)[33m;[39m
     [90m 2672 |[39m       expect(res[33m.[39mbody[33m.[39mmessage)[33m.[39mtoContain([32m"away"[39m)[33m;[39m[0m

      at Object.toBe (tests/seller.test.js:2669:53)

  ΓùÅ Seller - Integration Tests ΓÇ║ Delivery Agent Assignment & Availability ΓÇ║ should handle agent with no location data

    expect(received).toBe(expected) // Object.is equality

    Expected: 4
    Received: 1

    [0m [90m 2698 |[39m
     [90m 2699 |[39m       expect(res[33m.[39mstatus)[33m.[39mtoBe([35m200[39m)[33m;[39m
    [31m[1m>[22m[39m[90m 2700 |[39m       expect(res[33m.[39mbody[33m.[39mavailability[33m.[39mtotalAgents)[33m.[39mtoBe([35m4[39m)[33m;[39m
     [90m      |[39m                                                 [31m[1m^[22m[39m
     [90m 2701 |[39m       [90m// Agent without location should still be counted but won't have distance[39m
     [90m 2702 |[39m     })[33m;[39m
     [90m 2703 |[39m[0m

      at Object.toBe (tests/seller.test.js:2700:49)

  ΓùÅ Seller - Integration Tests ΓÇ║ Delivery Agent Assignment & Availability ΓÇ║ should filter out offline agents from availability

    MongoServerError: E11000 duplicate key error collection: grocery_db_test.sellers index: email_1 dup key: { email: "seller@test.com" }

      at InsertOneOperation.execute (node_modules/mongoose/node_modules/mongodb/src/operations/insert.ts:88:13)
      at tryOperation (node_modules/mongoose/node_modules/mongodb/src/operations/execute_operation.ts:283:14)
      at executeOperation (node_modules/mongoose/node_modules/mongodb/src/operations/execute_operation.ts:115:12)
      at Collection.insertOne (node_modules/mongoose/node_modules/mongodb/src/collection.ts:286:12)

  ΓùÅ Seller - Integration Tests ΓÇ║ Inventory Management Advanced ΓÇ║ should check low stock products

    MongoServerError: E11000 duplicate key error collection: grocery_db_test.sellers index: email_1 dup key: { email: "seller@test.com" }

      at InsertOneOperation.execute (node_modules/mongoose/node_modules/mongodb/src/operations/insert.ts:88:13)
      at tryOperation (node_modules/mongoose/node_modules/mongodb/src/operations/execute_operation.ts:283:14)
      at executeOperation (node_modules/mongoose/node_modules/mongodb/src/operations/execute_operation.ts:115:12)
      at Collection.insertOne (node_modules/mongoose/node_modules/mongodb/src/collection.ts:286:12)

  ΓùÅ Seller - Integration Tests ΓÇ║ Inventory Advanced Operations ΓÇ║ should update product stock via PUT /inventory/:productId/stock (lines 1900-1937)

    MongoServerError: E11000 duplicate key error collection: grocery_db_test.sellers index: email_1 dup key: { email: "seller@test.com" }

      at InsertOneOperation.execute (node_modules/mongoose/node_modules/mongodb/src/operations/insert.ts:88:13)
      at tryOperation (node_modules/mongoose/node_modules/mongodb/src/operations/execute_operation.ts:283:14)
      at executeOperation (node_modules/mongoose/node_modules/mongodb/src/operations/execute_operation.ts:115:12)
      at Collection.insertOne (node_modules/mongoose/node_modules/mongodb/src/collection.ts:286:12)

  ΓùÅ Seller - Integration Tests ΓÇ║ Inventory Advanced Operations ΓÇ║ should handle product not found for stock update (lines 1900-1937)

    MongoServerError: E11000 duplicate key error collection: grocery_db_test.sellers index: email_1 dup key: { email: "seller@test.com" }

      at InsertOneOperation.execute (node_modules/mongoose/node_modules/mongodb/src/operations/insert.ts:88:13)
      at tryOperation (node_modules/mongoose/node_modules/mongodb/src/operations/execute_operation.ts:283:14)
      at executeOperation (node_modules/mongoose/node_modules/mongodb/src/operations/execute_operation.ts:115:12)
      at Collection.insertOne (node_modules/mongoose/node_modules/mongodb/src/collection.ts:286:12)

  ΓùÅ Seller - Integration Tests ΓÇ║ CSV Upload & Export Operations ΓÇ║ should reject CSV upload with empty array (lines 2021-2111)

    MongoServerError: E11000 duplicate key error collection: grocery_db_test.sellers index: email_1 dup key: { email: "seller@test.com" }

      at InsertOneOperation.execute (node_modules/mongoose/node_modules/mongodb/src/operations/insert.ts:88:13)
      at tryOperation (node_modules/mongoose/node_modules/mongodb/src/operations/execute_operation.ts:283:14)
      at executeOperation (node_modules/mongoose/node_modules/mongodb/src/operations/execute_operation.ts:115:12)
      at Collection.insertOne (node_modules/mongoose/node_modules/mongodb/src/collection.ts:286:12)

  ΓùÅ Seller - Integration Tests ΓÇ║ Error Handling & Edge Cases ΓÇ║ should handle toggle-open errors (lines 50-51)

    MongoServerError: E11000 duplicate key error collection: grocery_db_test.sellers index: email_1 dup key: { email: "seller@test.com" }

      at InsertOneOperation.execute (node_modules/mongoose/node_modules/mongodb/src/operations/insert.ts:88:13)
      at tryOperation (node_modules/mongoose/node_modules/mongodb/src/operations/execute_operation.ts:283:14)
      at executeOperation (node_modules/mongoose/node_modules/mongodb/src/operations/execute_operation.ts:115:12)
      at Collection.insertOne (node_modules/mongoose/node_modules/mongodb/src/collection.ts:286:12)

  ΓùÅ Seller - Integration Tests ΓÇ║ Error Handling & Edge Cases ΓÇ║ should handle product deletion errors (lines 179-180)

    MongoServerError: E11000 duplicate key error collection: grocery_db_test.sellers index: email_1 dup key: { email: "seller@test.com" }

      at InsertOneOperation.execute (node_modules/mongoose/node_modules/mongodb/src/operations/insert.ts:88:13)
      at tryOperation (node_modules/mongoose/node_modules/mongodb/src/operations/execute_operation.ts:283:14)
      at executeOperation (node_modules/mongoose/node_modules/mongodb/src/operations/execute_operation.ts:115:12)
      at Collection.insertOne (node_modules/mongoose/node_modules/mongodb/src/collection.ts:286:12)

  ΓùÅ Seller - Integration Tests ΓÇ║ Advanced Delivery Agent Logic ΓÇ║ should log distance information (lines 817-818)

    MongoServerError: Cannot create collection grocery_db_test.clients - database is in the process of being dropped.

      at InsertOneOperation.execute (node_modules/mongoose/node_modules/mongodb/src/operations/insert.ts:88:13)
      at tryOperation (node_modules/mongoose/node_modules/mongodb/src/operations/execute_operation.ts:283:14)
      at executeOperation (node_modules/mongoose/node_modules/mongodb/src/operations/execute_operation.ts:115:12)
      at Collection.insertOne (node_modules/mongoose/node_modules/mongodb/src/collection.ts:286:12)

  ΓùÅ Seller - Integration Tests ΓÇ║ Bulk Update Error Handling (lines 1993, 2006-2007) ΓÇ║ should handle individual product update failures (lines 1993)

    MongoServerError: E11000 duplicate key error collection: grocery_db_test.sellers index: email_1 dup key: { email: "seller@test.com" }

      at InsertOneOperation.execute (node_modules/mongoose/node_modules/mongodb/src/operations/insert.ts:88:13)
      at tryOperation (node_modules/mongoose/node_modules/mongodb/src/operations/execute_operation.ts:283:14)
      at executeOperation (node_modules/mongoose/node_modules/mongodb/src/operations/execute_operation.ts:115:12)
      at Collection.insertOne (node_modules/mongoose/node_modules/mongodb/src/collection.ts:286:12)

FAIL tests/restaurants.test.js (31.25 s)
  ΓùÅ GET /api/restaurants - List Restaurants ΓÇ║ should include product samples for each restaurant

    expect(received).toHaveLength(expected)

    Expected length: 2
    Received length: 0
    Received array:  []

    [0m [90m 161 |[39m     )[33m;[39m
     [90m 162 |[39m
    [31m[1m>[22m[39m[90m 163 |[39m     expect(pizzaRestaurant[33m.[39mproducts)[33m.[39mtoHaveLength([35m2[39m)[33m;[39m
     [90m     |[39m                                      [31m[1m^[22m[39m
     [90m 164 |[39m     expect(pizzaRestaurant[33m.[39mproducts[[35m0[39m][33m.[39mname)[33m.[39mtoBeDefined()[33m;[39m
     [90m 165 |[39m     expect(pizzaRestaurant[33m.[39mproducts[[35m0[39m][33m.[39mprice)[33m.[39mtoBeDefined()[33m;[39m
     [90m 166 |[39m     expect(pizzaRestaurant[33m.[39mproducts[[35m0[39m][33m.[39mcategory)[33m.[39mtoBe([32m"Restaurants"[39m)[33m;[39m[0m

      at Object.toHaveLength (tests/restaurants.test.js:163:38)

  ΓùÅ GET /api/restaurants - List Restaurants ΓÇ║ should calculate average rating from products

    expect(received).toBeGreaterThan(expected)

    Expected: > 0
    Received:   0

    [0m [90m 176 |[39m
     [90m 177 |[39m     expect(pizzaRestaurant)[33m.[39mtoBeDefined()[33m;[39m
    [31m[1m>[22m[39m[90m 178 |[39m     expect(pizzaRestaurant[33m.[39mproducts[33m.[39mlength)[33m.[39mtoBeGreaterThan([35m0[39m)[33m;[39m
     [90m     |[39m                                             [31m[1m^[22m[39m
     [90m 179 |[39m
     [90m 180 |[39m     [90m// Rating can be null if no products have ratings, or a number[39m
     [90m 181 |[39m     [90m// The code maps ratings: Number(p.rating) || 0, which would convert null/undefined to 0[39m[0m

      at Object.toBeGreaterThan (tests/restaurants.test.js:178:45)

  ΓùÅ GET /api/restaurants - List Restaurants ΓÇ║ should support search by cuisine

    expect(received).toHaveLength(expected)

    Expected length: 1
    Received length: 0
    Received array:  []

    [0m [90m 201 |[39m
     [90m 202 |[39m     expect(response[33m.[39mstatus)[33m.[39mtoBe([35m200[39m)[33m;[39m
    [31m[1m>[22m[39m[90m 203 |[39m     expect(response[33m.[39mbody[33m.[39mdata)[33m.[39mtoHaveLength([35m1[39m)[33m;[39m
     [90m     |[39m                                [31m[1m^[22m[39m
     [90m 204 |[39m     expect(response[33m.[39mbody[33m.[39mdata[[35m0[39m][33m.[39mcuisine)[33m.[39mtoBe([32m"Italian"[39m)[33m;[39m
     [90m 205 |[39m   })[33m;[39m
     [90m 206 |[39m[0m

      at Object.toHaveLength (tests/restaurants.test.js:203:32)

  ΓùÅ GET /api/restaurants - List Restaurants ΓÇ║ should support search by description

    expect(received).toBeGreaterThan(expected)

    Expected: > 0
    Received:   0

    [0m [90m 209 |[39m
     [90m 210 |[39m     expect(response[33m.[39mstatus)[33m.[39mtoBe([35m200[39m)[33m;[39m
    [31m[1m>[22m[39m[90m 211 |[39m     expect(response[33m.[39mbody[33m.[39mdata[33m.[39mlength)[33m.[39mtoBeGreaterThan([35m0[39m)[33m;[39m
     [90m     |[39m                                       [31m[1m^[22m[39m
     [90m 212 |[39m     [36mconst[39m burgerRestaurant [33m=[39m response[33m.[39mbody[33m.[39mdata[33m.[39mfind(
     [90m 213 |[39m       (r) [33m=>[39m r[33m.[39mname [33m===[39m [32m"Burger House"[39m
     [90m 214 |[39m     )[33m;[39m[0m

      at Object.toBeGreaterThan (tests/restaurants.test.js:211:39)

  ΓùÅ GET /api/restaurants - List Restaurants ΓÇ║ should support search by product name

    expect(received).toBeGreaterThan(expected)

    Expected: > 0
    Received:   0

    [0m [90m 220 |[39m
     [90m 221 |[39m     expect(response[33m.[39mstatus)[33m.[39mtoBe([35m200[39m)[33m;[39m
    [31m[1m>[22m[39m[90m 222 |[39m     expect(response[33m.[39mbody[33m.[39mdata[33m.[39mlength)[33m.[39mtoBeGreaterThan([35m0[39m)[33m;[39m
     [90m     |[39m                                       [31m[1m^[22m[39m
     [90m 223 |[39m     [36mconst[39m pizzaRestaurant [33m=[39m response[33m.[39mbody[33m.[39mdata[33m.[39mfind(
     [90m 224 |[39m       (r) [33m=>[39m r[33m.[39mname [33m===[39m [32m"Pizza Palace"[39m
     [90m 225 |[39m     )[33m;[39m[0m

      at Object.toBeGreaterThan (tests/restaurants.test.js:222:39)

  ΓùÅ GET /api/restaurants - List Restaurants ΓÇ║ should only include active products in samples

    expect(received).toHaveLength(expected)

    Expected length: 2
    Received length: 0
    Received array:  []

    [0m [90m 334 |[39m
     [90m 335 |[39m     [90m// Should only have 2 active products[39m
    [31m[1m>[22m[39m[90m 336 |[39m     expect(pizzaRestaurant[33m.[39mproducts)[33m.[39mtoHaveLength([35m2[39m)[33m;[39m
     [90m     |[39m                                      [31m[1m^[22m[39m
     [90m 337 |[39m     [36mconst[39m inactiveProduct [33m=[39m pizzaRestaurant[33m.[39mproducts[33m.[39mfind(
     [90m 338 |[39m       (p) [33m=>[39m p[33m.[39mname [33m===[39m [32m"Inactive Pizza"[39m
     [90m 339 |[39m     )[33m;[39m[0m

      at Object.toHaveLength (tests/restaurants.test.js:336:38)

  ΓùÅ GET /api/restaurants - List Restaurants ΓÇ║ should handle case-insensitive search

    expect(received).toBe(expected) // Object.is equality

    Expected: 1
    Received: 0

    [0m [90m 493 |[39m     expect(response2[33m.[39mstatus)[33m.[39mtoBe([35m200[39m)[33m;[39m
     [90m 494 |[39m     expect(response3[33m.[39mstatus)[33m.[39mtoBe([35m200[39m)[33m;[39m
    [31m[1m>[22m[39m[90m 495 |[39m     
expect(response1[33m.[39mbody[33m.[39mdata[33m.[39mlength)[33m.[39mtoBe(response2[33m.[39mbody[33m.[39mdata[33m.[39mlength)[33m;[39m
     [90m     |[39m                                        [31m[1m^[22m[39m
     [90m 496 |[39m     
expect(response2[33m.[39mbody[33m.[39mdata[33m.[39mlength)[33m.[39mtoBe(response3[33m.[39mbody[33m.[39mdata[33m.[39mlength)[33m;[39m
     [90m 497 |[39m   })[33m;[39m
     [90m 498 |[39m })[33m;[39m[0m

      at Object.toBe (tests/restaurants.test.js:495:40)

FAIL tests/orders_edge_cases.test.js (28.078 s)
  ΓùÅ Orders Controller - Edge Cases & Advanced Features ΓÇ║ PATCH /api/orders/:id/delivery - Status Transitions ΓÇ║ should transition to 'dispatched' and set 
delivery_start_time

    expect(received).toBe(expected) // Object.is equality

    Expected: 200
    Received: 404

    [0m [90m  98 |[39m         [33m.[39msend({ status[33m:[39m [32m"dispatched"[39m })[33m;[39m
     [90m  99 |[39m
    [31m[1m>[22m[39m[90m 100 |[39m       expect(response[33m.[39mstatus)[33m.[39mtoBe([35m200[39m)[33m;[39m
     [90m     |[39m                               [31m[1m^[22m[39m
     [90m 101 |[39m       expect(response[33m.[39mbody[33m.[39mdelivery[33m.[39mdelivery_status)[33m.[39mtoBe([32m"dispatched"[39m)[33m;[39m
     [90m 102 |[39m       expect(response[33m.[39mbody[33m.[39mdelivery[33m.[39mdelivery_start_time)[33m.[39mtoBeDefined()[33m;[39m
     [90m 103 |[39m[0m

      at Object.toBe (tests/orders_edge_cases.test.js:100:31)

  ΓùÅ Orders Controller - Edge Cases & Advanced Features ΓÇ║ PATCH /api/orders/:id/delivery - Status Transitions ΓÇ║ should calculate delivery charge on dispatch for 
grocery (30)

    MongoServerError: E11000 duplicate key error collection: grocery_db_test.sellers index: email_1 dup key: { email: "seller@test.com" }

      at InsertOneOperation.execute (node_modules/mongoose/node_modules/mongodb/src/operations/insert.ts:88:13)
      at tryOperation (node_modules/mongoose/node_modules/mongodb/src/operations/execute_operation.ts:283:14)
      at executeOperation (node_modules/mongoose/node_modules/mongodb/src/operations/execute_operation.ts:115:12)
      at Collection.insertOne (node_modules/mongoose/node_modules/mongodb/src/collection.ts:286:12)

  ΓùÅ Orders Controller - Edge Cases & Advanced Features ΓÇ║ PATCH /api/orders/:id/delivery - Status Transitions ΓÇ║ should calculate delivery charge on dispatch for 
food (40)

    MongoServerError: E11000 duplicate key error collection: grocery_db_test.sellers index: email_1 dup key: { email: "seller@test.com" }

      at InsertOneOperation.execute (node_modules/mongoose/node_modules/mongodb/src/operations/insert.ts:88:13)
      at tryOperation (node_modules/mongoose/node_modules/mongodb/src/operations/execute_operation.ts:283:14)
      at executeOperation (node_modules/mongoose/node_modules/mongodb/src/operations/execute_operation.ts:115:12)
      at Collection.insertOne (node_modules/mongoose/node_modules/mongodb/src/collection.ts:286:12)

  ΓùÅ Orders Controller - Edge Cases & Advanced Features ΓÇ║ PATCH /api/orders/:id/delivery - Status Transitions ΓÇ║ should waive delivery charge when subtotal exceeds 
threshold

    MongoServerError: Cannot create collection grocery_db_test.sellers - database is in the process of being dropped.

      at InsertOneOperation.execute (node_modules/mongoose/node_modules/mongodb/src/operations/insert.ts:88:13)
      at tryOperation (node_modules/mongoose/node_modules/mongodb/src/operations/execute_operation.ts:283:14)
      at executeOperation (node_modules/mongoose/node_modules/mongodb/src/operations/execute_operation.ts:115:12)
      at Collection.insertOne (node_modules/mongoose/node_modules/mongodb/src/collection.ts:286:12)

  ΓùÅ Orders Controller - Edge Cases & Advanced Features ΓÇ║ PATCH /api/orders/:id/delivery - Status Transitions ΓÇ║ should not recalculate delivery charge if already 
set

    TypeError: Cannot read properties of null (reading 'delivery')

    [0m [90m 194 |[39m
     [90m 195 |[39m       expect(response[33m.[39mstatus)[33m.[39mtoBe([35m200[39m)[33m;[39m
    [31m[1m>[22m[39m[90m 196 |[39m       expect(response[33m.[39mbody[33m.[39mdelivery[33m.[39mdelivery_charge)[33m.[39mtoBe([35m25[39m)[33m;[39m 
[90m// preserved[39m
     [90m     |[39m                            [31m[1m^[22m[39m
     [90m 197 |[39m     })[33m;[39m
     [90m 198 |[39m
     [90m 199 |[39m     test([32m"should transition to 'delivered' and set delivery_end_time"[39m[33m,[39m [36masync[39m () [33m=>[39m {[0m

      at Object.delivery (tests/orders_edge_cases.test.js:196:28)

  ΓùÅ Orders Controller - Edge Cases & Advanced Features ΓÇ║ PATCH /api/orders/:id/delivery - Status Transitions ΓÇ║ should transition to 'delivered' and set 
delivery_end_time

    expect(received).toBe(expected) // Object.is equality

    Expected: 200
    Received: 400

    [0m [90m 202 |[39m         [33m.[39msend({ status[33m:[39m [32m"delivered"[39m })[33m;[39m
     [90m 203 |[39m
    [31m[1m>[22m[39m[90m 204 |[39m       expect(response[33m.[39mstatus)[33m.[39mtoBe([35m200[39m)[33m;[39m
     [90m     |[39m                               [31m[1m^[22m[39m
     [90m 205 |[39m       expect(response[33m.[39mbody[33m.[39mdelivery[33m.[39mdelivery_status)[33m.[39mtoBe([32m"delivered"[39m)[33m;[39m
     [90m 206 |[39m       expect(response[33m.[39mbody[33m.[39mdelivery[33m.[39mdelivery_end_time)[33m.[39mtoBeDefined()[33m;[39m
     [90m 207 |[39m[0m

      at Object.toBe (tests/orders_edge_cases.test.js:204:31)

  ΓùÅ Orders Controller - Edge Cases & Advanced Features ΓÇ║ PATCH /api/orders/:id/delivery - Status Transitions ΓÇ║ should increment agent completed_orders on delivery

    TypeError: Cannot read properties of null (reading 'completed_orders')

    [0m [90m 228 |[39m       [90m// Verify agent updated[39m
     [90m 229 |[39m       [36mconst[39m updatedAgent [33m=[39m [36mawait[39m [33mDeliveryAgent[39m[33m.[39mfindById(agent[33m.[39m_id)[33m;[39m
    [31m[1m>[22m[39m[90m 230 |[39m       expect(updatedAgent[33m.[39mcompleted_orders)[33m.[39mtoBe([35m6[39m)[33m;[39m
     [90m     |[39m                           [31m[1m^[22m[39m
     [90m 231 |[39m       expect(updatedAgent[33m.[39mavailable)[33m.[39mtoBe([36mtrue[39m)[33m;[39m
     [90m 232 |[39m     })[33m;[39m
     [90m 233 |[39m[0m

      at Object.completed_orders (tests/orders_edge_cases.test.js:230:27)

  ΓùÅ Orders Controller - Edge Cases & Advanced Features ΓÇ║ PATCH /api/orders/:id/delivery - Status Transitions ΓÇ║ should create EarningLog entries on delivery 
(seller + agent)

    expect(received).toBe(expected) // Object.is equality

    Expected: 200
    Received: 404

    [0m [90m 242 |[39m         [33m.[39msend({ status[33m:[39m [32m"delivered"[39m })[33m;[39m
     [90m 243 |[39m
    [31m[1m>[22m[39m[90m 244 |[39m       expect(response[33m.[39mstatus)[33m.[39mtoBe([35m200[39m)[33m;[39m
     [90m     |[39m                               [31m[1m^[22m[39m
     [90m 245 |[39m
     [90m 246 |[39m       [90m// Verify seller earning log[39m
     [90m 247 |[39m       [36mconst[39m sellerLog [33m=[39m [36mawait[39m [33mEarningLog[39m[33m.[39mfindOne({[0m

      at Object.toBe (tests/orders_edge_cases.test.js:244:31)

  ΓùÅ Orders Controller - Edge Cases & Advanced Features ΓÇ║ PATCH /api/orders/:id/delivery - Status Transitions ΓÇ║ should update delivery status independently without 
ETA

    TypeError: Cannot read properties of null (reading 'delivery')

    [0m [90m 282 |[39m
     [90m 283 |[39m       [36mconst[39m updated [33m=[39m [36mawait[39m [33mOrder[39m[33m.[39mfindById(mockOrder[33m.[39m_id)[33m;[39m
    [31m[1m>[22m[39m[90m 284 |[39m       expect(updated[33m.[39mdelivery[33m.[39mdelivery_status)[33m.[39mtoBe([32m"dispatched"[39m)[33m;[39m
     [90m     |[39m                      [31m[1m^[22m[39m
     [90m 285 |[39m       expect(updated[33m.[39mdelivery[33m.[39mdelivery_start_time)[33m.[39mtoBeDefined()[33m;[39m
     [90m 286 |[39m     })[33m;[39m
     [90m 287 |[39m   })[33m;[39m[0m

      at Object.delivery (tests/orders_edge_cases.test.js:284:22)

  ΓùÅ Orders Controller - Edge Cases & Advanced Features ΓÇ║ GET /api/orders/:id/admin-detail - Admin Analytics ΓÇ║ should return admin detail with earnings breakdown

    MongoServerError: E11000 duplicate key error collection: grocery_db_test.clients index: phone_1 dup key: { phone: "+1234567890" }

      at InsertOneOperation.execute (node_modules/mongoose/node_modules/mongodb/src/operations/insert.ts:88:13)
      at tryOperation (node_modules/mongoose/node_modules/mongodb/src/operations/execute_operation.ts:283:14)
      at executeOperation (node_modules/mongoose/node_modules/mongodb/src/operations/execute_operation.ts:115:12)
      at Collection.insertOne (node_modules/mongoose/node_modules/mongodb/src/collection.ts:286:12)

  ΓùÅ Orders Controller - Edge Cases & Advanced Features ΓÇ║ GET /api/orders/:id/admin-detail - Admin Analytics ΓÇ║ should prefer EarningLog values when available 
(post-delivery)

    expect(received).toBe(expected) // Object.is equality

    Expected: 200
    Received: 404

    [0m [90m 377 |[39m       )[33m;[39m
     [90m 378 |[39m
    [31m[1m>[22m[39m[90m 379 |[39m       expect(response[33m.[39mstatus)[33m.[39mtoBe([35m200[39m)[33m;[39m
     [90m     |[39m                               [31m[1m^[22m[39m
     [90m 380 |[39m       
expect(response[33m.[39mbody[33m.[39mearnings_sellers[[35m0[39m][33m.[39mplatform_commission)[33m.[39mtoBe([35m15[39m)[33m;[39m [90m// From log, not 
computed[39m
     [90m 381 |[39m       expect(response[33m.[39mbody[33m.[39mearnings_sellers[[35m0[39m][33m.[39mnet_earning)[33m.[39mtoBe([35m85[39m)[33m;[39m
     [90m 382 |[39m     })[33m;[39m[0m

      at Object.toBe (tests/orders_edge_cases.test.js:379:31)

  ΓùÅ Orders Controller - Edge Cases & Advanced Features ΓÇ║ POST /api/orders/:orderId/cancel - Order Cancellation ΓÇ║ should cancel order successfully with reason

    MongoServerError: E11000 duplicate key error collection: grocery_db_test.clients index: phone_1 dup key: { phone: "+1234567890" }

      at InsertOneOperation.execute (node_modules/mongoose/node_modules/mongodb/src/operations/insert.ts:88:13)
      at tryOperation (node_modules/mongoose/node_modules/mongodb/src/operations/execute_operation.ts:283:14)
      at executeOperation (node_modules/mongoose/node_modules/mongodb/src/operations/execute_operation.ts:115:12)
      at Collection.insertOne (node_modules/mongoose/node_modules/mongodb/src/collection.ts:286:12)

  ΓùÅ Orders Controller - Edge Cases & Advanced Features ΓÇ║ POST /api/orders/:orderId/cancel - Order Cancellation ΓÇ║ should reject cancellation of already delivered 
order

    MongoServerError: E11000 duplicate key error collection: grocery_db_test.clients index: phone_1 dup key: { phone: "+1234567890" }

      at InsertOneOperation.execute (node_modules/mongoose/node_modules/mongodb/src/operations/insert.ts:88:13)
      at tryOperation (node_modules/mongoose/node_modules/mongodb/src/operations/execute_operation.ts:283:14)
      at executeOperation (node_modules/mongoose/node_modules/mongodb/src/operations/execute_operation.ts:115:12)
      at Collection.insertOne (node_modules/mongoose/node_modules/mongodb/src/collection.ts:286:12)

  ΓùÅ Orders Controller - Edge Cases & Advanced Features ΓÇ║ POST /api/orders/:orderId/cancel - Order Cancellation ΓÇ║ should reject cancellation of already cancelled 
order

    MongoServerError: E11000 duplicate key error collection: grocery_db_test.clients index: phone_1 dup key: { phone: "+1234567890" }

      at InsertOneOperation.execute (node_modules/mongoose/node_modules/mongodb/src/operations/insert.ts:88:13)
      at tryOperation (node_modules/mongoose/node_modules/mongodb/src/operations/execute_operation.ts:283:14)
      at executeOperation (node_modules/mongoose/node_modules/mongodb/src/operations/execute_operation.ts:115:12)
      at Collection.insertOne (node_modules/mongoose/node_modules/mongodb/src/collection.ts:286:12)

  ΓùÅ Orders Controller - Edge Cases & Advanced Features ΓÇ║ POST /api/orders/:orderId/cancel - Order Cancellation ΓÇ║ should provide default cancellation reason if not 
specified

    expect(received).toBe(expected) // Object.is equality

    Expected: 200
    Received: 404

    [0m [90m 511 |[39m         [33m.[39msend({ cancelled_by[33m:[39m mockClient[33m.[39mfirebase_uid })[33m;[39m
     [90m 512 |[39m
    [31m[1m>[22m[39m[90m 513 |[39m       expect(response[33m.[39mstatus)[33m.[39mtoBe([35m200[39m)[33m;[39m
     [90m     |[39m                               [31m[1m^[22m[39m
     [90m 514 |[39m       expect(response[33m.[39mbody[33m.[39morder[33m.[39mcancellation_reason)[33m.[39mtoBe(
     [90m 515 |[39m         [32m"No reason provided"[39m
     [90m 516 |[39m       )[33m;[39m[0m

      at Object.toBe (tests/orders_edge_cases.test.js:513:31)

  ΓùÅ Orders Controller - Edge Cases & Advanced Features ΓÇ║ POST /api/orders/:id/verify - Payment Verification ΓÇ║ should verify payment and update status to 'paid'

    TypeError: Cannot read properties of null (reading 'payment')

    [0m [90m 561 |[39m
     [90m 562 |[39m       expect(response[33m.[39mstatus)[33m.[39mtoBe([35m200[39m)[33m;[39m
    [31m[1m>[22m[39m[90m 563 |[39m       expect(response[33m.[39mbody[33m.[39mpayment[33m.[39mstatus)[33m.[39mtoBe([32m"paid"[39m)[33m;[39m
     [90m     |[39m                            [31m[1m^[22m[39m
     [90m 564 |[39m       expect(response[33m.[39mbody[33m.[39mpayment[33m.[39mverified[33m.[39mby)[33m.[39mtoBe([32m"admin123"[39m)[33m;[39m
     [90m 565 |[39m       expect(response[33m.[39mbody[33m.[39mpayment[33m.[39mverified[33m.[39mnote)[33m.[39mtoBe([32m"Payment confirmed"[39m)[33m;[39m
     [90m 566 |[39m     })[33m;[39m[0m

      at Object.payment (tests/orders_edge_cases.test.js:563:28)

  ΓùÅ Orders Controller - Edge Cases & Advanced Features ΓÇ║ POST /api/orders/:id/verify - Payment Verification ΓÇ║ should mark payment as failed when status is 'failed'

    TypeError: Cannot read properties of null (reading 'payment')

    [0m [90m 585 |[39m
     [90m 586 |[39m       expect(response[33m.[39mstatus)[33m.[39mtoBe([35m200[39m)[33m;[39m
    [31m[1m>[22m[39m[90m 587 |[39m       expect(response[33m.[39mbody[33m.[39mpayment[33m.[39mstatus)[33m.[39mtoBe([32m"failed"[39m)[33m;[39m
     [90m     |[39m                            [31m[1m^[22m[39m
     [90m 588 |[39m       expect(response[33m.[39mbody[33m.[39mpayment[33m.[39mverified[33m.[39mnote)[33m.[39mtoBe([32m"Payment rejected"[39m)[33m;[39m
     [90m 589 |[39m     })[33m;[39m
     [90m 590 |[39m   })[33m;[39m[0m

      at Object.payment (tests/orders_edge_cases.test.js:587:28)

FAIL tests/wishlist.test.js (32.058 s)
  ΓùÅ POST /api/wishlist - Add to Wishlist ΓÇ║ should allow adding multiple different products

    MongoServerError: E11000 duplicate key error collection: grocery_db_test.clients index: phone_1 dup key: { phone: "+1234567890" }

      at InsertOneOperation.execute (node_modules/mongoose/node_modules/mongodb/src/operations/insert.ts:88:13)
      at tryOperation (node_modules/mongoose/node_modules/mongodb/src/operations/execute_operation.ts:283:14)
      at executeOperation (node_modules/mongoose/node_modules/mongodb/src/operations/execute_operation.ts:115:12)
      at Collection.insertOne (node_modules/mongoose/node_modules/mongodb/src/collection.ts:286:12)

  ΓùÅ GET /api/wishlist - Get Wishlist ΓÇ║ should retrieve user's wishlist with populated products

    expect(received).toHaveLength(expected)

    Expected length: 2
    Received length: 0
    Received array:  []

    [0m [90m 238 |[39m     expect(response[33m.[39mstatus)[33m.[39mtoBe([35m200[39m)[33m;[39m
     [90m 239 |[39m     expect(response[33m.[39mbody[33m.[39msuccess)[33m.[39mtoBe([36mtrue[39m)[33m;[39m
    [31m[1m>[22m[39m[90m 240 |[39m     expect(response[33m.[39mbody[33m.[39mwishlist)[33m.[39mtoHaveLength([35m2[39m)[33m;[39m
     [90m     |[39m                                    [31m[1m^[22m[39m
     [90m 241 |[39m     expect(response[33m.[39mbody[33m.[39mpagination[33m.[39mtotal)[33m.[39mtoBe([35m2[39m)[33m;[39m
     [90m 242 |[39m
     [90m 243 |[39m     [90m// Verify product details are populated[39m[0m

      at Object.toHaveLength (tests/wishlist.test.js:240:36)

  ΓùÅ GET /api/wishlist - Get Wishlist ΓÇ║ should support pagination

    expect(received).toHaveLength(expected)

    Expected length: 2
    Received length: 1
    Received array:  [{"__v": 0, "_id": "6915a4ecd37ff39f81d7b55b", "added_at": "2025-11-13T09:29:16.440Z", "client_id": "test-client-uid-123", "product_id": {"_id": 
"6915a4ecd37ff39f81d7b555", "category": "food", "description": "Test product 3 description", "name": "Test Product 3", "price": 19.99, "seller_id": {"_id": 
"6915a4ecd37ff39f81d7b54f", "business_name": "Test Store"}, "status": "active", "stock": 25}}]

    [0m [90m 281 |[39m
     [90m 282 |[39m     expect(response[33m.[39mstatus)[33m.[39mtoBe([35m200[39m)[33m;[39m
    [31m[1m>[22m[39m[90m 283 |[39m     expect(response[33m.[39mbody[33m.[39mwishlist)[33m.[39mtoHaveLength([35m2[39m)[33m;[39m
     [90m     |[39m                                    [31m[1m^[22m[39m
     [90m 284 |[39m     expect(response[33m.[39mbody[33m.[39mpagination[33m.[39mtotal)[33m.[39mtoBe([35m3[39m)[33m;[39m
     [90m 285 |[39m     expect(response[33m.[39mbody[33m.[39mpagination[33m.[39mpage)[33m.[39mtoBe([35m1[39m)[33m;[39m
     [90m 286 |[39m     expect(response[33m.[39mbody[33m.[39mpagination[33m.[39mlimit)[33m.[39mtoBe([35m2[39m)[33m;[39m[0m

      at Object.toHaveLength (tests/wishlist.test.js:283:36)

  ΓùÅ GET /api/wishlist - Get Wishlist ΓÇ║ should reject request without authentication

    MongoServerError: E11000 duplicate key error collection: grocery_db_test.clients index: phone_1 dup key: { phone: "+1234567890" }

      at InsertOneOperation.execute (node_modules/mongoose/node_modules/mongodb/src/operations/insert.ts:88:13)
      at tryOperation (node_modules/mongoose/node_modules/mongodb/src/operations/execute_operation.ts:283:14)
      at executeOperation (node_modules/mongoose/node_modules/mongodb/src/operations/execute_operation.ts:115:12)
      at Collection.insertOne (node_modules/mongoose/node_modules/mongodb/src/collection.ts:286:12)

  ΓùÅ GET /api/wishlist - Get Wishlist ΓÇ║ should sort wishlist by added_at (newest first)

    expect(received).toHaveLength(expected)

    Expected length: 2
    Received length: 0
    Received array:  []

    [0m [90m 333 |[39m
     [90m 334 |[39m     expect(response[33m.[39mstatus)[33m.[39mtoBe([35m200[39m)[33m;[39m
    [31m[1m>[22m[39m[90m 335 |[39m     expect(response[33m.[39mbody[33m.[39mwishlist)[33m.[39mtoHaveLength([35m2[39m)[33m;[39m
     [90m     |[39m                                    [31m[1m^[22m[39m
     [90m 336 |[39m     [90m// Newest first (product2 added later)[39m
     [90m 337 |[39m     expect(response[33m.[39mbody[33m.[39mwishlist[[35m0[39m][33m.[39mproduct_id[33m.[39m_id[33m.[39mtoString())[33m.[39mtoBe(
     [90m 338 |[39m       testProduct2[33m.[39m_id[33m.[39mtoString()[0m

      at Object.toHaveLength (tests/wishlist.test.js:335:36)

  ΓùÅ GET /api/wishlist/check/:productId - Check if in Wishlist ΓÇ║ should reject check without authentication

    MongoServerError: E11000 duplicate key error collection: grocery_db_test.clients index: phone_1 dup key: { phone: "+1234567890" }

      at InsertOneOperation.execute (node_modules/mongoose/node_modules/mongodb/src/operations/insert.ts:88:13)
      at tryOperation (node_modules/mongoose/node_modules/mongodb/src/operations/execute_operation.ts:283:14)
      at executeOperation (node_modules/mongoose/node_modules/mongodb/src/operations/execute_operation.ts:115:12)
      at Collection.insertOne (node_modules/mongoose/node_modules/mongodb/src/collection.ts:286:12)

  ΓùÅ DELETE /api/wishlist - Clear Entire Wishlist ΓÇ║ should only clear wishlist for authenticated user

    expect(received).toBe(expected) // Object.is equality

    Expected: 1
    Received: 0

    [0m [90m 580 |[39m       client_id[33m:[39m [32m"other-user-uid"[39m[33m,[39m
     [90m 581 |[39m     })[33m;[39m
    [31m[1m>[22m[39m[90m 582 |[39m     expect(otherUserCount)[33m.[39mtoBe([35m1[39m)[33m;[39m
     [90m     |[39m                            [31m[1m^[22m[39m
     [90m 583 |[39m   })[33m;[39m
     [90m 584 |[39m })[33m;[39m
     [90m 585 |[39m[0m

      at Object.toBe (tests/wishlist.test.js:582:28)

FAIL tests/services/push.test.js (28.478 s)
  ΓùÅ Push Notifications Service - Comprehensive Tests ΓÇ║ Channel Selection Logic ΓÇ║ should use 'orders_alerts_v2' for offer notifications (is_offer=true)

    expect(received).toBeDefined()

    Received: undefined

    [0m [90m 345 |[39m         call[[35m0[39m][33m.[39mdata[33m.[39maudience[33m.[39mincludes([32m"agent"[39m)
     [90m 346 |[39m       )[33m;[39m
    [31m[1m>[22m[39m[90m 347 |[39m       expect(agentMessage)[33m.[39mtoBeDefined()[33m;[39m
     [90m     |[39m                            [31m[1m^[22m[39m
     [90m 348 |[39m       expect(agentMessage[[35m0[39m][33m.[39mdata[33m.[39mis_offer)[33m.[39mtoBe([32m"true"[39m)[33m;[39m
     [90m 349 |[39m     })[33m;[39m
     [90m 350 |[39m[0m

      at Object.toBeDefined (tests/services/push.test.js:347:28)

  ΓùÅ Push Notifications Service - Comprehensive Tests ΓÇ║ Advanced Scenarios ΓÇ║ should handle multi-seller orders (products from different sellers)

    expect(received).toBeGreaterThan(expected)

    Expected: > 0
    Received:   0

    [0m [90m 975 |[39m       [90m// Per-item seller notifications are sent if products found[39m
     [90m 976 |[39m       [36mconst[39m allCalls [33m=[39m mockSendEachForMulticast[33m.[39mmock[33m.[39mcalls[33m;[39m
    [31m[1m>[22m[39m[90m 977 |[39m       expect(allCalls[33m.[39mlength)[33m.[39mtoBeGreaterThan([35m0[39m)[33m;[39m
     [90m     |[39m                               [31m[1m^[22m[39m
     [90m 978 |[39m     })[33m;[39m
     [90m 979 |[39m
     [90m 980 |[39m     test([32m"should handle client_id as embedded object"[39m[33m,[39m [36masync[39m () [33m=>[39m {[0m

      at Object.toBeGreaterThan (tests/services/push.test.js:977:31)

FAIL tests/products.test.js (25.177 s)
  ΓùÅ Products - Integration Tests ΓÇ║ GET /api/products - List Products ΓÇ║ should filter products by category

    expect(received).toBe(expected) // Object.is equality

    Expected: 2
    Received: 3

    [0m [90m 90 |[39m
     [90m 91 |[39m       expect(res[33m.[39mstatus)[33m.[39mtoBe([35m200[39m)[33m;[39m
    [31m[1m>[22m[39m[90m 92 |[39m       expect(res[33m.[39mbody[33m.[39mdata[33m.[39mlength)[33m.[39mtoBe([35m2[39m)[33m;[39m
     [90m    |[39m                                    [31m[1m^[22m[39m
     [90m 93 |[39m       expect(res[33m.[39mbody[33m.[39mdata[33m.[39mevery((p) [33m=>[39m p[33m.[39mcategory [33m===[39m 
[32m"Grocery"[39m))[33m.[39mtoBe([36mtrue[39m)[33m;[39m
     [90m 94 |[39m     })[33m;[39m
     [90m 95 |[39m[0m

      at Object.toBe (tests/products.test.js:92:36)

  ΓùÅ Products - Integration Tests ΓÇ║ GET /api/products - List Products ΓÇ║ should paginate products

    expect(received).toBe(expected) // Object.is equality

    Expected: 2
    Received: 0

    [0m [90m 106 |[39m
     [90m 107 |[39m       expect(res[33m.[39mstatus)[33m.[39mtoBe([35m200[39m)[33m;[39m
    [31m[1m>[22m[39m[90m 108 |[39m       expect(res[33m.[39mbody[33m.[39mdata[33m.[39mlength)[33m.[39mtoBe([35m2[39m)[33m;[39m
     [90m     |[39m                                    [31m[1m^[22m[39m
     [90m 109 |[39m       expect(res[33m.[39mbody[33m.[39mcurrentPage [33m||[39m res[33m.[39mbody[33m.[39mpage [33m||[39m 
[35m1[39m)[33m.[39mtoBe([35m1[39m)[33m;[39m
     [90m 110 |[39m       expect(
     [90m 111 |[39m         res[33m.[39mbody[33m.[39mpageSize [33m||[39m res[33m.[39mbody[33m.[39mlimit [33m||[39m 
res[33m.[39mbody[33m.[39mdata[33m.[39mlength[0m

      at Object.toBe (tests/products.test.js:108:36)

  ΓùÅ Products - Integration Tests ΓÇ║ POST /api/products/prices - Bulk Price Check ΓÇ║ should return prices for multiple products

    expect(received).toBe(expected) // Object.is equality

    Expected: 200
    Received: 400

    [0m [90m 162 |[39m       [36mconst[39m res [33m=[39m [36mawait[39m request(app)[33m.[39mpost([32m"/api/products/prices"[39m)[33m.[39msend({ ids 
})[33m;[39m
     [90m 163 |[39m
    [31m[1m>[22m[39m[90m 164 |[39m       expect(res[33m.[39mstatus)[33m.[39mtoBe([35m200[39m)[33m;[39m
     [90m     |[39m                          [31m[1m^[22m[39m
     [90m 165 |[39m       expect([33mArray[39m[33m.[39misArray(res[33m.[39mbody))[33m.[39mtoBe([36mtrue[39m)[33m;[39m
     [90m 166 |[39m       expect(res[33m.[39mbody[33m.[39mlength)[33m.[39mtoBe([35m2[39m)[33m;[39m
     [90m 167 |[39m       expect(res[33m.[39mbody[[35m0[39m][33m.[39mprice)[33m.[39mtoBeDefined()[33m;[39m[0m

      at Object.toBe (tests/products.test.js:164:26)

  ΓùÅ Products - Integration Tests ΓÇ║ Product Ratings ΓÇ║ should calculate average rating correctly

    TypeError: Cannot read properties of null (reading 'updateOne')

    [0m [90m 213 |[39m       [36mconst[39m product [33m=[39m [36mawait[39m [33mProduct[39m[33m.[39mfindOne({ name[33m:[39m [32m"Fresh Milk"[39m 
})[33m;[39m
     [90m 214 |[39m
    [31m[1m>[22m[39m[90m 215 |[39m       [36mawait[39m product[33m.[39mupdateOne({
     [90m     |[39m                     [31m[1m^[22m[39m
     [90m 216 |[39m         $set[33m:[39m {
     [90m 217 |[39m           rating[33m:[39m [35m4.5[39m[33m,[39m
     [90m 218 |[39m           rating_count[33m:[39m [35m10[39m[33m,[39m[0m

      at Object.updateOne (tests/products.test.js:215:21)

  ΓùÅ Products - Integration Tests ΓÇ║ Seller-Specific Product Info ΓÇ║ should include seller information with products

    expect(received).toBeDefined()

    Received: undefined

    [0m [90m 241 |[39m       expect(res[33m.[39mstatus)[33m.[39mtoBe([35m200[39m)[33m;[39m
     [90m 242 |[39m       [36mconst[39m productWithSeller [33m=[39m res[33m.[39mbody[33m.[39mdata[33m.[39mfind((p) [33m=>[39m 
p[33m.[39mseller_id)[33m;[39m
    [31m[1m>[22m[39m[90m 243 |[39m       expect(productWithSeller)[33m.[39mtoBeDefined()[33m;[39m
     [90m     |[39m                                 [31m[1m^[22m[39m
     [90m 244 |[39m     })[33m;[39m
     [90m 245 |[39m
     [90m 246 |[39m     test([32m"should show restaurant cuisine type"[39m[33m,[39m [36masync[39m () [33m=>[39m {[0m

      at Object.toBeDefined (tests/products.test.js:243:33)

  ΓùÅ Products - Integration Tests ΓÇ║ POST /api/products/stock - Stock Validation ΓÇ║ should validate stock for multiple items

    expect(received).toBe(expected) // Object.is equality

    Expected: true
    Received: false

    [0m [90m 302 |[39m       expect(res[33m.[39mstatus)[33m.[39mtoBe([35m200[39m)[33m;[39m
     [90m 303 |[39m       expect(res[33m.[39mbody[33m.[39mlength)[33m.[39mtoBe([35m2[39m)[33m;[39m
    [31m[1m>[22m[39m[90m 304 |[39m       expect(res[33m.[39mbody[33m.[39mevery((item) [33m=>[39m item[33m.[39mavailable [33m===[39m 
[36mtrue[39m))[33m.[39mtoBe([36mtrue[39m)[33m;[39m
     [90m     |[39m                                                                 [31m[1m^[22m[39m
     [90m 305 |[39m     })[33m;[39m
     [90m 306 |[39m
     [90m 307 |[39m     test([32m"should handle insufficient stock"[39m[33m,[39m [36masync[39m () [33m=>[39m {[0m

      at Object.toBe (tests/products.test.js:304:65)

  ΓùÅ Products - Integration Tests ΓÇ║ POST /api/products/quote - Price Quote Generation ΓÇ║ should generate quote for single item

    TypeError: Cannot read properties of null (reading '_id')

    [0m [90m 448 |[39m         [33m.[39mpost([32m"/api/products/quote"[39m)
     [90m 449 |[39m         [33m.[39msend({
    [31m[1m>[22m[39m[90m 450 |[39m           items[33m:[39m [{ product_id[33m:[39m milk[33m.[39m_id[33m.[39mtoString()[33m,[39m qty[33m:[39m 
[35m2[39m }][33m,[39m
     [90m     |[39m                                      [31m[1m^[22m[39m
     [90m 451 |[39m         })[33m;[39m
     [90m 452 |[39m
     [90m 453 |[39m       expect(res[33m.[39mstatus)[33m.[39mtoBe([35m200[39m)[33m;[39m[0m

      at Object._id (tests/products.test.js:450:38)

  ΓùÅ Products - Integration Tests ΓÇ║ POST /api/products/quote - Price Quote Generation ΓÇ║ should reject inactive coupon

    TypeError: Cannot read properties of null (reading '_id')

    [0m [90m 518 |[39m         [33m.[39mpost([32m"/api/products/quote"[39m)
     [90m 519 |[39m         [33m.[39msend({
    [31m[1m>[22m[39m[90m 520 |[39m           items[33m:[39m [{ product_id[33m:[39m milk[33m.[39m_id[33m.[39mtoString()[33m,[39m qty[33m:[39m 
[35m2[39m }][33m,[39m
     [90m     |[39m                                      [31m[1m^[22m[39m
     [90m 521 |[39m           coupon[33m:[39m [32m"INACTIVE"[39m[33m,[39m
     [90m 522 |[39m         })[33m;[39m
     [90m 523 |[39m[0m

      at Object._id (tests/products.test.js:520:38)

  ΓùÅ Products - Integration Tests ΓÇ║ POST /api/products/quote - Price Quote Generation ΓÇ║ should enforce minimum subtotal for coupon

    expect(received).toBe(expected) // Object.is equality

    Expected: 40
    Received: 0

    [0m [90m 538 |[39m
     [90m 539 |[39m       expect(res[33m.[39mstatus)[33m.[39mtoBe([35m200[39m)[33m;[39m
    [31m[1m>[22m[39m[90m 540 |[39m       expect(res[33m.[39mbody[33m.[39msubtotal)[33m.[39mtoBe([35m40[39m)[33m;[39m
     [90m     |[39m                                 [31m[1m^[22m[39m
     [90m 541 |[39m       [36mconst[39m couponAdj [33m=[39m res[33m.[39mbody[33m.[39madjustments[33m.[39mfind((a) [33m=>[39m a[33m.[39mtype 
[33m===[39m [32m"coupon"[39m)[33m;[39m
     [90m 542 |[39m       expect(couponAdj)[33m.[39mtoBeUndefined()[33m;[39m [90m// Below minimum[39m
     [90m 543 |[39m     })[33m;[39m[0m

      at Object.toBe (tests/products.test.js:540:33)

  ΓùÅ Products - Integration Tests ΓÇ║ POST /api/products/quote - Price Quote Generation ΓÇ║ should apply category-specific coupon

    TypeError: Cannot read properties of null (reading '_id')

    [0m [90m 549 |[39m         [33m.[39mpost([32m"/api/products/quote"[39m)
     [90m 550 |[39m         [33m.[39msend({
    [31m[1m>[22m[39m[90m 551 |[39m           items[33m:[39m [{ product_id[33m:[39m milk[33m.[39m_id[33m.[39mtoString()[33m,[39m qty[33m:[39m 
[35m2[39m }][33m,[39m
     [90m     |[39m                                      [31m[1m^[22m[39m
     [90m 552 |[39m           coupon[33m:[39m [32m"GROCERY10"[39m[33m,[39m
     [90m 553 |[39m         })[33m;[39m
     [90m 554 |[39m[0m

      at Object._id (tests/products.test.js:551:38)

  ΓùÅ Products - Integration Tests ΓÇ║ POST /api/products/quote - Price Quote Generation ΓÇ║ should calculate delivery charge for food

    expect(received).toBe(expected) // Object.is equality

    Expected: 250
    Received: 0

    [0m [90m 598 |[39m
     [90m 599 |[39m       expect(res[33m.[39mstatus)[33m.[39mtoBe([35m200[39m)[33m;[39m
    [31m[1m>[22m[39m[90m 600 |[39m       expect(res[33m.[39mbody[33m.[39msubtotal)[33m.[39mtoBe([35m250[39m)[33m;[39m
     [90m     |[39m                                 [31m[1m^[22m[39m
     [90m 601 |[39m       [90m// Food items: delivery_charge_food = 40, but subtotal > 100, so 0 due to threshold[39m
     [90m 602 |[39m       expect(res[33m.[39mbody[33m.[39mdelivery_charge)[33m.[39mtoBe([35m0[39m)[33m;[39m [90m// Above min_total_for_delivery_charge[39m
     [90m 603 |[39m     })[33m;[39m[0m

      at Object.toBe (tests/products.test.js:600:33)

  ΓùÅ Products - Integration Tests ΓÇ║ POST /api/products/quote - Price Quote Generation ΓÇ║ should calculate combined delivery charge for mixed categories

    TypeError: Cannot read properties of null (reading '_id')

    [0m [90m 628 |[39m         [33m.[39msend({
     [90m 629 |[39m           items[33m:[39m [
    [31m[1m>[22m[39m[90m 630 |[39m             { product_id[33m:[39m milk[33m.[39m_id[33m.[39mtoString()[33m,[39m qty[33m:[39m [35m1[39m }[33m,[39m
     [90m     |[39m                                [31m[1m^[22m[39m
     [90m 631 |[39m             { product_id[33m:[39m biryani[33m.[39m_id[33m.[39mtoString()[33m,[39m qty[33m:[39m [35m1[39m }[33m,[39m
     [90m 632 |[39m           ][33m,[39m
     [90m 633 |[39m         })[33m;[39m[0m

      at Object._id (tests/products.test.js:630:32)

  ΓùÅ Products - Integration Tests ΓÇ║ POST /api/products/quote - Price Quote Generation ΓÇ║ should calculate grand total correctly

    TypeError: Cannot read properties of null (reading '_id')

    [0m [90m 710 |[39m         [33m.[39mpost([32m"/api/products/quote"[39m)
     [90m 711 |[39m         [33m.[39msend({
    [31m[1m>[22m[39m[90m 712 |[39m           items[33m:[39m [{ product_id[33m:[39m milk[33m.[39m_id[33m.[39mtoString()[33m,[39m qty[33m:[39m 
[35m2[39m }][33m,[39m
     [90m     |[39m                                      [31m[1m^[22m[39m
     [90m 713 |[39m           coupon[33m:[39m [32m"SAVE10"[39m[33m,[39m
     [90m 714 |[39m         })[33m;[39m
     [90m 715 |[39m[0m

      at Object._id (tests/products.test.js:712:38)

  ΓùÅ Products - Integration Tests ΓÇ║ POST /api/products/quote - Price Quote Generation ΓÇ║ should treat restaurant items as unlimited stock in quote

    TypeError: Cannot read properties of null (reading '_id')

    [0m [90m 728 |[39m         [33m.[39mpost([32m"/api/products/quote"[39m)
     [90m 729 |[39m         [33m.[39msend({
    [31m[1m>[22m[39m[90m 730 |[39m           items[33m:[39m [{ product_id[33m:[39m biryani[33m.[39m_id[33m.[39mtoString()[33m,[39m qty[33m:[39m 
[35m50[39m }][33m,[39m
     [90m     |[39m                                         [31m[1m^[22m[39m
     [90m 731 |[39m         })[33m;[39m
     [90m 732 |[39m
     [90m 733 |[39m       expect(res[33m.[39mstatus)[33m.[39mtoBe([35m200[39m)[33m;[39m[0m

      at Object._id (tests/products.test.js:730:41)

FAIL tests/cart.test.js (9.06 s)
  ΓùÅ Cart - Integration Tests ΓÇ║ GET /api/cart/:uid - Get Cart ΓÇ║ should return cart items for existing cart

    expect(received).toBe(expected) // Object.is equality

    Expected: 1
    Received: 0

    [0m [90m 89 |[39m
     [90m 90 |[39m       expect(res[33m.[39mstatus)[33m.[39mtoBe([35m200[39m)[33m;[39m
    [31m[1m>[22m[39m[90m 91 |[39m       expect(res[33m.[39mbody[33m.[39mlength)[33m.[39mtoBe([35m1[39m)[33m;[39m
     [90m    |[39m                               [31m[1m^[22m[39m
     [90m 92 |[39m       expect(res[33m.[39mbody[[35m0[39m][33m.[39mname)[33m.[39mtoBe([32m"Product 1"[39m)[33m;[39m
     [90m 93 |[39m       expect(res[33m.[39mbody[[35m0[39m][33m.[39mqty)[33m.[39mtoBe([35m2[39m)[33m;[39m
     [90m 94 |[39m     })[33m;[39m[0m

      at Object.toBe (tests/cart.test.js:91:31)

FAIL tests/middleware/couponValidation.test.js (21.833 s)
  ΓùÅ Coupon Validation Middleware - Complete Coverage ΓÇ║ Γ£à Happy Path - Valid Coupon Application ΓÇ║ should apply valid coupon with correct discount

    expect(received).toBe(expected) // Object.is equality

    Expected: 1000
    Received: 0

    [0m [90m 169 |[39m
     [90m 170 |[39m       expect(res[33m.[39mstatus)[33m.[39mtoBe([35m200[39m)[33m;[39m
    [31m[1m>[22m[39m[90m 171 |[39m       expect(res[33m.[39mbody[33m.[39msubtotal)[33m.[39mtoBe([35m1000[39m)[33m;[39m
     [90m     |[39m                                 [31m[1m^[22m[39m
     [90m 172 |[39m
     [90m 173 |[39m       [36mconst[39m couponAdj [33m=[39m res[33m.[39mbody[33m.[39madjustments[33m?[39m[33m.[39mfind(
     [90m 174 |[39m         (adj) [33m=>[39m adj[33m.[39mtype [33m===[39m [32m"coupon"[39m[0m

      at Object.toBe (tests/middleware/couponValidation.test.js:171:33)

  ΓùÅ Coupon Validation Middleware - Complete Coverage ΓÇ║ Γ£à Happy Path - Valid Coupon Application ΓÇ║ should handle case-insensitive coupon codes

    expect(received).toBeDefined()

    Received: undefined

    [0m [90m 193 |[39m         (adj) [33m=>[39m adj[33m.[39mtype [33m===[39m [32m"coupon"[39m
     [90m 194 |[39m       )[33m;[39m
    [31m[1m>[22m[39m[90m 195 |[39m       expect(couponAdj)[33m.[39mtoBeDefined()[33m;[39m
     [90m     |[39m                         [31m[1m^[22m[39m
     [90m 196 |[39m       expect(couponAdj[33m.[39mcode)[33m.[39mtoBe([32m"VALID20"[39m)[33m;[39m
     [90m 197 |[39m     })[33m;[39m
     [90m 198 |[39m[0m

      at Object.toBeDefined (tests/middleware/couponValidation.test.js:195:25)

  ΓùÅ Coupon Validation Middleware - Complete Coverage ΓÇ║ Γ¥î Error Handling - Invalid Coupons ΓÇ║ should reject coupon that hasn't started yet

    MongoServerError: E11000 duplicate key error collection: grocery_db_test.clients index: phone_1 dup key: { phone: "9876543211" }

      at InsertOneOperation.execute (node_modules/mongoose/node_modules/mongodb/src/operations/insert.ts:88:13)
      at tryOperation (node_modules/mongoose/node_modules/mongodb/src/operations/execute_operation.ts:283:14)
      at executeOperation (node_modules/mongoose/node_modules/mongodb/src/operations/execute_operation.ts:115:12)
      at Collection.insertOne (node_modules/mongoose/node_modules/mongodb/src/collection.ts:286:12)

  ΓùÅ Coupon Validation Middleware - Complete Coverage ΓÇ║ ∩┐╜∩┐╜ Business Rules - Minimum Subtotal ΓÇ║ should apply coupon when minimum subtotal is met

    expect(received).toBeDefined()

    Received: undefined

    [0m [90m 310 |[39m         (adj) [33m=>[39m adj[33m.[39mtype [33m===[39m [32m"coupon"[39m
     [90m 311 |[39m       )[33m;[39m
    [31m[1m>[22m[39m[90m 312 |[39m       expect(couponAdj)[33m.[39mtoBeDefined()[33m;[39m [90m// Should apply (500 >= 200)[39m
     [90m     |[39m                         [31m[1m^[22m[39m
     [90m 313 |[39m     })[33m;[39m
     [90m 314 |[39m
     [90m 315 |[39m     test([32m"should NOT apply coupon when minimum subtotal is not met"[39m[33m,[39m [36masync[39m () [33m=>[39m {[0m

      at Object.toBeDefined (tests/middleware/couponValidation.test.js:312:25)

  ΓùÅ Coupon Validation Middleware - Complete Coverage ΓÇ║ ΓÜá∩╕Å Edge Cases ΓÇ║ should handle empty coupon string

    MongoServerError: E11000 duplicate key error collection: grocery_db_test.clients index: phone_1 dup key: { phone: "9876543211" }

      at InsertOneOperation.execute (node_modules/mongoose/node_modules/mongodb/src/operations/insert.ts:88:13)
      at tryOperation (node_modules/mongoose/node_modules/mongodb/src/operations/execute_operation.ts:283:14)
      at executeOperation (node_modules/mongoose/node_modules/mongodb/src/operations/execute_operation.ts:115:12)
      at Collection.insertOne (node_modules/mongoose/node_modules/mongodb/src/collection.ts:286:12)

  ΓùÅ Coupon Validation Middleware - Complete Coverage ΓÇ║ ΓÜá∩╕Å Edge Cases ΓÇ║ should handle whitespace in coupon code

    expect(received).toBeDefined()

    Received: undefined

    [0m [90m 423 |[39m         (adj) [33m=>[39m adj[33m.[39mtype [33m===[39m [32m"coupon"[39m
     [90m 424 |[39m       )[33m;[39m
    [31m[1m>[22m[39m[90m 425 |[39m       expect(couponAdj)[33m.[39mtoBeDefined()[33m;[39m [90m// Should trim and work[39m
     [90m     |[39m                         [31m[1m^[22m[39m
     [90m 426 |[39m     })[33m;[39m
     [90m 427 |[39m
     [90m 428 |[39m     test([32m"should handle null coupon"[39m[33m,[39m [36masync[39m () [33m=>[39m {[0m

      at Object.toBeDefined (tests/middleware/couponValidation.test.js:425:25)

  ΓùÅ Coupon Validation Middleware - Complete Coverage ΓÇ║ ∩┐╜∩┐╜ Security Tests ΓÇ║ should handle extremely long coupon codes

    MongoServerError: E11000 duplicate key error collection: grocery_db_test.clients index: phone_1 dup key: { phone: "9876543211" }

      at InsertOneOperation.execute (node_modules/mongoose/node_modules/mongodb/src/operations/insert.ts:88:13)
      at tryOperation (node_modules/mongoose/node_modules/mongodb/src/operations/execute_operation.ts:283:14)
      at executeOperation (node_modules/mongoose/node_modules/mongodb/src/operations/execute_operation.ts:115:12)
      at Collection.insertOne (node_modules/mongoose/node_modules/mongodb/src/collection.ts:286:12)

FAIL tests/coupons.test.js (7.371 s)
  ΓùÅ Coupons - Integration Tests ΓÇ║ Coupon Application via Quote Endpoint ΓÇ║ should reject expired coupon

    expect(received).toBe(expected) // Object.is equality

    Expected: 1000
    Received: 0

    [0m [90m 157 |[39m       )[33m;[39m
     [90m 158 |[39m       expect(couponAdjustment)[33m.[39mtoBeUndefined()[33m;[39m
    [31m[1m>[22m[39m[90m 159 |[39m       expect(res[33m.[39mbody[33m.[39msubtotal)[33m.[39mtoBe([35m1000[39m)[33m;[39m
     [90m     |[39m                                 [31m[1m^[22m[39m
     [90m 160 |[39m     })[33m;[39m
     [90m 161 |[39m
     [90m 162 |[39m     test([32m"should apply coupon only when min subtotal is met"[39m[33m,[39m [36masync[39m () [33m=>[39m {[0m

      at Object.toBe (tests/coupons.test.js:159:33)

  ΓùÅ Coupons - Integration Tests ΓÇ║ Coupon Application via Quote Endpoint ΓÇ║ should apply coupon only when min subtotal is met

    expect(received).toBe(expected) // Object.is equality

    Expected: 500
    Received: 0

    [0m [90m 176 |[39m
     [90m 177 |[39m       expect(res[33m.[39mstatus)[33m.[39mtoBe([35m200[39m)[33m;[39m
    [31m[1m>[22m[39m[90m 178 |[39m       expect(res[33m.[39mbody[33m.[39msubtotal)[33m.[39mtoBe([35m500[39m)[33m;[39m
     [90m     |[39m                                 [31m[1m^[22m[39m
     [90m 179 |[39m
     [90m 180 |[39m       [90m// Coupon SHOULD apply (minSubtotal = 200, cart = 500)[39m
     [90m 181 |[39m       [36mconst[39m couponAdjustment [33m=[39m res[33m.[39mbody[33m.[39madjustments[33m?[39m[33m.[39mfind([0m

      at Object.toBe (tests/coupons.test.js:178:33)

  ΓùÅ Coupons - Integration Tests ΓÇ║ Coupon Application via Quote Endpoint ΓÇ║ should apply category-specific coupon

    expect(received).toBeDefined()

    Received: undefined

    [0m [90m 232 |[39m         (adj) [33m=>[39m adj[33m.[39mtype [33m===[39m [32m"coupon"[39m
     [90m 233 |[39m       )[33m;[39m
    [31m[1m>[22m[39m[90m 234 |[39m       expect(couponAdjustment)[33m.[39mtoBeDefined()[33m;[39m
     [90m     |[39m                                [31m[1m^[22m[39m
     [90m 235 |[39m       expect(couponAdjustment[33m.[39mcode)[33m.[39mtoBe([32m"GROCERY15"[39m)[33m;[39m
     [90m 236 |[39m       expect(couponAdjustment[33m.[39mamount)[33m.[39mtoBe([33m-[39m[35m150[39m)[33m;[39m [90m// 15% of 1000[39m
     [90m 237 |[39m       expect(couponAdjustment[33m.[39mcategories)[33m.[39mtoContain([32m"grocery"[39m)[33m;[39m[0m

      at Object.toBeDefined (tests/coupons.test.js:234:32)

  ΓùÅ Coupons - Integration Tests ΓÇ║ Coupon Application via Quote Endpoint ΓÇ║ should handle case-insensitive coupon codes

    expect(received).toBeDefined()

    Received: undefined

    [0m [90m 258 |[39m         (adj) [33m=>[39m adj[33m.[39mtype [33m===[39m [32m"coupon"[39m
     [90m 259 |[39m       )[33m;[39m
    [31m[1m>[22m[39m[90m 260 |[39m       expect(couponAdjustment)[33m.[39mtoBeDefined()[33m;[39m
     [90m     |[39m                                [31m[1m^[22m[39m
     [90m 261 |[39m       expect(couponAdjustment[33m.[39mcode)[33m.[39mtoBe([32m"SAVE20"[39m)[33m;[39m
     [90m 262 |[39m     })[33m;[39m
     [90m 263 |[39m   })[33m;[39m[0m

      at Object.toBeDefined (tests/coupons.test.js:260:32)

  ΓùÅ Coupons - Integration Tests ΓÇ║ Admin Coupon Management ΓÇ║ should list all coupons

    expect(received).toBeGreaterThan(expected)

    Expected: > 0
    Received:   0

    [0m [90m 269 |[39m       [36mconst[39m settings [33m=[39m [36mawait[39m [33mPlatformSettings[39m[33m.[39mfindOne({})[33m;[39m
     [90m 270 |[39m       expect(settings[33m.[39mcoupons)[33m.[39mtoBeDefined()[33m;[39m
    [31m[1m>[22m[39m[90m 271 |[39m       expect(settings[33m.[39mcoupons[33m.[39mlength)[33m.[39mtoBeGreaterThan([35m0[39m)[33m;[39m
     [90m     |[39m                                       [31m[1m^[22m[39m
     [90m 272 |[39m     })[33m;[39m
     [90m 273 |[39m   })[33m;[39m
     [90m 274 |[39m })[33m;[39m[0m

      at Object.toBeGreaterThan (tests/coupons.test.js:271:39)

FAIL tests/delivery.test.js (23.388 s)
  ΓùÅ Delivery System - Integration Tests ΓÇ║ Agent Assignment Logic ΓÇ║ should assign nearest available agent to order

    expect(received).toBe(expected) // Object.is equality

    Expected: 201
    Received: 400

    [0m [90m 125 |[39m         [33m.[39m[36mset[39m([32m"Authorization"[39m[33m,[39m [32m`Bearer mock_token_${testClient.firebase_uid}`[39m)[33m;[39m
     [90m 126 |[39m
    [31m[1m>[22m[39m[90m 127 |[39m       expect(res[33m.[39mstatus)[33m.[39mtoBe([35m201[39m)[33m;[39m
     [90m     |[39m                          [31m[1m^[22m[39m
     [90m 128 |[39m       expect(res[33m.[39mbody[33m.[39morder_id)[33m.[39mtoBeDefined()[33m;[39m
     [90m 129 |[39m
     [90m 130 |[39m       [36mconst[39m order [33m=[39m [36mawait[39m [33mOrder[39m[33m.[39mfindById(res[33m.[39mbody[33m.[39morder_id)[33m;[39m[0m

      at Object.toBe (tests/delivery.test.js:127:26)

  ΓùÅ Delivery System - Integration Tests ΓÇ║ Agent Assignment Logic ΓÇ║ should not assign agent who is already on delivery

    expect(received).toBe(expected) // Object.is equality

    Expected: 201
    Received: 400

    [0m [90m 193 |[39m         [33m.[39m[36mset[39m([32m"Authorization"[39m[33m,[39m [32m`Bearer mock_token_${testClient.firebase_uid}`[39m)[33m;[39m
     [90m 194 |[39m
    [31m[1m>[22m[39m[90m 195 |[39m       expect(res[33m.[39mstatus)[33m.[39mtoBe([35m201[39m)[33m;[39m
     [90m     |[39m                          [31m[1m^[22m[39m
     [90m 196 |[39m       [36mconst[39m order [33m=[39m [36mawait[39m [33mOrder[39m[33m.[39mfindById(res[33m.[39mbody[33m.[39morder_id)[33m;[39m
     [90m 197 |[39m
     [90m 198 |[39m       [90m// Agent assignment may be async - verify order created successfully[39m[0m

      at Object.toBe (tests/delivery.test.js:195:26)

  ΓùÅ Delivery System - Integration Tests ΓÇ║ Agent Assignment Logic ΓÇ║ should fail if no agents available within radius

    MongoServerError: E11000 duplicate key error collection: grocery_db_test.clients index: phone_1 dup key: { phone: "9876543211" }

      at InsertOneOperation.execute (node_modules/mongoose/node_modules/mongodb/src/operations/insert.ts:88:13)
      at tryOperation (node_modules/mongoose/node_modules/mongodb/src/operations/execute_operation.ts:283:14)
      at executeOperation (node_modules/mongoose/node_modules/mongodb/src/operations/execute_operation.ts:115:12)
      at Collection.insertOne (node_modules/mongoose/node_modules/mongodb/src/collection.ts:286:12)

  ΓùÅ Delivery System - Integration Tests ΓÇ║ Agent Order Management ΓÇ║ agent should be able to accept assigned order

    expect(received).toBe(expected) // Object.is equality

    Expected: 200
    Received: 500

    [0m [90m 277 |[39m       })[33m;[39m
     [90m 278 |[39m
    [31m[1m>[22m[39m[90m 279 |[39m       expect(res[33m.[39mstatus)[33m.[39mtoBe([35m200[39m)[33m;[39m
     [90m     |[39m                          [31m[1m^[22m[39m
     [90m 280 |[39m       expect(res[33m.[39mbody[33m.[39mmessage)[33m.[39mtoMatch([35m/accepted/i[39m)[33m;[39m
     [90m 281 |[39m
     [90m 282 |[39m       [36mconst[39m updatedOrder [33m=[39m [36mawait[39m [33mOrder[39m[33m.[39mfindById(testOrder[33m.[39m_id)[33m;[39m[0m

      at Object.toBe (tests/delivery.test.js:279:26)

  ΓùÅ Delivery System - Integration Tests ΓÇ║ Agent Order Management ΓÇ║ agent should be able to reject order

    MongoServerError: Cannot create collection grocery_db_test.orders - database is in the process of being dropped.

      at InsertOneOperation.execute (node_modules/mongoose/node_modules/mongodb/src/operations/insert.ts:88:13)
      at tryOperation (node_modules/mongoose/node_modules/mongodb/src/operations/execute_operation.ts:283:14)
      at executeOperation (node_modules/mongoose/node_modules/mongodb/src/operations/execute_operation.ts:115:12)
      at Collection.insertOne (node_modules/mongoose/node_modules/mongodb/src/collection.ts:286:12)

  ΓùÅ Delivery System - Integration Tests ΓÇ║ Agent Earnings ΓÇ║ agent earnings should update after delivery completion

    MongoServerError: E11000 duplicate key error collection: grocery_db_test.clients index: phone_1 dup key: { phone: "9876543211" }

      at InsertOneOperation.execute (node_modules/mongoose/node_modules/mongodb/src/operations/insert.ts:88:13)
      at tryOperation (node_modules/mongoose/node_modules/mongodb/src/operations/execute_operation.ts:283:14)
      at executeOperation (node_modules/mongoose/node_modules/mongodb/src/operations/execute_operation.ts:115:12)
      at Collection.insertOne (node_modules/mongoose/node_modules/mongodb/src/collection.ts:286:12)

  ΓùÅ Delivery System - Integration Tests ΓÇ║ Agent Availability ΓÇ║ unavailable agent should not receive new assignments

    expect(received).toBe(expected) // Object.is equality

    Expected: 201
    Received: 400

    [0m [90m 612 |[39m
     [90m 613 |[39m       [90m// API creates order with "pending" status when no agents available[39m
    [31m[1m>[22m[39m[90m 614 |[39m       expect(res[33m.[39mstatus)[33m.[39mtoBe([35m201[39m)[33m;[39m
     [90m     |[39m                          [31m[1m^[22m[39m
     [90m 615 |[39m       [36mconst[39m order [33m=[39m [36mawait[39m [33mOrder[39m[33m.[39mfindById(res[33m.[39mbody[33m.[39morder_id)[33m;[39m
     [90m 616 |[39m       expect(order[33m.[39mdelivery[33m.[39mdelivery_status)[33m.[39mtoBe([32m"pending"[39m)[33m;[39m
     [90m 617 |[39m       expect(order[33m.[39mdelivery_agent_id)[33m.[39mtoBeUndefined()[33m;[39m[0m

      at Object.toBe (tests/delivery.test.js:614:26)

  ΓùÅ Delivery System - Integration Tests ΓÇ║ Agent Load Balancing ΓÇ║ should prefer agent with fewer assigned orders

    expect(received).toBe(expected) // Object.is equality

    Expected: 201
    Received: 400

    [0m [90m 1017 |[39m         [33m.[39m[36mset[39m([32m"Authorization"[39m[33m,[39m [32m`Bearer mock_token_${testClient.firebase_uid}`[39m)[33m;[39m
     [90m 1018 |[39m
    [31m[1m>[22m[39m[90m 1019 |[39m       expect(res[33m.[39mstatus)[33m.[39mtoBe([35m201[39m)[33m;[39m
     [90m      |[39m                          [31m[1m^[22m[39m
     [90m 1020 |[39m
     [90m 1021 |[39m       [36mconst[39m order [33m=[39m [36mawait[39m [33mOrder[39m[33m.[39mfindById(res[33m.[39mbody[33m.[39morder_id)[33m;[39m
     [90m 1022 |[39m       [90m// Agent 2 should be preferred (fewer assigned_orders)[39m[0m

      at Object.toBe (tests/delivery.test.js:1019:26)

  ΓùÅ Delivery System - Integration Tests ΓÇ║ Agent Load Balancing ΓÇ║ should not assign multiple concurrent orders to single agent

    expect(received).toBe(expected) // Object.is equality

    Expected: 201
    Received: 400

    [0m [90m 1087 |[39m         [33m.[39m[36mset[39m([32m"Authorization"[39m[33m,[39m [32m`Bearer mock_token_${testClient.firebase_uid}`[39m)[33m;[39m
     [90m 1088 |[39m
    [31m[1m>[22m[39m[90m 1089 |[39m       expect(res[33m.[39mstatus)[33m.[39mtoBe([35m201[39m)[33m;[39m
     [90m      |[39m                          [31m[1m^[22m[39m
     [90m 1090 |[39m
     [90m 1091 |[39m       [36mconst[39m order [33m=[39m [36mawait[39m [33mOrder[39m[33m.[39mfindById(res[33m.[39mbody[33m.[39morder_id)[33m;[39m
     [90m 1092 |[39m       [90m// Should assign to agent2 (agent1 busy)[39m[0m

      at Object.toBe (tests/delivery.test.js:1089:26)

FAIL tests/integration/end-to-end-order.test.js (7.384 s)
  ΓùÅ End-to-End Order Flow - Integration Tests ΓÇ║ Complete Order Lifecycle - Happy Path ΓÇ║ should complete full order flow from creation to delivery

    expect(received).toBe(expected) // Object.is equality

    Expected: 201
    Received: 400

    [0m [90m 140 |[39m         [33m.[39m[36mset[39m([32m"Authorization"[39m[33m,[39m [32m`Bearer mock_token_${testClient.firebase_uid}`[39m)[33m;[39m
     [90m 141 |[39m
    [31m[1m>[22m[39m[90m 142 |[39m       expect(createRes[33m.[39mstatus)[33m.[39mtoBe([35m201[39m)[33m;[39m
     [90m     |[39m                                [31m[1m^[22m[39m
     [90m 143 |[39m       [90m// The API returns payment response with order_id[39m
     [90m 144 |[39m       expect(createRes[33m.[39mbody[33m.[39morder_id)[33m.[39mtoBeDefined()[33m;[39m
     [90m 145 |[39m       expect(createRes[33m.[39mbody[33m.[39mdiscount)[33m.[39mtoBe([35m100[39m)[33m;[39m [90m// 10% of 1000[39m[0m

      at Object.toBe (tests/integration/end-to-end-order.test.js:142:32)

  ΓùÅ End-to-End Order Flow - Integration Tests ΓÇ║ Multi-Seller Order Flow ΓÇ║ should handle order with products from multiple sellers

    expect(received).toBe(expected) // Object.is equality

    Expected: 201
    Received: 400

    [0m [90m 311 |[39m         [33m.[39m[36mset[39m([32m"Authorization"[39m[33m,[39m [32m`Bearer mock_token_${testClient.firebase_uid}`[39m)[33m;[39m
     [90m 312 |[39m
    [31m[1m>[22m[39m[90m 313 |[39m       expect(res[33m.[39mstatus)[33m.[39mtoBe([35m201[39m)[33m;[39m
     [90m     |[39m                          [31m[1m^[22m[39m
     [90m 314 |[39m       expect(res[33m.[39mbody[33m.[39morder_id)[33m.[39mtoBeDefined()[33m;[39m
     [90m 315 |[39m
     [90m 316 |[39m       [90m// Since both products are "Grocery" category, they should be in ONE order[39m[0m

      at Object.toBe (tests/integration/end-to-end-order.test.js:313:26)

  ΓùÅ End-to-End Order Flow - Integration Tests ΓÇ║ Order Rejection & Retry Flow ΓÇ║ should handle agent rejection and reassignment

    expect(received).toBe(expected) // Object.is equality

    Expected: 200
    Received: 404

    [0m [90m 355 |[39m         [33m.[39msend({ status[33m:[39m [32m"paid"[39m[33m,[39m verified_by[33m:[39m [32m"test-admin"[39m })[33m;[39m
     [90m 356 |[39m
    [31m[1m>[22m[39m[90m 357 |[39m       expect(paymentRes[33m.[39mstatus)[33m.[39mtoBe([35m200[39m)[33m;[39m
     [90m     |[39m                                 [31m[1m^[22m[39m
     [90m 358 |[39m
     [90m 359 |[39m       [90m// Get assigned agent[39m
     [90m 360 |[39m       [36mconst[39m orderBeforeReject [33m=[39m [36mawait[39m [33mOrder[39m[33m.[39mfindById(orderId)[33m;[39m[0m

      at Object.toBe (tests/integration/end-to-end-order.test.js:357:33)

  ΓùÅ End-to-End Order Flow - Integration Tests ΓÇ║ Stock Management During Order Flow ΓÇ║ should handle concurrent orders for limited stock

    expect(received).toBe(expected) // Object.is equality

    Expected: 3
    Received: 0

    [0m [90m 476 |[39m
     [90m 477 |[39m       [90m// All 3 orders currently succeed (stock validation exists but no deduction/locking)[39m
    [31m[1m>[22m[39m[90m 478 |[39m       expect(successfulOrders[33m.[39mlength)[33m.[39mtoBe([35m3[39m)[33m;[39m
     [90m     |[39m                                       [31m[1m^[22m[39m
     [90m 479 |[39m
     [90m 480 |[39m       [90m// Future improvement: implement proper stock reservation/deduction[39m
     [90m 481 |[39m       [90m// Then this test should expect at least 1 failure when stock runs out[39m[0m

      at Object.toBe (tests/integration/end-to-end-order.test.js:478:39)

FAIL tests/admin.test.js (168.091 s)
  ΓùÅ POST /api/admin/login - Admin Login ΓÇ║ should handle login with bcrypt hashed password (normal case)

    expected 200 "OK", got 401 "Unauthorized"

    [0m [90m 170 |[39m         password[33m:[39m [32m"normalpass123"[39m[33m,[39m
     [90m 171 |[39m       })
    [31m[1m>[22m[39m[90m 172 |[39m       [33m.[39mexpect([35m200[39m)[33m;[39m
     [90m     |[39m        [31m[1m^[22m[39m
     [90m 173 |[39m
     [90m 174 |[39m     expect(response[33m.[39mbody[33m.[39msuccess)[33m.[39mtoBe([36mtrue[39m)[33m;[39m
     [90m 175 |[39m     expect(response[33m.[39mbody[33m.[39mtoken)[33m.[39mtoBeDefined()[33m;[39m[0m

      at Object.expect (tests/admin.test.js:172:8)
      ----
      at Test._assertStatus (../node_modules/supertest/lib/test.js:309:14)
      at ../node_modules/supertest/lib/test.js:365:13
      at Test._assertFunction (../node_modules/supertest/lib/test.js:342:13)
      at Test.assert (../node_modules/supertest/lib/test.js:195:23)
      at localAssert (../node_modules/supertest/lib/test.js:138:14)
      at Server.<anonymous> (../node_modules/supertest/lib/test.js:152:11)

  ΓùÅ PUT /api/admin/change-password - Password Change ΓÇ║ should change password successfully with valid current password

    expected 200 "OK", got 500 "Internal Server Error"

    [0m [90m 192 |[39m         newPassword[33m:[39m [32m"newpassword789"[39m[33m,[39m
     [90m 193 |[39m       })
    [31m[1m>[22m[39m[90m 194 |[39m       [33m.[39mexpect([35m200[39m)[33m;[39m
     [90m     |[39m        [31m[1m^[22m[39m
     [90m 195 |[39m
     [90m 196 |[39m     expect(response[33m.[39mbody[33m.[39msuccess)[33m.[39mtoBe([36mtrue[39m)[33m;[39m
     [90m 197 |[39m     expect(response[33m.[39mbody[33m.[39mmessage)[33m.[39mtoBe([32m"Password changed successfully"[39m)[33m;[39m[0m

      at Object.expect (tests/admin.test.js:194:8)
      ----
      at Test._assertStatus (../node_modules/supertest/lib/test.js:309:14)
      at ../node_modules/supertest/lib/test.js:365:13
      at Test._assertFunction (../node_modules/supertest/lib/test.js:342:13)
      at Test.assert (../node_modules/supertest/lib/test.js:195:23)
      at localAssert (../node_modules/supertest/lib/test.js:138:14)
      at Server.<anonymous> (../node_modules/supertest/lib/test.js:152:11)

  ΓùÅ GET /api/admin/clients - Client Management ΓÇ║ should list all clients with pagination

    expect(received).toBe(expected) // Object.is equality

    Expected: 3
    Received: 0

    [0m [90m 490 |[39m       [33m.[39mexpect([35m200[39m)[33m;[39m
     [90m 491 |[39m
    [31m[1m>[22m[39m[90m 492 |[39m     expect(response[33m.[39mbody[33m.[39mtotal)[33m.[39mtoBe([35m3[39m)[33m;[39m
     [90m     |[39m                                 [31m[1m^[22m[39m
     [90m 493 |[39m     expect(response[33m.[39mbody[33m.[39mrows)[33m.[39mtoHaveLength([35m3[39m)[33m;[39m
     [90m 494 |[39m     expect(response[33m.[39mbody[33m.[39mpage)[33m.[39mtoBe([35m1[39m)[33m;[39m
     [90m 495 |[39m     expect(response[33m.[39mbody[33m.[39mlimit)[33m.[39mtoBe([35m20[39m)[33m;[39m[0m

      at Object.toBe (tests/admin.test.js:492:33)

  ΓùÅ GET /api/admin/clients - Client Management ΓÇ║ should support pagination parameters

    expect(received).toBe(expected) // Object.is equality

    Expected: 3
    Received: 4

    [0m [90m 505 |[39m       [33m.[39mexpect([35m200[39m)[33m;[39m
     [90m 506 |[39m
    [31m[1m>[22m[39m[90m 507 |[39m     expect(response[33m.[39mbody[33m.[39mtotal)[33m.[39mtoBe([35m3[39m)[33m;[39m
     [90m     |[39m                                 [31m[1m^[22m[39m
     [90m 508 |[39m     expect(response[33m.[39mbody[33m.[39mrows)[33m.[39mtoHaveLength([35m2[39m)[33m;[39m
     [90m 509 |[39m     expect(response[33m.[39mbody[33m.[39mpage)[33m.[39mtoBe([35m1[39m)[33m;[39m
     [90m 510 |[39m     expect(response[33m.[39mbody[33m.[39mlimit)[33m.[39mtoBe([35m2[39m)[33m;[39m[0m

      at Object.toBe (tests/admin.test.js:507:33)

  ΓùÅ GET /api/admin/clients - Client Management ΓÇ║ should search clients by phone

    expect(received).toBe(expected) // Object.is equality

    Expected: 1
    Received: 2

    [0m [90m 527 |[39m       [33m.[39mexpect([35m200[39m)[33m;[39m
     [90m 528 |[39m
    [31m[1m>[22m[39m[90m 529 |[39m     expect(response[33m.[39mbody[33m.[39mtotal)[33m.[39mtoBe([35m1[39m)[33m;[39m
     [90m     |[39m                                 [31m[1m^[22m[39m
     [90m 530 |[39m     expect(response[33m.[39mbody[33m.[39mrows[[35m0[39m][33m.[39mphone)[33m.[39mtoBe([32m"1234567890"[39m)[33m;[39m
     [90m 531 |[39m   })[33m;[39m
     [90m 532 |[39m[0m

      at Object.toBe (tests/admin.test.js:529:33)

  ΓùÅ GET /api/admin/sellers - Seller Management ΓÇ║ should list all sellers with pagination

    expect(received).toBe(expected) // Object.is equality

    Expected: 3
    Received: 4

    [0m [90m 575 |[39m       [33m.[39mexpect([35m200[39m)[33m;[39m
     [90m 576 |[39m
    [31m[1m>[22m[39m[90m 577 |[39m     expect(response[33m.[39mbody[33m.[39mtotal)[33m.[39mtoBe([35m3[39m)[33m;[39m
     [90m     |[39m                                 [31m[1m^[22m[39m
     [90m 578 |[39m     expect(response[33m.[39mbody[33m.[39mrows)[33m.[39mtoHaveLength([35m3[39m)[33m;[39m
     [90m 579 |[39m     expect(response[33m.[39mbody[33m.[39mrows[[35m0[39m])[33m.[39mtoHaveProperty([32m"business_name"[39m)[33m;[39m
     [90m 580 |[39m     expect(response[33m.[39mbody[33m.[39mrows[[35m0[39m])[33m.[39mtoHaveProperty([32m"email"[39m)[33m;[39m[0m

      at Object.toBe (tests/admin.test.js:577:33)

  ΓùÅ GET /api/admin/sellers - Seller Management ΓÇ║ should search sellers by business name

    expect(received).toBe(expected) // Object.is equality

    Expected: 1
    Received: 2

    [0m [90m 611 |[39m       [33m.[39mexpect([35m200[39m)[33m;[39m
     [90m 612 |[39m
    [31m[1m>[22m[39m[90m 613 |[39m     expect(response[33m.[39mbody[33m.[39mtotal)[33m.[39mtoBe([35m1[39m)[33m;[39m
     [90m     |[39m                                 [31m[1m^[22m[39m
     [90m 614 |[39m     expect(response[33m.[39mbody[33m.[39mrows[[35m0[39m][33m.[39mbusiness_name)[33m.[39mtoBe([32m"Test Store"[39m)[33m;[39m
     [90m 615 |[39m   })[33m;[39m
     [90m 616 |[39m[0m

      at Object.toBe (tests/admin.test.js:613:33)

  ΓùÅ GET /api/admin/sellers/:sellerId - Seller Details ΓÇ║ should get seller details by ID

    expected 200 "OK", got 404 "Not Found"

    [0m [90m 700 |[39m       [33m.[39m[36mget[39m([32m`/api/admin/sellers/${sellerId}`[39m)
     [90m 701 |[39m       [33m.[39m[36mset[39m([32m"Authorization"[39m[33m,[39m [32m`Bearer ${adminToken}`[39m)
    [31m[1m>[22m[39m[90m 702 |[39m       [33m.[39mexpect([35m200[39m)[33m;[39m
     [90m     |[39m        [31m[1m^[22m[39m
     [90m 703 |[39m
     [90m 704 |[39m     expect(response[33m.[39mbody[33m.[39mseller[33m.[39mbusiness_name)[33m.[39mtoBe([32m"Detail Test Store"[39m)[33m;[39m
     [90m 705 |[39m     expect(response[33m.[39mbody[33m.[39mseller[33m.[39memail)[33m.[39mtoBe([32m"detail@example.com"[39m)[33m;[39m[0m

      at Object.expect (tests/admin.test.js:702:8)
      ----
      at Test._assertStatus (../node_modules/supertest/lib/test.js:309:14)
      at ../node_modules/supertest/lib/test.js:365:13
      at Test._assertFunction (../node_modules/supertest/lib/test.js:342:13)
      at Test.assert (../node_modules/supertest/lib/test.js:195:23)
      at localAssert (../node_modules/supertest/lib/test.js:138:14)
      at Server.<anonymous> (../node_modules/supertest/lib/test.js:152:11)

  ΓùÅ GET /api/admin/delivery-agents - Delivery Agent Management ΓÇ║ should list all delivery agents with pagination

    expect(received).toHaveLength(expected)

    Expected length: 3
    Received length: 0
    Received array:  []

    [0m [90m 777 |[39m       [33m.[39mexpect([35m200[39m)[33m;[39m
     [90m 778 |[39m
    [31m[1m>[22m[39m[90m 779 |[39m     expect(response[33m.[39mbody[33m.[39magents)[33m.[39mtoHaveLength([35m3[39m)[33m;[39m
     [90m     |[39m                                  [31m[1m^[22m[39m
     [90m 780 |[39m     expect(response[33m.[39mbody[33m.[39mpagination[33m.[39mtotal)[33m.[39mtoBe([35m3[39m)[33m;[39m
     [90m 781 |[39m     expect(response[33m.[39mbody[33m.[39magents[[35m0[39m])[33m.[39mtoHaveProperty([32m"name"[39m)[33m;[39m
     [90m 782 |[39m     expect(response[33m.[39mbody[33m.[39magents[[35m0[39m])[33m.[39mtoHaveProperty([32m"email"[39m)[33m;[39m[0m

      at Object.toHaveLength (tests/admin.test.js:779:34)

  ΓùÅ PATCH /api/admin/delivery-agents/:id/approve - Agent Approval ΓÇ║ should approve a pending delivery agent

    expected 200 "OK", got 404 "Not Found"

    [0m [90m 885 |[39m       [33m.[39mpatch([32m`/api/admin/delivery-agents/${pendingAgentId}/approve`[39m)
     [90m 886 |[39m       [33m.[39m[36mset[39m([32m"Authorization"[39m[33m,[39m [32m`Bearer ${adminToken}`[39m)
    [31m[1m>[22m[39m[90m 887 |[39m       [33m.[39mexpect([35m200[39m)[33m;[39m
     [90m     |[39m        [31m[1m^[22m[39m
     [90m 888 |[39m
     [90m 889 |[39m     expect(response[33m.[39mbody[33m.[39mmessage)[33m.[39mtoBe([32m"Delivery agent approved successfully"[39m)[33m;[39m
     [90m 890 |[39m     expect(response[33m.[39mbody[33m.[39magent[33m.[39mapproved)[33m.[39mtoBe([36mtrue[39m)[33m;[39m[0m

      at Object.expect (tests/admin.test.js:887:8)
      ----
      at Test._assertStatus (../node_modules/supertest/lib/test.js:309:14)
      at ../node_modules/supertest/lib/test.js:365:13
      at Test._assertFunction (../node_modules/supertest/lib/test.js:342:13)
      at Test.assert (../node_modules/supertest/lib/test.js:195:23)
      at localAssert (../node_modules/supertest/lib/test.js:138:14)
      at Server.<anonymous> (../node_modules/supertest/lib/test.js:152:11)

  ΓùÅ PUT /api/admin/settings - Update Platform Settings ΓÇ║ should update boolean settings

    MongoServerError: E11000 duplicate key error collection: grocery_db_test.admins index: email_1 dup key: { email: "test.admin@example.com" }

      at InsertOneOperation.execute (node_modules/mongoose/node_modules/mongodb/src/operations/insert.ts:88:13)
      at tryOperation (node_modules/mongoose/node_modules/mongodb/src/operations/execute_operation.ts:283:14)
      at executeOperation (node_modules/mongoose/node_modules/mongodb/src/operations/execute_operation.ts:115:12)
      at Collection.insertOne (node_modules/mongoose/node_modules/mongodb/src/collection.ts:286:12)

  ΓùÅ POST /api/admin/coupons - Create Coupon ΓÇ║ should create a new coupon

    MongoServerError: E11000 duplicate key error collection: grocery_db_test.admins index: email_1 dup key: { email: "test.admin@example.com" }

      at InsertOneOperation.execute (node_modules/mongoose/node_modules/mongodb/src/operations/insert.ts:88:13)
      at tryOperation (node_modules/mongoose/node_modules/mongodb/src/operations/execute_operation.ts:283:14)
      at executeOperation (node_modules/mongoose/node_modules/mongodb/src/operations/execute_operation.ts:115:12)
      at Collection.insertOne (node_modules/mongoose/node_modules/mongodb/src/collection.ts:286:12)

  ΓùÅ POST /api/admin/coupons - Create Coupon ΓÇ║ should reject duplicate coupon codes

    expected 400 "Bad Request", got 201 "Created"

    [0m [90m 1252 |[39m         percent[33m:[39m [35m15[39m[33m,[39m
     [90m 1253 |[39m       })
    [31m[1m>[22m[39m[90m 1254 |[39m       [33m.[39mexpect([35m400[39m)[33m;[39m
     [90m      |[39m        [31m[1m^[22m[39m
     [90m 1255 |[39m
     [90m 1256 |[39m     expect(response[33m.[39mbody[33m.[39msuccess)[33m.[39mtoBe([36mfalse[39m)[33m;[39m
     [90m 1257 |[39m     expect(response[33m.[39mbody[33m.[39mmessage)[33m.[39mtoBe([32m"Coupon code already exists"[39m)[33m;[39m[0m

      at Object.expect (tests/admin.test.js:1254:8)
      ----
      at Test._assertStatus (../node_modules/supertest/lib/test.js:309:14)
      at ../node_modules/supertest/lib/test.js:365:13
      at Test._assertFunction (../node_modules/supertest/lib/test.js:342:13)
      at Test.assert (../node_modules/supertest/lib/test.js:195:23)
      at localAssert (../node_modules/supertest/lib/test.js:138:14)
      at Server.<anonymous> (../node_modules/supertest/lib/test.js:152:11)

  ΓùÅ PUT /api/admin/coupons/:code - Update Coupon ΓÇ║ should update coupon fields

    MongoServerError: E11000 duplicate key error collection: grocery_db_test.admins index: email_1 dup key: { email: "test.admin@example.com" }

      at InsertOneOperation.execute (node_modules/mongoose/node_modules/mongodb/src/operations/insert.ts:88:13)
      at tryOperation (node_modules/mongoose/node_modules/mongodb/src/operations/execute_operation.ts:283:14)
      at executeOperation (node_modules/mongoose/node_modules/mongodb/src/operations/execute_operation.ts:115:12)
      at Collection.insertOne (node_modules/mongoose/node_modules/mongodb/src/collection.ts:286:12)

  ΓùÅ DELETE /api/admin/coupons/:code - Delete Coupon ΓÇ║ should require admin authentication

    MongoServerError: E11000 duplicate key error collection: grocery_db_test.admins index: email_1 dup key: { email: "test.admin@example.com" }

      at InsertOneOperation.execute (node_modules/mongoose/node_modules/mongodb/src/operations/insert.ts:88:13)
      at tryOperation (node_modules/mongoose/node_modules/mongodb/src/operations/execute_operation.ts:283:14)
      at executeOperation (node_modules/mongoose/node_modules/mongodb/src/operations/execute_operation.ts:115:12)
      at Collection.insertOne (node_modules/mongoose/node_modules/mongodb/src/collection.ts:286:12)

  ΓùÅ GET /api/admin/metrics - Platform Metrics ΓÇ║ should calculate sales and discounts correctly

    MongoServerError: E11000 duplicate key error collection: grocery_db_test.admins index: email_1 dup key: { email: "test.admin@example.com" }

      at InsertOneOperation.execute (node_modules/mongoose/node_modules/mongodb/src/operations/insert.ts:88:13)
      at tryOperation (node_modules/mongoose/node_modules/mongodb/src/operations/execute_operation.ts:283:14)
      at executeOperation (node_modules/mongoose/node_modules/mongodb/src/operations/execute_operation.ts:115:12)
      at Collection.insertOne (node_modules/mongoose/node_modules/mongodb/src/collection.ts:286:12)

  ΓùÅ GET /api/admin/orders - Order Listing ΓÇ║ should filter by amount range

    MongoServerError: Cannot create collection grocery_db_test.sellers - database is in the process of being dropped.

      at InsertOneOperation.execute (node_modules/mongoose/node_modules/mongodb/src/operations/insert.ts:88:13)
      at tryOperation (node_modules/mongoose/node_modules/mongodb/src/operations/execute_operation.ts:283:14)
      at executeOperation (node_modules/mongoose/node_modules/mongodb/src/operations/execute_operation.ts:115:12)
      at Collection.insertOne (node_modules/mongoose/node_modules/mongodb/src/collection.ts:286:12)

  ΓùÅ PATCH /api/admin/orders/:id/payment - Update Payment Status ΓÇ║ should update payment status

    expected 200 "OK", got 404 "Not Found"

    [0m [90m 1758 |[39m       [33m.[39m[36mset[39m([32m"Authorization"[39m[33m,[39m [32m`Bearer ${adminToken}`[39m)
     [90m 1759 |[39m       [33m.[39msend({ status[33m:[39m [32m"paid"[39m })
    [31m[1m>[22m[39m[90m 1760 |[39m       [33m.[39mexpect([35m200[39m)[33m;[39m
     [90m      |[39m        [31m[1m^[22m[39m
     [90m 1761 |[39m
     [90m 1762 |[39m     expect(response[33m.[39mbody[33m.[39mpayment[33m.[39mstatus)[33m.[39mtoBe([32m"paid"[39m)[33m;[39m
     [90m 1763 |[39m   })[33m;[39m[0m

      at Object.expect (tests/admin.test.js:1760:8)
      ----
      at Test._assertStatus (../node_modules/supertest/lib/test.js:309:14)
      at ../node_modules/supertest/lib/test.js:365:13
      at Test._assertFunction (../node_modules/supertest/lib/test.js:342:13)
      at Test.assert (../node_modules/supertest/lib/test.js:195:23)
      at localAssert (../node_modules/supertest/lib/test.js:138:14)
      at Server.<anonymous> (../node_modules/supertest/lib/test.js:152:11)

  ΓùÅ GET /api/admin/product-categories - Product Categories ΓÇ║ should return distinct product categories

    expect(received).toBeGreaterThan(expected)

    Expected: > 0
    Received:   0

    [0m [90m 1958 |[39m     expect(response[33m.[39mbody)[33m.[39mtoHaveProperty([32m"categories"[39m)[33m;[39m
     [90m 1959 |[39m     expect([33mArray[39m[33m.[39misArray(response[33m.[39mbody[33m.[39mcategories))[33m.[39mtoBe([36mtrue[39m)[33m;[39m
    [31m[1m>[22m[39m[90m 1960 |[39m     expect(response[33m.[39mbody[33m.[39mcategories[33m.[39mlength)[33m.[39mtoBeGreaterThan([35m0[39m)[33m;[39m
     [90m      |[39m                                             [31m[1m^[22m[39m
     [90m 1961 |[39m   })[33m;[39m
     [90m 1962 |[39m
     [90m 1963 |[39m   test([32m"should return sorted categories"[39m[33m,[39m [36masync[39m () [33m=>[39m {[0m

      at Object.toBeGreaterThan (tests/admin.test.js:1960:45)

  ΓùÅ PATCH /api/admin/products/:id - Patch Product ΓÇ║ should partially update product

    expected 200 "OK", got 404 "Not Found"

    [0m [90m 2194 |[39m       [33m.[39m[36mset[39m([32m"Authorization"[39m[33m,[39m [32m`Bearer ${adminToken}`[39m)
     [90m 2195 |[39m       [33m.[39msend({ price[33m:[39m [35m249[39m })
    [31m[1m>[22m[39m[90m 2196 |[39m       [33m.[39mexpect([35m200[39m)[33m;[39m
     [90m      |[39m        [31m[1m^[22m[39m
     [90m 2197 |[39m
     [90m 2198 |[39m     expect(response[33m.[39mbody[33m.[39mprice)[33m.[39mtoBe([35m249[39m)[33m;[39m
     [90m 2199 |[39m     expect(response[33m.[39mbody[33m.[39mname)[33m.[39mtoBe([32m"Patch Test Product"[39m)[33m;[39m [90m// Unchanged[39m[0m

      at Object.expect (tests/admin.test.js:2196:8)
      ----
      at Test._assertStatus (../node_modules/supertest/lib/test.js:309:14)
      at ../node_modules/supertest/lib/test.js:365:13
      at Test._assertFunction (../node_modules/supertest/lib/test.js:342:13)
      at Test.assert (../node_modules/supertest/lib/test.js:195:23)
      at localAssert (../node_modules/supertest/lib/test.js:138:14)
      at Server.<anonymous> (../node_modules/supertest/lib/test.js:152:11)

  ΓùÅ PATCH /api/admin/sellers/:sellerId - Update Seller Location ΓÇ║ should update both address and location

    expected 200 "OK", got 404 "Not Found"

    [0m [90m 2456 |[39m         lng[33m:[39m [35m72.8777[39m[33m,[39m
     [90m 2457 |[39m       })
    [31m[1m>[22m[39m[90m 2458 |[39m       [33m.[39mexpect([35m200[39m)[33m;[39m
     [90m      |[39m        [31m[1m^[22m[39m
     [90m 2459 |[39m
     [90m 2460 |[39m     expect(response[33m.[39mbody[33m.[39mok)[33m.[39mtoBe([36mtrue[39m)[33m;[39m
     [90m 2461 |[39m     expect(response[33m.[39mbody[33m.[39mseller[33m.[39maddress)[33m.[39mtoBe([32m"789 Complete Street"[39m)[33m;[39m[0m

      at Object.expect (tests/admin.test.js:2458:8)
      ----
      at Test._assertStatus (../node_modules/supertest/lib/test.js:309:14)
      at ../node_modules/supertest/lib/test.js:365:13
      at Test._assertFunction (../node_modules/supertest/lib/test.js:342:13)
      at Test.assert (../node_modules/supertest/lib/test.js:195:23)
      at localAssert (../node_modules/supertest/lib/test.js:138:14)
      at Server.<anonymous> (../node_modules/supertest/lib/test.js:152:11)

  ΓùÅ GET /api/admin/sellers/:sellerId/test-pickup - Test Pickup Address ΓÇ║ should use address as primary source

    expected 200 "OK", got 404 "Not Found"

    [0m [90m 2525 |[39m       [33m.[39m[36mget[39m([32m`/api/admin/sellers/${testSeller._id}/test-pickup`[39m)
     [90m 2526 |[39m       [33m.[39m[36mset[39m([32m"Authorization"[39m[33m,[39m [32m`Bearer ${adminToken}`[39m)
    [31m[1m>[22m[39m[90m 2527 |[39m       [33m.[39mexpect([35m200[39m)[33m;[39m
     [90m      |[39m        [31m[1m^[22m[39m
     [90m 2528 |[39m
     [90m 2529 |[39m     expect(response[33m.[39mbody[33m.[39mpickup_address)[33m.[39mtoBe([32m"123 Pickup Street"[39m)[33m;[39m
     [90m 2530 |[39m     expect(response[33m.[39mbody[33m.[39msource)[33m.[39mtoBe([32m"address"[39m)[33m;[39m[0m

      at Object.expect (tests/admin.test.js:2527:8)
      ----
      at Test._assertStatus (../node_modules/supertest/lib/test.js:309:14)
      at ../node_modules/supertest/lib/test.js:365:13
      at Test._assertFunction (../node_modules/supertest/lib/test.js:342:13)
      at Test.assert (../node_modules/supertest/lib/test.js:195:23)
      at localAssert (../node_modules/supertest/lib/test.js:138:14)
      at Server.<anonymous> (../node_modules/supertest/lib/test.js:152:11)

  ΓùÅ PHASE 7: Fraud Detection System ΓÇ║ should detect high refund rate (>40% of orders refunded)

    expect(received).toBeGreaterThanOrEqual(expected)

    Expected: >= 1
    Received:    0

    [0m [90m 2936 |[39m       [33m.[39mexpect([35m200[39m)[33m;[39m
     [90m 2937 |[39m
    [31m[1m>[22m[39m[90m 2938 |[39m     expect(response[33m.[39mbody[33m.[39mtotalSignals)[33m.[39mtoBeGreaterThanOrEqual([35m1[39m)[33m;[39m
     [90m      |[39m                                        [31m[1m^[22m[39m
     [90m 2939 |[39m     [36mconst[39m refundSignal [33m=[39m response[33m.[39mbody[33m.[39msignals[33m.[39mfind(
     [90m 2940 |[39m       (s) [33m=>[39m s[33m.[39mtype [33m===[39m [32m"high_refund_rate"[39m
     [90m 2941 |[39m     )[33m;[39m[0m

      at Object.toBeGreaterThanOrEqual (tests/admin.test.js:2938:40)

  ΓùÅ PHASE 7: Automated Alerts Evaluation ΓÇ║ should require admin authentication

    MongoServerError: Cannot create collection grocery_db_test.admins - database is in the process of being dropped.

      at InsertOneOperation.execute (node_modules/mongoose/node_modules/mongodb/src/operations/insert.ts:88:13)
      at tryOperation (node_modules/mongoose/node_modules/mongodb/src/operations/execute_operation.ts:283:14)
      at executeOperation (node_modules/mongoose/node_modules/mongodb/src/operations/execute_operation.ts:115:12)
      at Collection.insertOne (node_modules/mongoose/node_modules/mongodb/src/collection.ts:286:12)


Test Suites: 16 failed, 8 passed, 24 total
Tests:       164 failed, 9 skipped, 790 passed, 963 total
Snapshots:   0 total
Time:        184.358 s
Ran all test suites.
Force exiting Jest: Have you considered using `--detectOpenHandles` to detect async operations that kept running after all tests finished?
