
> backend@1.0.0 test
> jest --coverage --verbose phase27_1_delivery_coverage.test.js --verbose

  console.log
    [dotenv@17.2.2] injecting env (18) from .env -- tip: ΓÜÖ∩╕Å  enable debug logging with { debug: true }

      at console.originalLog [as log] (tests/setup.js:221:5)

  console.log
    [dotenv@17.2.2] injecting env (0) from .env -- tip: ≡ƒöÉ prevent building .env in docker: https://dotenvx.com/prebuild

      at console.originalLog [as log] (tests/setup.js:221:5)

  console.log
    Γ£à Connected to MongoDB Atlas test database

      at console.originalLog [as log] (tests/setup.js:221:5)

  console.log
    Γ£à Test database dropped

      at console.originalLog [as log] (tests/setup.js:221:5)

  console.log
    Γ£à Test database connection closed

      at console.originalLog [as log] (tests/setup.js:221:5)

npm : FAIL tests/phase27_1_delivery_coverage.test.js (8.524 s)
At line:1 char:1
+ npm test -- phase27_1_delivery_coverage.test.js --verbose 2>&1 | Out- ...
+ ~~~~~~~~~~~~~~~~~~~~~~~~~~~~~~~~~~~~~~~~~~~~~~~~~~~~~~~~~~~~~~
    + CategoryInfo          : NotSpecified: (FAIL tests/phas...st.js (8.524 s):String) [], RemoteException
    + FullyQualifiedErrorId : NativeCommandError
 
  Phase 27.1: Delivery Coverage Improvement
    Priority 1: Commission Calculation Edge Cases
      ├ù Line 75: should use 80% fallback when PlatformSettings.findOne() throws error (367 ms)
      ├ù Lines 64-67: should handle admin_pays_agent with admin_agent_payment (745 ms)
    Priority 2: _effectiveDeliveryCharge Fallback (Line 116)
      ├ù Line 116: should return 0 when PlatformSettings throws error (262 ms)
    Priority 3: Geocoding Fallback Chains
      ΓêÜ Lines 396-399: should handle geocoding error in pending-orders (seller fallback) (269 ms)
      ΓêÜ Lines 485-486: should handle outer catch block in pending-orders (80 ms)
    Priority 4: Seller Fallback Logic
      ΓêÜ Lines 527-528: should fallback to product seller_id when order.seller_id missing (offers) (405 ms)
      ΓêÜ Lines 539-542: should handle seller with no location/place_id/address (offers) (489 ms)
    Priority 5: Client Geocoding Edge Cases
      ΓêÜ Lines 564-565: should handle client with no location/place_id (offers) (261 ms)
      ΓêÜ Lines 573-577: should fallback to coordinate strings when ENABLED=false (offers) (299 ms)
    Priority 6: Admin Auth Error Handlers
      ΓêÜ Line 34: should return 403 when decoded role is not admin (123 ms)
      ΓêÜ Line 40: should return 401 when JWT token is invalid (119 ms)
    Priority 7: Additional Edge Cases
      ΓêÜ Line 128: should handle invalid agentId format gracefully in pending-orders (77 ms)
      ├ù Lines 64-67: should return 0 when admin_pays_agent=true but admin_agent_payment=0 (265 ms)

  ΓùÅ Phase 27.1: Delivery Coverage Improvement ΓÇ║ Priority 1: Commission Calculation Edge Cases ΓÇ║ Line 75: should use 80% fallback when PlatformSettings.findOne() throws error

    expect(received).toBe(expected) // Object.is equality

    Expected: 200
    Received: 500

    [0m [90m 239 |[39m         [33m.[39msend({ orderId[33m:[39m order[33m.[39m_id[33m.[39mtoString()[33m,[39m agentId[33m:[39m agent1[33m.[39m_id[33m.[39mtoString() })[33m;[39m
     [90m 240 |[39m
    [31m[1m>[22m[39m[90m 241 |[39m       expect(response[33m.[39mstatus)[33m.[39mtoBe([35m200[39m)[33m;[39m
     [90m     |[39m                               [31m[1m^[22m[39m
     [90m 242 |[39m
     [90m 243 |[39m       [90m// Verify order was accepted and earning calculated[39m
     [90m 244 |[39m       [36mconst[39m updatedOrder [33m=[39m [36mawait[39m [33mOrder[39m[33m.[39mfindById(order[33m.[39m_id)[33m;[39m[0m

      at Object.toBe (tests/phase27_1_delivery_coverage.test.js:241:31)

  ΓùÅ Phase 27.1: Delivery Coverage Improvement ΓÇ║ Priority 1: Commission Calculation Edge Cases ΓÇ║ Lines 64-67: should handle admin_pays_agent with admin_agent_payment

    TypeError: Cannot read properties of null (reading 'delivery')

    [0m [90m 273 |[39m
     [90m 274 |[39m       [36mconst[39m updatedOrder [33m=[39m [36mawait[39m [33mOrder[39m[33m.[39mfindById(order[33m.[39m_id)[33m;[39m
    [31m[1m>[22m[39m[90m 275 |[39m       expect(updatedOrder[33m.[39mdelivery[33m.[39magent_earning)[33m.[39mtoBe([35m150[39m)[33m;[39m [90m// Admin payment used[39m
     [90m     |[39m                           [31m[1m^[22m[39m
     [90m 276 |[39m     })[33m;[39m
     [90m 277 |[39m   })[33m;[39m
     [90m 278 |[39m[0m

      at Object.delivery (tests/phase27_1_delivery_coverage.test.js:275:27)

  ΓùÅ Phase 27.1: Delivery Coverage Improvement ΓÇ║ Priority 2: _effectiveDeliveryCharge Fallback (Line 116) ΓÇ║ Line 116: should return 0 when PlatformSettings throws error

    expect(received).toBe(expected) // Object.is equality

    Expected: 200
    Received: 500

    [0m [90m 304 |[39m         [33m.[39msend({ orderId[33m:[39m order[33m.[39m_id[33m.[39mtoString()[33m,[39m agentId[33m:[39m agent1[33m.[39m_id[33m.[39mtoString() })[33m;[39m
     [90m 305 |[39m
    [31m[1m>[22m[39m[90m 306 |[39m       expect(response[33m.[39mstatus)[33m.[39mtoBe([35m200[39m)[33m;[39m
     [90m     |[39m                               [31m[1m^[22m[39m
     [90m 307 |[39m
     [90m 308 |[39m       [90m// Should still accept successfully, effective delivery charge defaults to 0[39m
     [90m 309 |[39m       [36mconst[39m updatedOrder [33m=[39m [36mawait[39m [33mOrder[39m[33m.[39mfindById(order[33m.[39m_id)[33m;[39m[0m

      at Object.toBe (tests/phase27_1_delivery_coverage.test.js:306:31)

  ΓùÅ Phase 27.1: Delivery Coverage Improvement ΓÇ║ Priority 7: Additional Edge Cases ΓÇ║ Lines 64-67: should return 0 when admin_pays_agent=true but admin_agent_payment=0

    expect(received).toBe(expected) // Object.is equality

    Expected: 200
    Received: 500

    [0m [90m 567 |[39m         [33m.[39msend({ orderId[33m:[39m order[33m.[39m_id[33m.[39mtoString()[33m,[39m agentId[33m:[39m agent1[33m.[39m_id[33m.[39mtoString() })[33m;[39m
     [90m 568 |[39m
    [31m[1m>[22m[39m[90m 569 |[39m       expect(response[33m.[39mstatus)[33m.[39mtoBe([35m200[39m)[33m;[39m
     [90m     |[39m                               [31m[1m^[22m[39m
     [90m 570 |[39m
     [90m 571 |[39m       [36mconst[39m updatedOrder [33m=[39m [36mawait[39m [33mOrder[39m[33m.[39mfindById(order[33m.[39m_id)[33m;[39m
     [90m 572 |[39m       [90m// Should fallback to standard calculation (0 * 0.75 = 0)[39m[0m

      at Object.toBe (tests/phase27_1_delivery_coverage.test.js:569:31)

-------------------------|---------|----------|---------|---------|-------------------------------------------------------------------------------------------------------------------------------------------------------------------------------------------------------------------------------------------------------------------------------------------------------------------------------------------------------------------------------------------------------------------------------------------------------------------------------------------------------------------------------------------------------------------------------------------------------------------------------------------------------------------------------------------------------------------------
File                     | % Stmts | % Branch | % Funcs | % Lines | Uncovered Line #s                                                                                                                                                                                                                                                                                                                                                                                                                                                                                                                                                                                                                                                                                                       
-------------------------|---------|----------|---------|---------|-------------------------------------------------------------------------------------------------------------------------------------------------------------------------------------------------------------------------------------------------------------------------------------------------------------------------------------------------------------------------------------------------------------------------------------------------------------------------------------------------------------------------------------------------------------------------------------------------------------------------------------------------------------------------------------------------------------------------
All files                |   11.62 |     6.82 |    5.81 |   12.12 |                                                                                                                                                                                                                                                                                                                                                                                                                                                                                                                                                                                                                                                                                                                         
 controllers             |   10.51 |    13.43 |   10.63 |   11.18 |                                                                                                                                                                                                                                                                                                                                                                                                                                                                                                                                                                                                                                                                                                                         
  clientsController.js   |    2.24 |        0 |       0 |    2.43 | 6-221                                                                                                                                                                                                                                                                                                                                                                                                                                                                                                                                                                                                                                                                                                                   
  ordersController.js    |   11.78 |    15.17 |   11.62 |    12.5 | 21-153,184,246-248,257-262,297,329-365,377,384-425,464-1329,1344-1345                                                                                                                                                                                                                                                                                                                                                                                                                                                                                                                                                                                                                                                   
 middleware              |   13.46 |     2.78 |   14.81 |   13.72 |                                                                                                                                                                                                                                                                                                                                                                                                                                                                                                                                                                                                                                                                                                                         
  cache.js               |   28.35 |    10.71 |   33.33 |   28.35 | 18-22,29-34,47-48,55-65,83-168                                                                                                                                                                                                                                                                                                                                                                                                                                                                                                                                                                                                                                                                                          
  cdn.js                 |    5.35 |     9.75 |    7.14 |    5.45 | 29-193                                                                                                                                                                                                                                                                                                                                                                                                                                                                                                                                                                                                                                                                                                                  
  couponValidation.js    |       0 |        0 |       0 |       0 | 1-214                                                                                                                                                                                                                                                                                                                                                                                                                                                                                                                                                                                                                                                                                                                   
  imageOptimization.js   |    7.04 |        0 |       0 |    7.04 | 30-230                                                                                                                                                                                                                                                                                                                                                                                                                                                                                                                                                                                                                                                                                                                  
  pagination.js          |   16.66 |        0 |      25 |   16.66 | 24-82                                                                                                                                                                                                                                                                                                                                                                                                                                                                                                                                                                                                                                                                                                                   
  validation.js          |   34.78 |        0 |   16.66 |    37.2 | 10-27,208-243,248-257                                                                                                                                                                                                                                                                                                                                                                                                                                                                                                                                                                                                                                                                                                   
  verifyFirebaseToken.js |    7.31 |        0 |       0 |    7.31 | 16-132                                                                                                                                                                                                                                                                                                                                                                                                                                                                                                                                                                                                                                                                                                                  
 routes                  |    10.3 |      3.8 |    2.24 |   10.78 |                                                                                                                                                                                                                                                                                                                                                                                                                                                                                                                                                                                                                                                                                                                         
  admin.js               |    6.08 |     0.09 |       0 |    6.43 | 12-16,60-78,119-167,173-309,315-422,428-486,492-573,578-593,598-611,617-715,721-768,773-786,793-803,878-941,950-951,1007-1084,1089-1100,1106-1125,1130-1228,1233-1253,1259-1268,1274-1358,1379-1387,1396-1465,1474-1475,1484-1497,1506-1584,1588-1776,1785-1892,1902-2022,2030-2041,2046-2051,2056-2077,2082-2114,2119-2139,2145-2171,2177-2282,2288-2386,2391,2394,2403-2431,2441-2514,2524-2587,2597-2630,2640-2682,2693-2718,2723-2731,2736-2756,2761-2784,2789-2850,2855-2875,2881-2896,2900-2914,2918-2931,2937-2952,2956-2964,2968-2981,2988-3077,3084-3149,3156-3171,3177-3192,3200-3225,3230-3252,3257-3269,3275-3288,3294-3353,3358-3380,3386-3421,3431-3473,3479-3513,3519-3549,3554-3569,3575-3594,3600-3613 
  auth.js                |     7.5 |        0 |       0 |    8.26 | 21-25,34-60,67-130,140-159,166-196,202-227,234-283,289-348,359-397,405-439,445-451,458-493,500-574                                                                                                                                                                                                                                                                                                                                                                                                                                                                                                                                                                                                                      
  cart.js                |   25.92 |        0 |       0 |   26.92 | 8-15,21-45                                                                                                                                                                                                                                                                                                                                                                                                                                                                                                                                                                                                                                                                                                              
  clients.js             |   24.32 |        0 |       0 |   29.03 | 15-26,32-61                                                                                                                                                                                                                                                                                                                                                                                                                                                                                                                                                                                                                                                                                                             
  delivery.js            |   16.46 |    11.42 |   10.81 |   16.88 | 27,37-38,46-56,65-66,75,86-116,183-186,191-193,207-208,228-229,237-241,321,375-378,383-385,398-399,417-418,426-430,485-486,492-783,787-921,932,943,955,972,982,1074-1234,1240-1420,1426-1581,1587-1636,1642-1674,1680-1722,1728-1772,1778-1991,1997-2027,2034-2097,2104-2213,2221-2419,2425-2474,2480-2506,2513-2699,2709-2987                                                                                                                                                                                                                                                                                                                                                                                          
  orders.js              |    12.5 |        0 |       0 |   13.22 | 30-132,147-165,170-266                                                                                                                                                                                                                                                                                                                                                                                                                                                                                                                                                                                                                                                                                                  
  products.js            |    5.91 |        0 |       0 |    6.15 | 12-60,67-94,101-124,132-169,182-424                                                                                                                                                                                                                                                                                                                                                                                                                                                                                                                                                                                                                                                                                     
  restaurant_manage.js   |   22.58 |        0 |       0 |   25.92 | 9-14,19-25,31-57                                                                                                                                                                                                                                                                                                                                                                                                                                                                                                                                                                                                                                                                                                        
  restaurants.js         |   13.46 |        0 |       0 |   15.21 | 12-100                                                                                                                                                                                                                                                                                                                                                                                                                                                                                                                                                                                                                                                                                                                  
  reviews.js             |   13.18 |        0 |       0 |   13.63 | 17-80,92-151,163-187,199-241,253-287,299-320                                                                                                                                                                                                                                                                                                                                                                                                                                                                                                                                                                                                                                                                            
  seller.js              |    6.36 |        0 |       0 |    6.64 | 23-33,38-64,69-94,100-115,121-136,142-169,175-180,186-249,254-304,310-369,375-385,392-600,606-673,689-818,827-846,852-871,878-984,990-1017,1032-1422,1439-1546,1559-1609,1618-1646,1661-1719,1734-1835,1850-1890,1900-1937,1947-2007,2021-2111                                                                                                                                                                                                                                                                                                                                                                                                                                                                          
  tokens.js              |   21.73 |        0 |       0 |   21.73 | 8-39                                                                                                                                                                                                                                                                                                                                                                                                                                                                                                                                                                                                                                                                                                                    
  uploads.js             |   21.05 |    14.28 |       0 |   22.22 | 17-77,83-97                                                                                                                                                                                                                                                                                                                                                                                                                                                                                                                                                                                                                                                                                                             
  users.js               |   14.43 |        0 |       0 |   14.58 | 7-12,17-25,31-48,54-79,85-99,105-114,120-133,139-159,165-193,202-218                                                                                                                                                                                                                                                                                                                                                                                                                                                                                                                                                                                                                                                    
  wishlist.js            |   17.74 |        0 |       0 |   18.03 | 15-63,75-109,121-136,148-174,186-202                                                                                                                                                                                                                                                                                                                                                                                                                                                                                                                                                                                                                                                                                    
 services                |   27.29 |    25.27 |   19.51 |    28.7 |                                                                                                                                                                                                                                                                                                                                                                                                                                                                                                                                                                                                                                                                                                                         
  geocode.js             |       0 |        0 |       0 |       0 | 1-73                                                                                                                                                                                                                                                                                                                                                                                                                                                                                                                                                                                                                                                                                                                    
  orderEvents.js         |    9.09 |     6.66 |    7.69 |    8.97 | 8-22,29-135                                                                                                                                                                                                                                                                                                                                                                                                                                                                                                                                                                                                                                                                                                             
  pricing.js             |    2.98 |        0 |       0 |    3.22 | 7-142                                                                                                                                                                                                                                                                                                                                                                                                                                                                                                                                                                                                                                                                                                                   
  push.js                |   56.77 |    38.72 |      70 |      60 | 6-75,86-89,94-96,101,163-170,193,276,290-309,328-331,350-354,371-372                                                                                                                                                                                                                                                                                                                                                                                                                                                                                                                                                                                                                                                    
  upi.js                 |       0 |      100 |       0 |       0 | 3-8                                                                                                                                                                                                                                                                                                                                                                                                                                                                                                                                                                                                                                                                                                                     
-------------------------|---------|----------|---------|---------|-------------------------------------------------------------------------------------------------------------------------------------------------------------------------------------------------------------------------------------------------------------------------------------------------------------------------------------------------------------------------------------------------------------------------------------------------------------------------------------------------------------------------------------------------------------------------------------------------------------------------------------------------------------------------------------------------------------------------
Jest: "global" coverage threshold for statements (15%) not met: 11.62%
Jest: "global" coverage threshold for branches (10%) not met: 6.82%
Jest: "global" coverage threshold for lines (15%) not met: 12.12%
Jest: "global" coverage threshold for functions (10%) not met: 5.81%
Test Suites: 1 failed, 1 total
Tests:       4 failed, 9 passed, 13 total
Snapshots:   0 total
Time:        9.253 s
Ran all test suites matching phase27_1_delivery_coverage.test.js.
Force exiting Jest: Have you considered using `--detectOpenHandles` to detect async operations that kept running after all tests finished?
